--------- beginning of main
11-23 01:14:00.008  1558  1749 I AiAiEcho: Predicting[0]: 
11-23 01:14:00.008  1558  1749 I AiAiEcho: Ranked targets strategy: SORT, count: 0, ranking metadata: 
11-23 01:14:00.008  1558  1749 I AiAiEcho: #postPredictionTargets: Sending updates to UISurface lockscreen with targets# 0
11-23 01:14:00.009  1558  1749 I AiAiEcho: #postPredictionTargets: Sending updates to UISurface home with targets# 0
11-23 01:14:00.009  1558  1749 I AiAiEcho: #postPredictionTargets: Sending updates to UISurface media_data_manager with targets# 0
11-23 01:14:00.010  1097  1097 E BcSmartspaceCard: No tap action can be set up
11-23 01:14:00.053 19272 19296 D EGL_emulation: app_time_stats: avg=60006.55ms min=60006.55ms max=60006.55ms count=1
11-23 01:14:28.404   557   570 D WifiNl80211Manager: Scan result ready event
11-23 01:14:28.404   557   570 D WifiNative: Scan result ready event
--------- beginning of system
11-23 01:14:33.140   557   570 D CoreBackPreview: Window{492b3e9 u0 PopupWindow:34144f4}: Setting back callback OnBackInvokedCallbackInfo{mCallback=android.window.IOnBackInvokedCallback$Stub$Proxy@fb40b0f, mPriority=0}
11-23 01:14:33.147   381   445 D goldfish-address-space: claimShared: Ask to claim region [0x1effb4000 0x1f0000000]
11-23 01:14:33.170   381   445 D goldfish-address-space: claimShared: Ask to claim region [0x1eff40000 0x1eff8c000]
11-23 01:14:33.170   381   445 D goldfish-address-space: claimShared: Ask to claim region [0x1ef718000 0x1ef764000]
11-23 01:14:33.175  2595  2642 W Parcel  : Expecting binder but got null!
11-23 01:14:33.177   557   570 D CoreBackPreview: Window{492b3e9 u0 PopupWindow:34144f4}: Setting back callback null
11-23 01:14:33.179   557   570 W InputManager-JNI: Input channel object '492b3e9 PopupWindow:34144f4 (client)' was disposed without first being removed with the input manager!
11-23 01:14:33.199   557   570 D CoreBackPreview: Window{730492b u0 PopupWindow:63c3e8c}: Setting back callback OnBackInvokedCallbackInfo{mCallback=android.window.IOnBackInvokedCallback$Stub$Proxy@5e3f721, mPriority=0}
11-23 01:14:33.202   381   445 D goldfish-address-space: claimShared: Ask to claim region [0x1eff40000 0x1eff8c000]
11-23 01:14:33.203   381   445 D goldfish-address-space: claimShared: Ask to claim region [0x1ef718000 0x1ef764000]
11-23 01:14:33.203   381   445 D goldfish-address-space: claimShared: Ask to claim region [0x1ef764000 0x1ef7b0000]
11-23 01:14:33.204  2595  2642 W Parcel  : Expecting binder but got null!
11-23 01:14:33.205   557   570 W InputManager-JNI: Input channel object '730492b PopupWindow:63c3e8c (client)' was disposed without first being removed with the input manager!
11-23 01:14:33.209   557  3569 W WindowManager: Failed looking up window session=Session{1d6c47c 2595:u0a10164} callers=com.android.server.wm.WindowManagerService.windowForClientLocked:5972 com.android.server.wm.Session.setOnBackInvokedCallbackInfo:943 android.view.IWindowSession$Stub.onTransact:1180 
11-23 01:14:33.209   557  3569 E WindowManager: setOnBackInvokedCallback(): No window state for package:com.ikost.tazecicek3
11-23 01:14:33.318   557   570 D CoreBackPreview: Window{ae7e45d u0 PopupWindow:839d324}: Setting back callback OnBackInvokedCallbackInfo{mCallback=android.window.IOnBackInvokedCallback$Stub$Proxy@932b2a3, mPriority=0}
11-23 01:14:33.340   381   445 D goldfish-address-space: claimShared: Ask to claim region [0x1effb4000 0x1f0000000]
11-23 01:14:33.340   381   445 D goldfish-address-space: claimShared: Ask to claim region [0x1eff40000 0x1eff8c000]
11-23 01:14:33.341   381   445 D goldfish-address-space: claimShared: Ask to claim region [0x1ef718000 0x1ef764000]
11-23 01:14:33.342  2595  2642 W Parcel  : Expecting binder but got null!
11-23 01:14:33.343   557  3569 W InputManager-JNI: Input channel object 'ae7e45d PopupWindow:839d324 (client)' was disposed without first being removed with the input manager!
11-23 01:14:33.343   557   570 W WindowManager: Failed looking up window session=Session{1d6c47c 2595:u0a10164} callers=com.android.server.wm.WindowManagerService.windowForClientLocked:5972 com.android.server.wm.Session.setOnBackInvokedCallbackInfo:943 android.view.IWindowSession$Stub.onTransact:1180 
11-23 01:14:33.343   557   570 E WindowManager: setOnBackInvokedCallback(): No window state for package:com.ikost.tazecicek3
11-23 01:14:33.416   557   570 D CoreBackPreview: Window{333d5ff u0 PopupWindow:d9262bc}: Setting back callback OnBackInvokedCallbackInfo{mCallback=android.window.IOnBackInvokedCallback$Stub$Proxy@c384215, mPriority=0}
11-23 01:14:33.419   381   445 D goldfish-address-space: claimShared: Ask to claim region [0x1effb4000 0x1f0000000]
11-23 01:14:33.420   381   445 D goldfish-address-space: claimShared: Ask to claim region [0x1eff40000 0x1eff8c000]
11-23 01:14:33.420   381   445 D goldfish-address-space: claimShared: Ask to claim region [0x1ef718000 0x1ef764000]
11-23 01:14:33.421  2595  2642 W Parcel  : Expecting binder but got null!
11-23 01:14:33.422   557   570 D CoreBackPreview: Window{333d5ff u0 PopupWindow:d9262bc}: Setting back callback null
11-23 01:14:33.422   557   570 W InputManager-JNI: Input channel object '333d5ff PopupWindow:d9262bc (client)' was disposed without first being removed with the input manager!
11-23 01:14:33.507   557   570 D CoreBackPreview: Window{167ea91 u0 PopupWindow:14a4d54}: Setting back callback OnBackInvokedCallbackInfo{mCallback=android.window.IOnBackInvokedCallback$Stub$Proxy@c5885f7, mPriority=0}
11-23 01:14:33.518   381   445 D goldfish-address-space: claimShared: Ask to claim region [0x1effb4000 0x1f0000000]
11-23 01:14:33.519   381   445 D goldfish-address-space: claimShared: Ask to claim region [0x1eff40000 0x1eff8c000]
11-23 01:14:33.520   381   445 D goldfish-address-space: claimShared: Ask to claim region [0x1ef718000 0x1ef764000]
11-23 01:14:33.521  2595  2642 W Parcel  : Expecting binder but got null!
11-23 01:14:33.522   557  3569 W InputManager-JNI: Input channel object '167ea91 PopupWindow:14a4d54 (client)' was disposed without first being removed with the input manager!
11-23 01:14:33.523   557   570 W WindowManager: Failed looking up window session=Session{1d6c47c 2595:u0a10164} callers=com.android.server.wm.WindowManagerService.windowForClientLocked:5972 com.android.server.wm.Session.setOnBackInvokedCallbackInfo:943 android.view.IWindowSession$Stub.onTransact:1180 
11-23 01:14:33.523   557   570 E WindowManager: setOnBackInvokedCallback(): No window state for package:com.ikost.tazecicek3
11-23 01:14:33.607   557   570 D CoreBackPreview: Window{8858a93 u0 PopupWindow:e91f2ec}: Setting back callback OnBackInvokedCallbackInfo{mCallback=android.window.IOnBackInvokedCallback$Stub$Proxy@f045ac9, mPriority=0}
11-23 01:14:33.618  2595  2605 W kost.tazecicek3: Cleared Reference was only reachable from finalizer (only reported once)
11-23 01:14:33.625   381   445 D goldfish-address-space: claimShared: Ask to claim region [0x1effb4000 0x1f0000000]
11-23 01:14:33.626   381   445 D goldfish-address-space: claimShared: Ask to claim region [0x1eff40000 0x1eff8c000]
11-23 01:14:33.627   381   445 D goldfish-address-space: claimShared: Ask to claim region [0x1ef718000 0x1ef764000]
11-23 01:14:33.628  2595  2642 W Parcel  : Expecting binder but got null!
11-23 01:14:33.630   557   570 D CoreBackPreview: Window{8858a93 u0 PopupWindow:e91f2ec}: Setting back callback null
11-23 01:14:33.630   557  3569 W InputManager-JNI: Input channel object '8858a93 PopupWindow:e91f2ec (client)' was disposed without first being removed with the input manager!
11-23 01:14:33.712   557  3569 D CoreBackPreview: Window{d6eda85 u0 PopupWindow:877d76d}: Setting back callback OnBackInvokedCallbackInfo{mCallback=android.window.IOnBackInvokedCallback$Stub$Proxy@7f1b90b, mPriority=0}
11-23 01:14:33.718   381   445 D goldfish-address-space: claimShared: Ask to claim region [0x1effb4000 0x1f0000000]
11-23 01:14:33.718   381   445 D goldfish-address-space: claimShared: Ask to claim region [0x1eff40000 0x1eff8c000]
11-23 01:14:33.719   381   445 D goldfish-address-space: claimShared: Ask to claim region [0x1ef718000 0x1ef764000]
11-23 01:14:33.720  2595  2642 W Parcel  : Expecting binder but got null!
11-23 01:14:33.721   557   570 W InputManager-JNI: Input channel object 'd6eda85 PopupWindow:877d76d (client)' was disposed without first being removed with the input manager!
11-23 01:14:33.721   557  3569 W WindowManager: Failed looking up window session=Session{1d6c47c 2595:u0a10164} callers=com.android.server.wm.WindowManagerService.windowForClientLocked:5972 com.android.server.wm.Session.setOnBackInvokedCallbackInfo:943 android.view.IWindowSession$Stub.onTransact:1180 
11-23 01:14:33.721   557  3569 E WindowManager: setOnBackInvokedCallback(): No window state for package:com.ikost.tazecicek3
11-23 01:14:33.798  1692  1867 I Finsky  : [90] AIM: AppInfoManager-Perf > Destroying AppInfoManager ...
11-23 01:14:37.121   557   605 I PackageManager: Integrity check passed for file:///data/app/vmdl644186159.tmp
11-23 01:14:37.135   557   583 I ActivityManager: Force stopping com.ikost.tazecicek3 appid=10164 user=-1: installPackageLI
11-23 01:14:37.140   557   583 I ActivityManager: Killing 2595:com.ikost.tazecicek3/u0a164 (adj 0): stop com.ikost.tazecicek3 due to installPackageLI
11-23 01:14:37.140   557   605 I PackageManager: Update package com.ikost.tazecicek3 code path from /data/app/~~uGbAUSKhCjVXPzq5s1A7gA==/com.ikost.tazecicek3-dxsvmdqF_4pKP3bi0TcR8w== to /data/app/~~pcoVgNEEL8Kn06JhNu-IvQ==/com.ikost.tazecicek3-wI18BVQL28DQj4L52P4giQ==; Retain data and using new
11-23 01:14:37.149   557   605 I AppsFilter: interaction: PackageSetting{1cc2ea6 com.ikost.tazecicek4/10163} -> PackageSetting{c03da06 com.ikost.tazecicek3/10164} BLOCKED
11-23 01:14:37.149   557   605 I AppsFilter: interaction: PackageSetting{ce4439c com.ikost.tazecicekbayi/10162} -> PackageSetting{c03da06 com.ikost.tazecicek3/10164} BLOCKED
11-23 01:14:37.149   557   605 I AppsFilter: interaction: PackageSetting{1cc2ea6 com.ikost.tazecicek4/10163} -> PackageSetting{5b71494 com.ikost.tazecicek3/10164} BLOCKED
11-23 01:14:37.149   557   605 I AppsFilter: interaction: PackageSetting{ce4439c com.ikost.tazecicekbayi/10162} -> PackageSetting{5b71494 com.ikost.tazecicek3/10164} BLOCKED
11-23 01:14:37.150   557   585 I libprocessgroup: Successfully killed process cgroup uid 10164 pid 2595 in 0ms
11-23 01:14:37.150   557   583 W ActivityTaskManager: Force removing ActivityRecord{16eb8f9 u0 com.ikost.tazecicek3/.MainActivity} t27 f}}: app died, no saved state
11-23 01:14:37.161 27061 27061 D BoundBrokerSvc: onUnbind: Intent { act=com.google.android.gms.auth.api.signin.service.START pkg=com.google.android.gms }
11-23 01:14:37.168   557  1144 D ConnectivityService: ConnectivityService NetworkRequestInfo binderDied(uid/pid:10164/2595, [NetworkRequest [ REQUEST id=787, [ Capabilities: INTERNET&NOT_RESTRICTED&TRUSTED&NOT_VCN_MANAGED Uid: 10164 RequestorUid: 10164 RequestorPkg: com.ikost.tazecicek3 UnderlyingNetworks: Null] ]], android.os.BinderProxy@53a7df0)
11-23 01:14:37.171   557   786 D ConnectivityService: releasing NetworkRequest [ REQUEST id=787, [ Capabilities: INTERNET&NOT_RESTRICTED&TRUSTED&NOT_VCN_MANAGED Uid: 10164 RequestorUid: 10164 RequestorPkg: com.ikost.tazecicek3 UnderlyingNetworks: Null] ] (release request)
11-23 01:14:37.176   367   367 I Zygote  : Process 2595 exited due to signal 9 (Killed)
11-23 01:14:37.180   557   605 I PackageManager: Permission ownership changed. Updating all permissions.
11-23 01:14:37.200   401   401 E ClientCache: failed to get buffer, invalid process token
11-23 01:14:37.210   557   583 W WindowManager: Exception thrown during dispatchAppVisibility Window{cb4238b u0 com.ikost.tazecicek3/com.ikost.tazecicek3.MainActivity}
11-23 01:14:37.210   557   583 W WindowManager: android.os.DeadObjectException
11-23 01:14:37.210   557   583 W WindowManager: 	at android.os.BinderProxy.transactNative(Native Method)
11-23 01:14:37.210   557   583 W WindowManager: 	at android.os.BinderProxy.transact(BinderProxy.java:584)
11-23 01:14:37.210   557   583 W WindowManager: 	at android.view.IWindow$Stub$Proxy.dispatchAppVisibility(IWindow.java:536)
11-23 01:14:37.210   557   583 W WindowManager: 	at com.android.server.wm.WindowState.sendAppVisibilityToClients(WindowState.java:3469)
11-23 01:14:37.210   557   583 W WindowManager: 	at com.android.server.wm.WindowContainer.sendAppVisibilityToClients(WindowContainer.java:1225)
11-23 01:14:37.210   557   583 W WindowManager: 	at com.android.server.wm.WindowToken.setClientVisible(WindowToken.java:392)
11-23 01:14:37.210   557   583 W WindowManager: 	at com.android.server.wm.ActivityRecord.setClientVisible(ActivityRecord.java:6714)
11-23 01:14:37.210   557   583 W WindowManager: 	at com.android.server.wm.ActivityRecord.onAnimationFinished(ActivityRecord.java:7526)
11-23 01:14:37.210   557   583 W WindowManager: 	at com.android.server.wm.ActivityRecord.postApplyAnimation(ActivityRecord.java:5405)
11-23 01:14:37.210   557   583 W WindowManager: 	at com.android.server.wm.ActivityRecord.commitVisibility(ActivityRecord.java:5364)
11-23 01:14:37.210   557   583 W WindowManager: 	at com.android.server.wm.ActivityRecord.commitVisibility(ActivityRecord.java:5368)
11-23 01:14:37.210   557   583 W WindowManager: 	at com.android.server.wm.ActivityRecord.onRemovedFromDisplay(ActivityRecord.java:4148)
11-23 01:14:37.210   557   583 W WindowManager: 	at com.android.server.wm.DisplayContent.removeAppToken(DisplayContent.java:1412)
11-23 01:14:37.210   557   583 W WindowManager: 	at com.android.server.wm.ActivityRecord.removeFromHistory(ActivityRecord.java:3840)
11-23 01:14:37.210   557   583 W WindowManager: 	at com.android.server.wm.ActivityRecord.handleAppDied(ActivityRecord.java:4079)
11-23 01:14:37.210   557   583 W WindowManager: 	at com.android.server.wm.WindowProcessController.handleAppDied(WindowProcessController.java:1285)
11-23 01:14:37.210   557   583 W WindowManager: 	at com.android.server.wm.ActivityTaskManagerService$LocalService.handleAppDied(ActivityTaskManagerService.java:6121)
11-23 01:14:37.210   557   583 W WindowManager: 	at com.android.server.am.ActivityManagerService.handleAppDiedLocked(ActivityManagerService.java:3240)
11-23 01:14:37.210   557   583 W WindowManager: 	at com.android.server.am.ProcessList.removeProcessLocked(ProcessList.java:2863)
11-23 01:14:37.210   557   583 W WindowManager: 	at com.android.server.am.ProcessList.killPackageProcessesLSP(ProcessList.java:2808)
11-23 01:14:37.210   557   583 W WindowManager: 	at com.android.server.am.ActivityManagerService.forceStopPackageLocked(ActivityManagerService.java:4484)
11-23 01:14:37.210   557   583 W WindowManager: 	at com.android.server.am.ActivityManagerService$MainHandler.handleMessage(ActivityManagerService.java:1757)
11-23 01:14:37.210   557   583 W WindowManager: 	at android.os.Handler.dispatchMessage(Handler.java:106)
11-23 01:14:37.210   557   583 W WindowManager: 	at android.os.Looper.loopOnce(Looper.java:201)
11-23 01:14:37.210   557   583 W WindowManager: 	at android.os.Looper.loop(Looper.java:288)
11-23 01:14:37.210   557   583 W WindowManager: 	at android.os.HandlerThread.run(HandlerThread.java:67)
11-23 01:14:37.210   557   583 W WindowManager: 	at com.android.server.ServiceThread.run(ServiceThread.java:44)
11-23 01:14:37.211   557   583 W InputManager-JNI: Input channel object 'cb4238b com.ikost.tazecicek3/com.ikost.tazecicek3.MainActivity (client)' was disposed without first being removed with the input manager!
11-23 01:14:37.221   401   401 E BpTransactionCompletedListener: Failed to transact (-32)
11-23 01:14:37.224   557  3448 V ActivityManager: Got obituary of 2595:com.ikost.tazecicek3
11-23 01:14:37.233   557  1149 W WindowManager: Failed looking up window session=Session{1d6c47c 2595:u0a10164} callers=com.android.server.wm.WindowManagerService.windowForClientLocked:5972 com.android.server.wm.WindowState$DeathRecipient.binderDied:3110 android.os.IBinder$DeathRecipient.binderDied:317 
11-23 01:14:37.233   557  1149 I WindowManager: WIN DEATH: null
11-23 01:14:37.234   557   575 V WindowManager: Unknown focus tokens, dropping reportFocusChanged
11-23 01:14:37.236   557   575 W ActivityManager: setHasOverlayUi called on unknown pid: 2595
11-23 01:14:37.250   557   605 I AppsFilter: interaction: PackageSetting{1cc2ea6 com.ikost.tazecicek4/10163} -> PackageSetting{5b71494 com.ikost.tazecicek3/10164} BLOCKED
11-23 01:14:37.250   557   605 I AppsFilter: interaction: PackageSetting{ce4439c com.ikost.tazecicekbayi/10162} -> PackageSetting{5b71494 com.ikost.tazecicek3/10164} BLOCKED
11-23 01:14:37.260   381   445 D goldfish-address-space: claimShared: Ask to claim region [0x1ec000000 0x1ec9e4000]
11-23 01:14:37.261   381   445 D goldfish-address-space: claimShared: Ask to claim region [0x1ec9e4000 0x1ed3c8000]
11-23 01:14:37.262   557   605 I ActivityManager: Force stopping com.ikost.tazecicek3 appid=10164 user=0: pkg removed
11-23 01:14:37.262   381   445 D goldfish-address-space: claimShared: Ask to claim region [0x1ed3c8000 0x1eddac000]
11-23 01:14:37.285   557   583 W BroadcastQueue: Background execution not allowed: receiving Intent { act=android.intent.action.PACKAGE_REMOVED dat=package: flg=0x4000010 (has extras) } to com.android.vending/com.google.android.finsky.packagemonitor.impl.PackageMonitorReceiverImpl$RegisteredReceiver
11-23 01:14:37.285   557   583 W BroadcastQueue: Background execution not allowed: receiving Intent { act=android.intent.action.PACKAGE_REMOVED dat=package: flg=0x4000010 (has extras) } to com.android.vending/com.google.android.finsky.packagemonitor.backgroundimpl.BackgroundPackageMonitorReceiverImpl$RegisteredReceiver
11-23 01:14:37.285   557   583 W BroadcastQueue: Background execution not allowed: receiving Intent { act=android.intent.action.PACKAGE_REMOVED dat=package: flg=0x4000010 (has extras) } to com.android.vending/com.google.android.finsky.instantapps.appmanagement.InstantAppRemoveMonitor
11-23 01:14:37.285   557   583 W BroadcastQueue: Background execution not allowed: receiving Intent { act=android.intent.action.PACKAGE_REMOVED dat=package: flg=0x4000010 (has extras) } to com.google.android.gms/.games.chimera.GamesSystemBroadcastReceiverProxy
11-23 01:14:37.285   557   583 W BroadcastQueue: Background execution not allowed: receiving Intent { act=android.intent.action.PACKAGE_REMOVED dat=package: flg=0x4000010 (has extras) } to com.google.android.gms/.chimera.GmsIntentOperationService$PersistentTrustedReceiver
11-23 01:14:37.285   557   583 W BroadcastQueue: Background execution not allowed: receiving Intent { act=android.intent.action.PACKAGE_REMOVED dat=package: flg=0x4000010 (has extras) } to com.google.android.googlequicksearchbox/com.google.android.apps.gsa.googlequicksearchbox.GelStubAppWatcher
11-23 01:14:37.286   557   605 D CompatibilityChangeReporter: Compat change id reported: 168419799; UID 10164; state: DISABLED
11-23 01:14:37.286   841   841 I Finsky:background: [2] agaz - Received: android.intent.action.PACKAGE_REMOVED, [XVJIr-yHpqWUiJin7DqhDoawpeGKY9IRZ2TyriHrSRQ]
11-23 01:14:37.287  1692  1692 I Finsky  : [2] agbj - Received: android.intent.action.PACKAGE_REMOVED, [XVJIr-yHpqWUiJin7DqhDoawpeGKY9IRZ2TyriHrSRQ]
11-23 01:14:37.290   557   583 W BroadcastQueue: Background execution not allowed: receiving Intent { act=android.intent.action.PACKAGE_ADDED dat=package: flg=0x4000010 (has extras) } to com.google.android.packageinstaller/com.android.packageinstaller.PackageInstalledReceiver
11-23 01:14:37.290   557   583 W BroadcastQueue: Background execution not allowed: receiving Intent { act=android.intent.action.PACKAGE_ADDED dat=package: flg=0x4000010 (has extras) } to com.android.vending/com.google.android.finsky.packagemonitor.impl.PackageMonitorReceiverImpl$RegisteredReceiver
11-23 01:14:37.290   557   583 W BroadcastQueue: Background execution not allowed: receiving Intent { act=android.intent.action.PACKAGE_ADDED dat=package: flg=0x4000010 (has extras) } to com.android.vending/com.google.android.finsky.packagemonitor.backgroundimpl.BackgroundPackageMonitorReceiverImpl$RegisteredReceiver
11-23 01:14:37.290   557   583 W BroadcastQueue: Background execution not allowed: receiving Intent { act=android.intent.action.PACKAGE_ADDED dat=package: flg=0x4000010 (has extras) } to com.google.android.gms/.games.chimera.GamesSystemBroadcastReceiverProxy
11-23 01:14:37.290   557   583 W BroadcastQueue: Background execution not allowed: receiving Intent { act=android.intent.action.PACKAGE_ADDED dat=package: flg=0x4000010 (has extras) } to com.google.android.gms/.gass.chimera.PackageChangeBroadcastReceiver
11-23 01:14:37.290   557   583 W BroadcastQueue: Background execution not allowed: receiving Intent { act=android.intent.action.PACKAGE_ADDED dat=package: flg=0x4000010 (has extras) } to com.google.android.gms/.chimera.GmsIntentOperationService$PersistentTrustedReceiver
11-23 01:14:37.290   557   583 W BroadcastQueue: Background execution not allowed: receiving Intent { act=android.intent.action.PACKAGE_ADDED dat=package: flg=0x4000010 (has extras) } to com.google.android.googlequicksearchbox/com.google.android.apps.gsa.googlequicksearchbox.GelStubAppWatcher
11-23 01:14:37.302  1552  1552 I MediaProvider: Invalidating LocalCallingIdentity cache for package com.ikost.tazecicek3. Reason: package android.intent.action.PACKAGE_REMOVED
11-23 01:14:37.307   557   605 D PackageInstallerSession: Marking session 644186159 as applied
11-23 01:14:37.307   454   464 E installd: Couldn't opendir /data/app/vmdl644186159.tmp: No such file or directory
11-23 01:14:37.307   454   464 E installd: Failed to delete /data/app/vmdl644186159.tmp: No such file or directory
11-23 01:14:37.308  1552  1552 W MediaProvider: WorkProfileOwnerApps cache is empty
11-23 01:14:37.316   557   827 I SdkSandboxManager: No SDKs used. Skipping SDK data reconcilation for CallingInfo{mUid=10164, mPackageName='com.ikost.tazecicek3'}
11-23 01:14:37.316   557   827 I SdkSandboxManager: No SDKs used. Skipping SDK data reconcilation for CallingInfo{mUid=10164, mPackageName='com.ikost.tazecicek3'}
11-23 01:14:37.319  1552  1552 I MediaProvider: Invalidating LocalCallingIdentity cache for package com.ikost.tazecicek3. Reason: package android.intent.action.PACKAGE_ADDED
11-23 01:14:37.339  1097  2213 D OneSearchSuggestProvider: Created the binder channel successfully for end point service =com.google.android.apps.search.googleapp.search.suggest.plugins.onesearch.server.OneSearchSuggestService , mChannel=E2{delegate=w2{logId=25, target=directaddress:///AndroidComponentAddress%5BIntent%20%7B%20act=grpc.io.action.BIND%20cmp=com.google.android.googlequicksearchbox/com.google.android.apps.search.googleapp.search.suggest.plugins.onesearch.server.OneSearchSuggestService%20%7D%5D}} , mOneSearchConnection=Q1.d0@a6f612f
11-23 01:14:37.349  1562  1562 I GsaVoiceInteractionSrv: (REDACTED) O received %s
11-23 01:14:37.355  1476  1476 I GoogleInputMethodService: GoogleInputMethodService.onFinishInput():3220 
11-23 01:14:37.358   841   841 I Finsky:background: [2] IQ: onPackageRemoved com.ikost.tazecicek3, replacing=true, uninstallingFromPlay=false
11-23 01:14:37.362   557   557 I Telecom : CarModeTracker: Package com.ikost.tazecicek3 is not tracked.: SSH.oR@AkM
11-23 01:14:37.363   557   557 I Telecom : InCallController: updateCarModeForConnections: car mode apps: : SSH.oR@AkM
11-23 01:14:37.363  1476  1476 I GoogleInputMethodService: GoogleInputMethodService.updateDeviceLockedStatus():2114 repeatCheckTimes = 0, unlocked = true
11-23 01:14:37.363  1476  1476 I GoogleInputMethodService: GoogleInputMethodService.onStartInput():1919 onStartInput(EditorInfo{inputType=0x0(NULL) imeOptions=0x0 privateImeOptions=null actionName=UNSPECIFIED actionLabel=null actionId=0 initialSelStart=-1 initialSelEnd=-1 initialCapsMode=0x0 hintText=null label=null packageName=com.google.android.apps.nexuslauncher fieldId=-1 fieldName=null extras=null}, false)
11-23 01:14:37.364   841   841 I Finsky:background: [2] agaz - Received: android.intent.action.PACKAGE_ADDED, [XVJIr-yHpqWUiJin7DqhDoawpeGKY9IRZ2TyriHrSRQ]
11-23 01:14:37.367  1476  1476 I GoogleInputMethodService: GoogleInputMethodService.updateDeviceLockedStatus():2114 repeatCheckTimes = 2, unlocked = true
11-23 01:14:37.368   841  2887 I Finsky:background: [127] IQ: handled package removed
11-23 01:14:37.373   841  2877 I Finsky:background: [125] Wrote row to frosting DB: 298
11-23 01:14:37.375   841   841 I Finsky:background: [2] agaz - Received: android.intent.action.PACKAGE_ADDED, [XVJIr-yHpqWUiJin7DqhDoawpeGKY9IRZ2TyriHrSRQ]
11-23 01:14:37.379  1692  1692 I Finsky  : [2] AIM: AppInfoCacheUpdater -> invalidating apps: [com.ikost.tazecicek3]
11-23 01:14:37.381  1562  1562 I GsaVoiceInteractionSrv: (REDACTED) O received %s
11-23 01:14:37.386  1692  1692 I Finsky  : [2] AIM: AppInfoManager-Perf > getApps > called for 1 apps
11-23 01:14:37.390   841  2877 I Finsky:background: [125] Wrote row to frosting DB: 299
11-23 01:14:37.390   841   841 I Finsky:background: [2] agaz - Deduping intent android.intent.action.PACKAGE_ADDED
11-23 01:14:37.392   557   628 D CompatibilityChangeReporter: Compat change id reported: 218533173; UID 10164; state: ENABLED
11-23 01:14:37.392  1562  1562 I GsaVoiceInteractionSrv: (REDACTED) O received %s
11-23 01:14:37.396   557   557 I Telecom : DefaultDialerCache: Refreshing default dialer for user 0: now com.google.android.dialer: DDC.oR@AkQ
11-23 01:14:37.397   841  2877 I Finsky:background: [125] Wrote row to frosting DB: 300
11-23 01:14:37.403   557   557 V BackupManagerConstants: getFullBackupIntervalMilliseconds(...) returns 86400000
11-23 01:14:37.403   557   557 V BackupManagerConstants: getFullBackupRequiredNetworkType(...) returns 2
11-23 01:14:37.403  1692  1866 I Finsky  : [89] AIM: AppInfoManager-Perf > OnDeviceAppInfo > cacheHitCount=0, cacheMissCount=1. Missed  in cache (limit 10) : [com.ikost.tazecicek3]
11-23 01:14:37.403   841  2877 I Finsky:background: [125] Wrote row to frosting DB: 301
11-23 01:14:37.404   557   557 V BackupManagerConstants: getFullBackupRequireCharging(...) returns true
11-23 01:14:37.405   557   646 I InputReader: Reconfiguring input devices, changes=KEYBOARD_LAYOUTS | 
11-23 01:14:37.406  1692  2889 I Finsky  : [152] [ContentSync] finished, scheduled=false
11-23 01:14:37.409  1692  1866 I Finsky  : [89] AIM: Got app ownership map. App counts: . Unique apps: 0
11-23 01:14:37.409  1692  1866 E Finsky  : [89] [Counters] attempted to use a non-positive increment for: 4752
11-23 01:14:37.410   841  2877 I Finsky:background: [125] Wrote row to frosting DB: 302
11-23 01:14:37.410   557   646 I InputReader: Reconfiguring input devices, changes=KEYBOARD_LAYOUTS | 
11-23 01:14:37.411  1692  1866 E Finsky  : [89] [Counters] attempted to use a non-positive increment for: 4753
11-23 01:14:37.418  1097  1213 D QuickstepModelDelegate: notifyAppTargetEvent action=1 launchLocation=workspace/0/[-1,-1]/[1,1]
11-23 01:14:37.419 25463 27710 I PermissionControllerServiceImpl: Updating user sensitive for uid 10164
11-23 01:14:37.422  1692  1843 I Finsky  : [79] AIM: AppInfoManager-Perf > ItemModel > CacheSize=0, cacheHitCount=0, cacheMissCount=0, total appsWithNoServerDataCount=0. Missed  in cache (limit 10) : []
11-23 01:14:37.425   557   557 D CompatibilityChangeReporter: Compat change id reported: 171306433; UID 10164; state: ENABLED
11-23 01:14:37.425   557   557 W AlarmManager: Package com.ikost.tazecicek3, uid 10164 lost permission to set exact alarms!
11-23 01:14:37.429  1558  1749 I AiAiEcho: Predicting[0]: 
11-23 01:14:37.429  1558  1749 I AiAiEcho: Ranked targets strategy: SORT, count: 0, ranking metadata: 
11-23 01:14:37.430  1558  1749 I AiAiEcho: #postPredictionTargets: Sending updates to UISurface lockscreen with targets# 0
11-23 01:14:37.430  1558  1749 I AiAiEcho: #postPredictionTargets: Sending updates to UISurface home with targets# 0
11-23 01:14:37.430  1558  1749 I AiAiEcho: #postPredictionTargets: Sending updates to UISurface media_data_manager with targets# 0
11-23 01:14:37.436  1097  1097 E BcSmartspaceCard: No tap action can be set up
11-23 01:14:37.452  1692  1692 I Finsky  : [2] agbj - Received: android.intent.action.PACKAGE_ADDED, [XVJIr-yHpqWUiJin7DqhDoawpeGKY9IRZ2TyriHrSRQ]
11-23 01:14:37.454  9066  2903 I Fitness : (REDACTED) FitCleanupIntentOperation received Intent %s
11-23 01:14:37.454  1692  2889 I Finsky  : [152] [ContentSync] finished, scheduled=false
11-23 01:14:37.454  1692  1692 I Finsky  : [2] AIM: AppInfoCacheUpdater -> invalidating apps: [com.ikost.tazecicek3]
11-23 01:14:37.454  1692  1692 I Finsky  : [2] AIM: AppInfoManager-Perf > getApps > called for 1 apps
11-23 01:14:37.454  1692  1692 I Finsky  : [2] DTU: Received onPackageAdded, replacing: true
11-23 01:14:37.454  1692  1866 I Finsky  : [89] AIM: AppInfoManager-Perf > OnDeviceAppInfo > cacheHitCount=1, cacheMissCount=0. Missed  in cache (limit 10) : []
11-23 01:14:37.454  1692  1866 I Finsky  : [89] AIM: AppInfoManager-Perf > OnDeviceAppInfo > cacheHitCount=0, cacheMissCount=1. Missed  in cache (limit 10) : [com.ikost.tazecicek3]
11-23 01:14:37.454  1692  1852 I Finsky  : [83] AIM: Got app ownership map. App counts: . Unique apps: 0
11-23 01:14:37.454  1692  1852 E Finsky  : [83] [Counters] attempted to use a non-positive increment for: 4752
11-23 01:14:37.454  1692  1852 I Finsky  : [83] AIM: Got app ownership map. App counts: . Unique apps: 0
11-23 01:14:37.455  1692  1852 E Finsky  : [83] [Counters] attempted to use a non-positive increment for: 4752
11-23 01:14:37.455  1692  1867 E Finsky  : [90] [Counters] attempted to use a non-positive increment for: 4753
11-23 01:14:37.455  1692  1852 E Finsky  : [83] [Counters] attempted to use a non-positive increment for: 4753
11-23 01:14:37.456  1692  1867 I Finsky  : [90] AIM: AppInfoManager-Perf > ItemModel > CacheSize=0, cacheHitCount=0, cacheMissCount=0, total appsWithNoServerDataCount=0. Missed  in cache (limit 10) : []
11-23 01:14:37.456 30989 31007 I .apps.wellbeing: Background concurrent copying GC freed 5329(391KB) AllocSpace objects, 0(0B) LOS objects, 49% free, 3958KB/7916KB, paused 21us,6us total 179.920ms
11-23 01:14:37.458  1692  1843 I Finsky  : [79] AIM: AppInfoManager-Perf > ItemModel > CacheSize=0, cacheHitCount=0, cacheMissCount=0, total appsWithNoServerDataCount=0. Missed  in cache (limit 10) : []
11-23 01:14:37.458  1045  1045 D CarrierSvcBindHelper: onPackageUpdateFinished: com.ikost.tazecicek3
11-23 01:14:37.460   381   445 D goldfish-address-space: claimShared: Ask to claim region [0x1eddac000 0x1ee790000]
11-23 01:14:37.461  1045  1045 D CarrierSvcBindHelper: No carrier app for: 0
11-23 01:14:37.461  1045  1045 D CarrierSvcBindHelper: onPackageModified: com.ikost.tazecicek3
11-23 01:14:37.461  1045  1045 D CarrierSvcBindHelper: No carrier app for: 0
11-23 01:14:37.463   381   445 D goldfish-address-space: claimShared: Ask to claim region [0x1f3438000 0x1f3e1c000]
11-23 01:14:37.463   381   445 D goldfish-address-space: claimShared: Ask to claim region [0x1f1a1c000 0x1f2400000]
11-23 01:14:37.474  1045  1045 D ImsResolver: maybeAddedImsService, packageName: com.ikost.tazecicek3
11-23 01:14:37.484  1692  1692 I Finsky  : [2] agbj - Received: android.intent.action.PACKAGE_ADDED, [XVJIr-yHpqWUiJin7DqhDoawpeGKY9IRZ2TyriHrSRQ]
11-23 01:14:37.488  1097  1107 I s.nexuslauncher: Background concurrent copying GC freed 17773(918KB) AllocSpace objects, 4(288KB) LOS objects, 49% free, 6934KB/13MB, paused 23us,5us total 104.692ms
11-23 01:14:37.493  1692  1692 I Finsky  : [2] agbj - Deduping intent android.intent.action.PACKAGE_ADDED
11-23 01:14:37.494  1651  1651 I A       : (REDACTED) Created gRPC endpoint to "%s" for service %s
11-23 01:14:37.495  1692  1692 I Finsky  : [2] agbj - Received: android.intent.action.PACKAGE_ADDED, [XVJIr-yHpqWUiJin7DqhDoawpeGKY9IRZ2TyriHrSRQ]
11-23 01:14:37.498  1692  1692 I Finsky  : [2] agbj - Deduping intent android.intent.action.PACKAGE_ADDED
11-23 01:14:37.501 19272 19281 I ndroid.systemui: Background concurrent copying GC freed 39427(1730KB) AllocSpace objects, 19(1052KB) LOS objects, 49% free, 13MB/27MB, paused 34us,89us total 220.255ms
11-23 01:14:37.502  1692  1797 I Finsky  : [67] RECEIVER_PACKAGE_MONITOR#logWorkEndAndFinishGoAsync: SUCCESS
11-23 01:14:37.505   841   841 I Finsky:background: [2] agaz - Received: android.intent.action.PACKAGE_ADDED, [XVJIr-yHpqWUiJin7DqhDoawpeGKY9IRZ2TyriHrSRQ]
11-23 01:14:37.506 27061  2913 I PackageIntentOperation: Feature flags not enabled, skipping. [CONTEXT service_id=258 ]
11-23 01:14:37.508  1692  1867 I Finsky  : [90] AIM: AppInfoManager-Perf > getApps > data collection finished
11-23 01:14:37.508  1692  1867 I Finsky  : [90] AIM: AppInfoManager-Perf > maybeDestroyAppInfoManager is called. actives = 1
11-23 01:14:37.508  1692  1866 I Finsky  : [89] AIM: AppInfoManager-Perf > getApps > data collection finished
11-23 01:14:37.508  1692  1866 I Finsky  : [89] AIM: AppInfoManager-Perf > maybeDestroyAppInfoManager is called. actives = 0
11-23 01:14:37.508   841   841 I Finsky:background: [2] agaz - Deduping intent android.intent.action.PACKAGE_ADDED
11-23 01:14:37.509   841   908 I Finsky:background: [86] RECEIVER_PACKAGE_MONITOR_BACKGROUND#logWorkEndAndFinishGoAsync: SUCCESS
11-23 01:14:37.512   557  3037 W BroadcastQueue: Background execution not allowed: receiving Intent { act=android.intent.action.PACKAGE_REPLACED dat=package: flg=0x4000010 (has extras) } to com.google.android.gms/.gass.chimera.PackageChangeBroadcastReceiver
11-23 01:14:37.513   557   583 W BroadcastQueue: Background execution not allowed: receiving Intent { act=android.intent.action.PACKAGE_REPLACED dat=package: flg=0x4000010 (has extras) } to com.google.android.gms/.chimera.GmsIntentOperationService$PersistentTrustedReceiver
11-23 01:14:37.513   557   583 W BroadcastQueue: Background execution not allowed: receiving Intent { act=android.intent.action.PACKAGE_REPLACED dat=package: flg=0x4000010 (has extras) } to com.google.android.googlequicksearchbox/com.google.android.apps.gsa.googlequicksearchbox.GelStubAppWatcher
11-23 01:14:37.522   841  2877 I Finsky:background: [125] Wrote row to frosting DB: 303
11-23 01:14:37.524 27061  2890 I Auth    : [SupervisedAccountIntentOperation] onHandleIntent(): android.intent.action.PACKAGE_ADDED
11-23 01:14:37.524 27061  2915 I PackageIntentOperation: Feature flags not enabled, skipping. [CONTEXT service_id=258 ]
11-23 01:14:37.525  1651  9359 W A       : (REDACTED) Queue length for executor %s is now %d. Perhaps some tasks are too long, or the pool is too small.
11-23 01:14:37.530   557   570 D CompatibilityChangeReporter: Compat change id reported: 161252188; UID 10164; state: ENABLED
11-23 01:14:37.530 27061 27061 D BoundBrokerSvc: onBind: Intent { act=com.google.android.gms.common.BIND_SHARED_PREFS pkg=com.google.android.gms }
11-23 01:14:37.530 27061 27061 D BoundBrokerSvc: Loading bound service for intent: Intent { act=com.google.android.gms.common.BIND_SHARED_PREFS pkg=com.google.android.gms }
11-23 01:14:37.541   557   602 E VerityUtils: Failed to measure fs-verity, errno 1: /data/app/~~pcoVgNEEL8Kn06JhNu-IvQ==/com.ikost.tazecicek3-wI18BVQL28DQj4L52P4giQ==/base.apk
11-23 01:14:37.541  1651  2257 I A       : getLocaleToModelSpecsMap
11-23 01:14:37.541  1651  2257 I A       : Using proto config with mendel
11-23 01:14:37.542 27061  2891 W SQLiteLog: (28) double-quoted string literal: "com.ikost.tazecicek3"
11-23 01:14:37.542  1097  2920 D OneSearchSuggestProvider: Convert suggest response to search results for query= time=16776610 mResponse list size=45
11-23 01:14:37.542  1651  2257 I A       : getLocaleToModelSpecsMap
11-23 01:14:37.542  1651  2257 I A       : Using proto config with mendel
11-23 01:14:37.564  1651  2257 I A       : getLocaleToModelSpecsMap
11-23 01:14:37.564  1651  2257 I A       : Using proto config with mendel
11-23 01:14:37.564  1651  2257 I A       : getLocaleToModelSpecsMap
11-23 01:14:37.564  1651  2257 I A       : Using proto config with mendel
11-23 01:14:37.564  1651  2257 I A       : getLocaleToModelSpecsMap
11-23 01:14:37.564  1651  2257 I A       : Using proto config with mendel
11-23 01:14:37.564  1651  2257 I A       : (REDACTED) Adding from config to map. Locale: %s modelPrefix: %s Location:%s isSpeakerIdSupported: %b
11-23 01:14:37.564  1651  2257 I A       : (REDACTED) Adding from config to map. Locale: %s modelPrefix: %s Location:%s isSpeakerIdSupported: %b
11-23 01:14:37.564  1651  2257 I A       : (REDACTED) Adding from config to map. Locale: %s modelPrefix: %s Location:%s isSpeakerIdSupported: %b
11-23 01:14:37.564  1651  2257 I A       : (REDACTED) Skipping. Expected model: %s Found: %s
11-23 01:14:37.564  1651  2257 I A       : (REDACTED) Adding from config to map. Locale: %s modelPrefix: %s Location:%s isSpeakerIdSupported: %b
11-23 01:14:37.564  1651  2257 I A       : getLocaleToModelSpecsMap
11-23 01:14:37.564  1651  2257 I A       : Using proto config with mendel
11-23 01:14:37.564  1651  2257 I A       : getLocaleToModelSpecsMap
11-23 01:14:37.564  1651  2257 I A       : Using proto config with mendel
11-23 01:14:37.565  1651  2257 I A       : getLocaleToModelSpecsMap
11-23 01:14:37.565  1651  2257 I A       : Using proto config with mendel
11-23 01:14:37.567 27061 27061 D BoundBrokerSvc: onUnbind: Intent { act=com.google.android.gms.common.BIND_SHARED_PREFS pkg=com.google.android.gms }
11-23 01:14:37.576  1651  2252 W CorpusConfigHelper: Invalid input from icing corpus JSON flag.
11-23 01:14:37.576  1651  2252 W CorpusConfigHelper: android.util.MalformedJsonException: Use JsonReader.setLenient(true) to accept malformed JSON at line 123 column 2
11-23 01:14:37.576  1651  2252 W CorpusConfigHelper: 	at android.util.JsonReader.syntaxError(JsonReader.java:1162)
11-23 01:14:37.576  1651  2252 W CorpusConfigHelper: 	at android.util.JsonReader.checkLenient(JsonReader.java:840)
11-23 01:14:37.576  1651  2252 W CorpusConfigHelper: 	at android.util.JsonReader.nextInArray(JsonReader.java:615)
11-23 01:14:37.576  1651  2252 W CorpusConfigHelper: 	at android.util.JsonReader.peek(JsonReader.java:345)
11-23 01:14:37.576  1651  2252 W CorpusConfigHelper: 	at android.util.JsonReader.hasNext(JsonReader.java:321)
11-23 01:14:37.576  1651  2252 W CorpusConfigHelper: 	at com.google.android.apps.gsa.searchbox.c.b.b.k.c(PG:7)
11-23 01:14:37.576  1651  2252 W CorpusConfigHelper: 	at com.google.android.apps.gsa.searchbox.c.b.b.k.<init>(PG:5)
11-23 01:14:37.576  1651  2252 W CorpusConfigHelper: 	at com.google.android.apps.gsa.staticplugins.searchboxroot.features.n.a.c.<init>(PG:16)
11-23 01:14:37.576  1651  2252 W CorpusConfigHelper: 	at com.google.android.apps.gsa.staticplugins.searchboxroot.b.a(PG:14)
11-23 01:14:37.576  1651  2252 W CorpusConfigHelper: 	at com.google.android.apps.gsa.staticplugins.searchboxroot.x.<init>(PG:7)
11-23 01:14:37.576  1651  2252 W CorpusConfigHelper: 	at com.google.android.apps.gsa.binaries.satin.app.alu.b(PG:15)
11-23 01:14:37.576  1651  2252 W CorpusConfigHelper: 	at dagger.a.e.b(PG:1)
11-23 01:14:37.576  1651  2252 W CorpusConfigHelper: 	at com.google.android.apps.gsa.staticplugins.searchboxroot.a.a.a(PG:3)
11-23 01:14:37.576  1651  2252 W CorpusConfigHelper: 	at com.google.android.apps.gsa.binaries.satin.app.alc.f(Unknown Source:2444)
11-23 01:14:37.576  1651  2252 W CorpusConfigHelper: 	at com.google.android.apps.gsa.binaries.satin.app.alc.b(PG:2)
11-23 01:14:37.576  1651  2252 W CorpusConfigHelper: 	at com.google.android.apps.gsa.search.core.service.g.a.c.a(PG:2)
11-23 01:14:37.576  1651  2252 W CorpusConfigHelper: 	at com.google.android.libraries.gsa.k.a.f.a(PG:2)
11-23 01:14:37.576  1651  2252 W CorpusConfigHelper: 	at com.google.common.util.concurrent.dz.a(PG:1)
11-23 01:14:37.576  1651  2252 W CorpusConfigHelper: 	at com.google.common.util.concurrent.cw.run(PG:4)
11-23 01:14:37.576  1651  2252 W CorpusConfigHelper: 	at com.google.common.util.concurrent.eb.run(PG:1)
11-23 01:14:37.576  1651  2252 W CorpusConfigHelper: 	at com.google.android.libraries.i.af.run(PG:1)
11-23 01:14:37.576  1651  2252 W CorpusConfigHelper: 	at com.google.android.libraries.i.an.run(PG:23)
11-23 01:14:37.576  1651  2252 W CorpusConfigHelper: 	at com.google.android.libraries.i.l.run(PG:2)
11-23 01:14:37.576  1651  2252 W CorpusConfigHelper: 	at com.google.android.libraries.i.q.run(PG:4)
11-23 01:14:37.576  1651  2252 W CorpusConfigHelper: 	at java.lang.Thread.run(Thread.java:1012)
11-23 01:14:37.577  9066 24371 W ChimeraUtils: Module com.google.android.gms.nearby_en has empty metadata display_name_string_id
11-23 01:14:37.578  9066 24371 W ChimeraUtils: Module com.google.android.gms.nearby_en has empty metadata display_name_string_id
11-23 01:14:37.580 27061 27296 I Icing   : IndexChimeraService.getServiceInterface callingPackage=com.google.android.googlequicksearchbox componentName=null serviceId=36
11-23 01:14:37.581 27061 27305 I Icing   : IndexChimeraService.getServiceInterface callingPackage=com.google.android.gms componentName=AppsCorpus serviceId=36
11-23 01:14:37.584 27061 27061 D BoundBrokerSvc: onBind: Intent { act=com.google.android.gms.feedback.internal.IFeedbackService dat=chimera-action: cmp=com.google.android.gms/.chimera.GmsBoundBrokerService }
11-23 01:14:37.584 27061 27061 D BoundBrokerSvc: Loading bound service for intent: Intent { act=com.google.android.gms.feedback.internal.IFeedbackService dat=chimera-action: cmp=com.google.android.gms/.chimera.GmsBoundBrokerService }
11-23 01:14:37.588  1651  2257 I MicroDetectionState: (REDACTED) Should stop hotword detection immediately - %b
11-23 01:14:37.590  1651  2257 I MicroDetectionState: (REDACTED) Should stop hotword detection immediately - %b
11-23 01:14:37.590  1651  2257 I A       : getLocaleToModelSpecsMap
11-23 01:14:37.590  1651  2257 I A       : Using proto config with mendel
11-23 01:14:37.591  1651  2257 I A       : getLocaleToModelSpecsMap
11-23 01:14:37.591  1651  2257 I A       : Using proto config with mendel
11-23 01:14:37.644 27061 30003 I Icing   : Usage reports ok 0, Failed Usage reports 0, indexed 0, rejected 0
11-23 01:14:37.650   557   566 I system_server: Background concurrent copying GC freed 303850(15MB) AllocSpace objects, 12(236KB) LOS objects, 49% free, 23MB/47MB, paused 21us,125us total 223.913ms
11-23 01:14:37.653 27061 30003 I Icing   : Usage reports ok 0, Failed Usage reports 0, indexed 0, rejected 0
11-23 01:14:37.654   557   568 W System  : A resource failed to call close. 
11-23 01:14:37.655 27061 27305 I Icing   : IndexChimeraService.getServiceInterface callingPackage=com.google.android.gms componentName=null serviceId=30
11-23 01:14:37.683 27061 30003 I Icing   : Usage reports ok 0, Failed Usage reports 0, indexed 0, rejected 0
11-23 01:14:37.694 27061 30003 I Icing   : Indexing com.google.android.gms-apps from com.google.android.gms
11-23 01:14:37.701 27061 30003 I Icing   : Indexing done com.google.android.gms-apps
11-23 01:14:37.701 27061 30003 I Icing   : Indexing com.google.android.gms-apps from com.google.android.gms
11-23 01:14:37.702 27061 30003 I Icing   : Indexing done com.google.android.gms-apps
11-23 01:14:37.746  1651  2158 I DeviceAppInfoWork: (REDACTED) remove existing package for update: %s
11-23 01:14:37.747  1651  2921 I A       : (REDACTED) soft deleting data for %s
11-23 01:14:37.750  1651  2937 I A       : Performing deletion propagation for Geller data.
11-23 01:14:37.750  1651  2921 I A       : (REDACTED) Writing data of size=%d bytes with N=%d keys to Geller corpus %s at ts=%d
11-23 01:14:37.753  1651  2209 I DeviceAppInfoWork: refreshDeviceAppInfoForAccount done.
11-23 01:14:37.754  1651  2252 W DeviceAppInfoWork: missing version info.
11-23 01:14:37.904   557   602 E VerityUtils: Failed to measure fs-verity, errno 1: /data/app/~~pcoVgNEEL8Kn06JhNu-IvQ==/com.ikost.tazecicek3-wI18BVQL28DQj4L52P4giQ==/base.apk
11-23 01:14:38.014   557  1145 I ActivityTaskManager: START u0 {act=android.intent.action.MAIN cat=[android.intent.category.LAUNCHER] flg=0x10000000 cmp=com.ikost.tazecicek3/.MainActivity} from uid 2000
11-23 01:14:38.021   557  1145 D CompatibilityChangeReporter: Compat change id reported: 194480991; UID 10164; state: ENABLED
11-23 01:14:38.026   557  1145 D CompatibilityChangeReporter: Compat change id reported: 174042980; UID 10164; state: DISABLED
11-23 01:14:38.026   557  1145 D CompatibilityChangeReporter: Compat change id reported: 184838306; UID 10164; state: DISABLED
11-23 01:14:38.027   557  1145 D CompatibilityChangeReporter: Compat change id reported: 185004937; UID 10164; state: DISABLED
11-23 01:14:38.027   557  1145 D CompatibilityChangeReporter: Compat change id reported: 181136395; UID 10164; state: DISABLED
11-23 01:14:38.027   557  1145 D CompatibilityChangeReporter: Compat change id reported: 174042936; UID 10164; state: DISABLED
11-23 01:14:38.027   557  1145 D CompatibilityChangeReporter: Compat change id reported: 197654537; UID 10164; state: ENABLED
11-23 01:14:38.028   557  1145 D CompatibilityChangeReporter: Compat change id reported: 205907456; UID 10164; state: ENABLED
11-23 01:14:38.035   557  1145 D CompatibilityChangeReporter: Compat change id reported: 194833441; UID 10164; state: ENABLED
11-23 01:14:38.038   557   575 D CompatibilityChangeReporter: Compat change id reported: 135634846; UID 10164; state: DISABLED
11-23 01:14:38.039   557   575 D CompatibilityChangeReporter: Compat change id reported: 177438394; UID 10164; state: DISABLED
11-23 01:14:38.039   557   575 D CompatibilityChangeReporter: Compat change id reported: 135772972; UID 10164; state: DISABLED
11-23 01:14:38.040   557   575 D CompatibilityChangeReporter: Compat change id reported: 135754954; UID 10164; state: ENABLED
11-23 01:14:38.040   557   584 D CompatibilityChangeReporter: Compat change id reported: 143937733; UID 10164; state: ENABLED
11-23 01:14:38.044   367   367 D Zygote  : Forked child process 2943
11-23 01:14:38.044   557   584 I ActivityManager: Start proc 2943:com.ikost.tazecicek3/u0a164 for next-top-activity {com.ikost.tazecicek3/com.ikost.tazecicek3.MainActivity}
11-23 01:14:38.059 19272 19295 W ShellStartingWindow: Window background is transparent, fill background with black color
11-23 01:14:38.061  2943  2943 I kost.tazecicek3: Late-enabling -Xcheck:jni
11-23 01:14:38.061   557  1145 D CoreBackPreview: Window{55bfcb6 u0 Splash Screen com.ikost.tazecicek3}: Setting back callback OnBackInvokedCallbackInfo{mCallback=android.window.IOnBackInvokedCallback$Stub$Proxy@3c83924, mPriority=0}
11-23 01:14:38.088   381   445 D goldfish-address-space: claimShared: Ask to claim region [0x1f2400000 0x1f2de4000]
11-23 01:14:38.090   381   445 D goldfish-address-space: claimShared: Ask to claim region [0x1f0654000 0x1f1038000]
11-23 01:14:38.095   381   445 D goldfish-address-space: claimShared: Ask to claim region [0x1f1038000 0x1f1a1c000]
11-23 01:14:38.115 19272 19296 W Parcel  : Expecting binder but got null!
11-23 01:14:38.169  1947  1961 I adbd    : jdwp connection from 2943
11-23 01:14:38.237  2943  2943 D CompatibilityChangeReporter: Compat change id reported: 171979766; UID 10164; state: ENABLED
11-23 01:14:38.271  2943  2943 D nativeloader: Configuring classloader-namespace for other apk /system/framework/org.apache.http.legacy.jar. target_sdk_version=35, uses_libraries=ALL, library_path=/data/app/~~pcoVgNEEL8Kn06JhNu-IvQ==/com.ikost.tazecicek3-wI18BVQL28DQj4L52P4giQ==/lib/arm64:/data/app/~~pcoVgNEEL8Kn06JhNu-IvQ==/com.ikost.tazecicek3-wI18BVQL28DQj4L52P4giQ==/base.apk!/lib/arm64-v8a, permitted_path=/data:/mnt/expand:/data/user/0/com.ikost.tazecicek3
11-23 01:14:38.273  2943  2943 W ziparchive: Unable to open '/data/app/~~pcoVgNEEL8Kn06JhNu-IvQ==/com.ikost.tazecicek3-wI18BVQL28DQj4L52P4giQ==/base.dm': No such file or directory
11-23 01:14:38.273  2943  2943 W ziparchive: Unable to open '/data/app/~~pcoVgNEEL8Kn06JhNu-IvQ==/com.ikost.tazecicek3-wI18BVQL28DQj4L52P4giQ==/base.dm': No such file or directory
11-23 01:14:38.366 19272 19296 D EGL_emulation: app_time_stats: avg=25957.15ms min=16.30ms max=181417.11ms count=7
11-23 01:14:38.519  2943  2943 D nativeloader: Configuring classloader-namespace for other apk /data/app/~~pcoVgNEEL8Kn06JhNu-IvQ==/com.ikost.tazecicek3-wI18BVQL28DQj4L52P4giQ==/base.apk. target_sdk_version=35, uses_libraries=, library_path=/data/app/~~pcoVgNEEL8Kn06JhNu-IvQ==/com.ikost.tazecicek3-wI18BVQL28DQj4L52P4giQ==/lib/arm64:/data/app/~~pcoVgNEEL8Kn06JhNu-IvQ==/com.ikost.tazecicek3-wI18BVQL28DQj4L52P4giQ==/base.apk!/lib/arm64-v8a, permitted_path=/data:/mnt/expand:/data/user/0/com.ikost.tazecicek3
11-23 01:14:38.532  2943  2943 V GraphicsEnvironment: ANGLE Developer option for 'com.ikost.tazecicek3' set to: 'default'
11-23 01:14:38.532  2943  2943 V GraphicsEnvironment: ANGLE GameManagerService for com.ikost.tazecicek3: false
11-23 01:14:38.532  2943  2943 V GraphicsEnvironment: Neither updatable production driver nor prerelease driver is supported.
11-23 01:14:38.535  2943  2943 D NetworkSecurityConfig: No Network Security Config specified, using platform default
11-23 01:14:38.536  2943  2943 D NetworkSecurityConfig: No Network Security Config specified, using platform default
11-23 01:14:38.546  2943  2943 W HMSSDK_PushPreferences: get new sharedPreferences failed,start to get from context. 
11-23 01:14:38.552  2943  2943 D CompatibilityChangeReporter: Compat change id reported: 183155436; UID 10164; state: ENABLED
11-23 01:14:38.557  2943  2943 I FirebaseApp: Device unlocked: initializing all Firebase APIs for app [DEFAULT]
11-23 01:14:38.563  2943  2943 I FirebaseInitProvider: FirebaseApp initialization successful
11-23 01:14:38.563  2943  2943 D ReactNativeFirebaseApp: received application context.
11-23 01:14:38.568  2943  2943 I AGConnectProvider: AGConnectInitializeProvider#onCreate
