11-23 01:14:38.568  2943  2943 I AGConnectInstance: AGConnectInstance#initialize
11-23 01:14:38.569  2943  2943 W AGC_Instance: agc sdk initialize
11-23 01:14:38.569  2943  2943 I AGC_Registrar: getServices
11-23 01:14:38.569  2943  2943 I AGC_Registrar: services:0
11-23 01:14:38.569  2943  2943 D AGC_Instance: AGConnectInstanceImpl init
11-23 01:14:38.569  2943  2943 D AGC_ServiceRepository: addService start
11-23 01:14:38.569  2943  2943 D AGC_ServiceRepository: addService end
11-23 01:14:38.569  2943  2943 D AGC_ServiceRepository: addService start
11-23 01:14:38.569  2943  2943 D AGC_Instance: AGConnectInstanceImpl init end
11-23 01:14:38.569  2943  2943 I AGC_Instance: initFinish callback start
11-23 01:14:38.569  2943  2943 I AGC_Instance: AGC SDK initialize end
11-23 01:14:38.573  2943  2943 D WM-WrkMgrInitializer: Initializing WorkManager with default configuration.
11-23 01:14:38.585  2943  2943 D WM-PackageManagerHelper: Skipping component enablement for androidx.work.impl.background.systemjob.SystemJobService
11-23 01:14:38.585  2943  2943 D WM-Schedulers: Created SystemJobScheduler and enabled SystemJobService
11-23 01:14:38.586  2943  2972 W ziparchive: Unable to open '/data/user_de/0/com.google.android.gms/app_chimera/m/00000002/DynamiteLoader.dm': No such file or directory
11-23 01:14:38.586  2943  2972 W ziparchive: Unable to open '/data/user_de/0/com.google.android.gms/app_chimera/m/00000002/DynamiteLoader.dm': No such file or directory
11-23 01:14:38.588  2943  2972 I DynamiteModule: Considering local module com.google.android.gms.measurement.dynamite:115 and remote module com.google.android.gms.measurement.dynamite:73
11-23 01:14:38.588  2943  2972 I DynamiteModule: Selected local version of com.google.android.gms.measurement.dynamite
11-23 01:14:38.602  2943  2976 D CompatibilityChangeReporter: Compat change id reported: 160794467; UID 10164; state: ENABLED
11-23 01:14:38.605  2943  2943 W com.facebook.UserSettingsManager: You haven't set a value for AdvertiserIDCollectionEnabled. Set the flag to TRUE if you want to collect Advertiser ID for better advertising and analytics results. To request user consent before collecting data, set the flag value to FALSE, then change to TRUE once user consent is received. Learn more: https://developers.facebook.com/docs/app-events/getting-started-app-events-android#disable-auto-events.
11-23 01:14:38.614  2943  2943 W SoLoader: Initializing SoLoader: 0
11-23 01:14:38.614  2943  2943 W SoLoader: SoLoader initialized: 0
11-23 01:14:38.616  2943  2988 W com.facebook.internal.NativeProtocol: Apps that target Android API 30+ (Android 11+) cannot call Facebook native apps unless the package visibility needs are declared. Please follow https://developers.facebook.com/docs/android/troubleshooting/#faq_267321845055988 to make the declaration.
11-23 01:14:38.626  2943  2943 D AppCompatDelegate: Checking for metadata for AppLocalesMetadataHolderService : Service not found
11-23 01:14:38.628  2943  2977 I FA      : App measurement initialized, version: 95001
11-23 01:14:38.628  2943  2977 I FA      : To enable debug logging run: adb shell setprop log.tag.FA VERBOSE
11-23 01:14:38.628  2943  2977 I FA      : To enable faster debug mode event logging run:
11-23 01:14:38.628  2943  2977 I FA      :   adb shell setprop debug.firebase.analytics.app com.ikost.tazecicek3
11-23 01:14:38.636  2943  2994 D libEGL  : loaded /vendor/lib64/egl/libEGL_emulation.so
11-23 01:14:38.637  2943  2994 D libEGL  : loaded /vendor/lib64/egl/libGLESv1_CM_emulation.so
11-23 01:14:38.639  2943  2994 D libEGL  : loaded /vendor/lib64/egl/libGLESv2_emulation.so
11-23 01:14:38.653  2943  2943 W SoLoader: SoLoader already initialized
11-23 01:14:38.663 27061 27061 D BoundBrokerSvc: onBind: Intent { act=com.google.android.gms.measurement.START pkg=com.google.android.gms }
11-23 01:14:38.663 27061 27061 D BoundBrokerSvc: Loading bound service for intent: Intent { act=com.google.android.gms.measurement.START pkg=com.google.android.gms }
11-23 01:14:38.679  2943  2981 D TrafficStats: tagSocket(83) with statsTag=0xffffffff, statsUid=-1
11-23 01:14:38.679  2943  2987 D TrafficStats: tagSocket(85) with statsTag=0xffffffff, statsUid=-1
11-23 01:14:38.679  2943  2986 D TrafficStats: tagSocket(91) with statsTag=0xffffffff, statsUid=-1
11-23 01:14:38.686  2943  2943 W SoLoader: SoLoader already initialized
11-23 01:14:38.706   557   970 D CompatibilityChangeReporter: Compat change id reported: 161145287; UID 10164; state: DISABLED
11-23 01:14:38.716  2943  3016 D TrafficStats: tagSocket(94) with statsTag=0xffffffff, statsUid=-1
11-23 01:14:38.717  2943  3017 D TrafficStats: tagSocket(96) with statsTag=0xffffffff, statsUid=-1
11-23 01:14:38.717  2943  3015 D TrafficStats: tagSocket(98) with statsTag=0xffffffff, statsUid=-1
11-23 01:14:38.721  2943  2943 W kost.tazecicek3: Accessing hidden method Landroid/view/View;->computeFitSystemWindows(Landroid/graphics/Rect;Landroid/graphics/Rect;)Z (unsupported, reflection, allowed)
11-23 01:14:38.721  2943  2943 W kost.tazecicek3: Accessing hidden method Landroid/view/ViewGroup;->makeOptionalFitsSystemWindows()V (unsupported, reflection, allowed)
11-23 01:14:38.723  2943  2977 I FA      : Tag Manager is not found and thus will not be used
11-23 01:14:38.740   557  1471 D CoreBackPreview: Window{65568d2 u0 com.ikost.tazecicek3/com.ikost.tazecicek3.MainActivity}: Setting back callback OnBackInvokedCallbackInfo{mCallback=android.window.IOnBackInvokedCallback$Stub$Proxy@6d668a0, mPriority=0}
11-23 01:14:38.742  2943  2943 W unknown:ReactNative: Packager connection already open, nooping.
11-23 01:14:38.747  2943  2991 D HostConnection: createUnique: call
11-23 01:14:38.748  2943  2991 D HostConnection: HostConnection::get() New Host Connection established 0xb40000747c5ec750, tid 2991
11-23 01:14:38.749  2943  2991 D HostConnection: HostComposition ext ANDROID_EMU_CHECKSUM_HELPER_v1 ANDROID_EMU_native_sync_v2 ANDROID_EMU_native_sync_v3 ANDROID_EMU_native_sync_v4 ANDROID_EMU_dma_v1 ANDROID_EMU_direct_mem ANDROID_EMU_host_composition_v1 ANDROID_EMU_host_composition_v2 ANDROID_EMU_vulkan ANDROID_EMU_deferred_vulkan_commands ANDROID_EMU_vulkan_null_optional_strings ANDROID_EMU_vulkan_create_resources_with_requirements ANDROID_EMU_YUV_Cache ANDROID_EMU_vulkan_ignored_handles ANDROID_EMU_has_shared_slots_host_memory_allocator ANDROID_EMU_vulkan_free_memory_sync ANDROID_EMU_vulkan_shader_float16_int8 ANDROID_EMU_vulkan_async_queue_submit ANDROID_EMU_vulkan_queue_submit_with_commands ANDROID_EMU_sync_buffer_data ANDROID_EMU_vulkan_async_qsri ANDROID_EMU_read_color_buffer_dma GL_OES_EGL_image_external_essl3 GL_OES_vertex_array_object ANDROID_EMU_host_side_tracing ANDROID_EMU_gles_max_version_3_0 
11-23 01:14:38.752  2943  2991 W OpenGLRenderer: Failed to choose config with EGL_SWAP_BEHAVIOR_PRESERVED, retrying without...
11-23 01:14:38.752  2943  2991 W OpenGLRenderer: Failed to initialize 101010-2 format, error = EGL_SUCCESS
11-23 01:14:38.752  2943  2991 D EGL_emulation: eglCreateContext: 0xb40000747c5ebc10: maj 3 min 0 rcv 3
11-23 01:14:38.753  2943  2991 D EGL_emulation: eglMakeCurrent: 0xb40000747c5ebc10: ver 3 0 (tinfo 0x769c9f6080) (first time)
11-23 01:14:38.756 19272 19296 D EGL_emulation: app_time_stats: avg=38702.95ms min=38702.95ms max=38702.95ms count=1
11-23 01:14:38.766   218   218 I hwservicemanager: getTransport: Cannot find entry android.hardware.graphics.mapper@4.0::IMapper/default in either framework or device VINTF manifest.
11-23 01:14:38.767  2943  2991 I Gralloc4: mapper 4.x is not supported
11-23 01:14:38.768  2943  2991 D HostConnection: createUnique: call
11-23 01:14:38.768  2943  2991 D HostConnection: HostConnection::get() New Host Connection established 0xb40000747c5eeb50, tid 2991
11-23 01:14:38.768  2943  2991 D goldfish-address-space: allocate: Ask for block of size 0x100
11-23 01:14:38.768  2943  2991 D goldfish-address-space: allocate: ioctl allocate returned offset 0x1ebff8000 size 0x8000
11-23 01:14:38.769   218   218 I hwservicemanager: getTransport: Cannot find entry android.hardware.graphics.allocator@4.0::IAllocator/default in either framework or device VINTF manifest.
11-23 01:14:38.769   217   217 I servicemanager: Could not find android.hardware.graphics.allocator.IAllocator/default in the VINTF manifest.
11-23 01:14:38.769  2943  2991 W Gralloc4: allocator 4.x is not supported
11-23 01:14:38.770   381   445 D goldfish-address-space: claimShared: Ask to claim region [0x1ec000000 0x1ec9e4000]
11-23 01:14:38.772  2943  2991 D HostConnection: HostComposition ext ANDROID_EMU_CHECKSUM_HELPER_v1 ANDROID_EMU_native_sync_v2 ANDROID_EMU_native_sync_v3 ANDROID_EMU_native_sync_v4 ANDROID_EMU_dma_v1 ANDROID_EMU_direct_mem ANDROID_EMU_host_composition_v1 ANDROID_EMU_host_composition_v2 ANDROID_EMU_vulkan ANDROID_EMU_deferred_vulkan_commands ANDROID_EMU_vulkan_null_optional_strings ANDROID_EMU_vulkan_create_resources_with_requirements ANDROID_EMU_YUV_Cache ANDROID_EMU_vulkan_ignored_handles ANDROID_EMU_has_shared_slots_host_memory_allocator ANDROID_EMU_vulkan_free_memory_sync ANDROID_EMU_vulkan_shader_float16_int8 ANDROID_EMU_vulkan_async_queue_submit ANDROID_EMU_vulkan_queue_submit_with_commands ANDROID_EMU_sync_buffer_data ANDROID_EMU_vulkan_async_qsri ANDROID_EMU_read_color_buffer_dma GL_OES_EGL_image_external_essl3 GL_OES_vertex_array_object ANDROID_EMU_host_side_tracing ANDROID_EMU_gles_max_version_3_0 
11-23 01:14:38.772   381   445 D goldfish-address-space: claimShared: Ask to claim region [0x1ec9e4000 0x1ed3c8000]
11-23 01:14:38.773   381   445 D goldfish-address-space: claimShared: Ask to claim region [0x1f1a1c000 0x1f2400000]
11-23 01:14:38.782  2943  2991 W Parcel  : Expecting binder but got null!
11-23 01:14:38.786   557   572 W ziparchive: Unable to open '/data/app/~~pcoVgNEEL8Kn06JhNu-IvQ==/com.ikost.tazecicek3-wI18BVQL28DQj4L52P4giQ==/base.dm': No such file or directory
11-23 01:14:38.788   557   572 I ActivityTaskManager: Displayed com.ikost.tazecicek3/.MainActivity: +770ms
11-23 01:14:38.791  2943  2992 W AnalyticsUserIDStore: initStore should have been called before calling setUserID
11-23 01:14:38.792  2943  2943 D CompatibilityChangeReporter: Compat change id reported: 210923482; UID 10164; state: ENABLED
11-23 01:14:38.795   557   970 D CoreBackPreview: Window{3cb41cd u0 PopupWindow:de3fa1b}: Setting back callback OnBackInvokedCallbackInfo{mCallback=android.window.IOnBackInvokedCallback$Stub$Proxy@5896593, mPriority=0}
11-23 01:14:38.806   381   445 D goldfish-address-space: claimShared: Ask to claim region [0x1effb4000 0x1f0000000]
11-23 01:14:38.808   381   445 D goldfish-address-space: claimShared: Ask to claim region [0x1eff40000 0x1eff8c000]
11-23 01:14:38.809   381   445 D goldfish-address-space: claimShared: Ask to claim region [0x1ef718000 0x1ef764000]
11-23 01:14:38.812  2943  2992 D TrafficStats: tagSocket(116) with statsTag=0xffffffff, statsUid=-1
11-23 01:14:38.812  2943  2991 W Parcel  : Expecting binder but got null!
11-23 01:14:38.818   557  1471 D CompatibilityChangeReporter: Compat change id reported: 214016041; UID 10164; state: ENABLED
11-23 01:14:38.824  1476  1476 I GoogleInputMethodService: GoogleInputMethodService.onFinishInput():3220 
11-23 01:14:38.828  1476  1476 I GoogleInputMethodService: GoogleInputMethodService.updateDeviceLockedStatus():2114 repeatCheckTimes = 0, unlocked = true
11-23 01:14:38.828  1476  1476 I GoogleInputMethodService: GoogleInputMethodService.onStartInput():1919 onStartInput(EditorInfo{inputType=0x0(NULL) imeOptions=0x0 privateImeOptions=null actionName=UNSPECIFIED actionLabel=null actionId=0 initialSelStart=-1 initialSelEnd=-1 initialCapsMode=0x0 hintText=null label=null packageName=com.ikost.tazecicek3 fieldId=-1 fieldName=null extras=null}, false)
11-23 01:14:38.828  1476  1476 I GoogleInputMethodService: GoogleInputMethodService.updateDeviceLockedStatus():2114 repeatCheckTimes = 2, unlocked = true
11-23 01:14:38.846  1097  2213 D OneSearchSuggestProvider: Shut down the binder channel
11-23 01:14:38.853  1097  1906 I s.nexuslauncher: oneway function results for code 2 on binder at 0xb40000740c65ef70 will be dropped but finished with status UNKNOWN_TRANSACTION
11-23 01:14:38.888  2943  2987 E com.facebook.GraphResponse: {HttpStatus: 400, errorCode: 190, subErrorCode: -1, errorType: OAuthException, errorMessage: Error validating application. Cannot get application info due to a system error.}
11-23 01:14:38.890  1651  2573 I PBSessionCacheImpl: (REDACTED) Deleted sessionId[%d] from persistence.
11-23 01:14:38.891  2943  2986 E com.facebook.GraphResponse: {HttpStatus: 400, errorCode: 190, subErrorCode: -1, errorType: OAuthException, errorMessage: Error validating application. Cannot get application info due to a system error.}
11-23 01:14:38.894  2943  2981 E com.facebook.GraphResponse: {HttpStatus: 400, errorCode: 190, subErrorCode: -1, errorType: OAuthException, errorMessage: Error validating application. Cannot get application info due to a system error.}
11-23 01:14:38.905  1651  2257 I A       : getLocaleToModelSpecsMap
11-23 01:14:38.905  1651  2257 I A       : Using proto config with mendel
11-23 01:14:38.907  1651  2257 I A       : getLocaleToModelSpecsMap
11-23 01:14:38.907  1651  2257 I A       : Using proto config with mendel
11-23 01:14:38.907  1651  2257 W SearchServiceCore: Abort, client detached.
11-23 01:14:38.909  1651  2257 I MicroDetectionState: (REDACTED) Should stop hotword detection immediately - %b
11-23 01:14:38.909  1651  2257 I A       : getLocaleToModelSpecsMap
11-23 01:14:38.909  1651  2257 I A       : Using proto config with mendel
11-23 01:14:38.909  1651  2257 I A       : getLocaleToModelSpecsMap
11-23 01:14:38.909  1651  2257 I A       : Using proto config with mendel
11-23 01:14:38.924  2943  2992 E com.facebook.GraphResponse: {HttpStatus: 400, errorCode: 100, subErrorCode: 33, errorType: GraphMethodException, errorMessage: Unsupported post request. Object with ID '918211095372458' does not exist, cannot be loaded due to missing permissions, or does not support this operation. Please read the Graph API documentation at https://developers.facebook.com/docs/graph-api}
11-23 01:14:39.028  2943  2986 E com.facebook.GraphResponse: {HttpStatus: 400, errorCode: 190, subErrorCode: -1, errorType: OAuthException, errorMessage: Error validating application. Cannot get application info due to a system error.}
11-23 01:14:39.029  2943  2987 E com.facebook.GraphResponse: {HttpStatus: 400, errorCode: 190, subErrorCode: -1, errorType: OAuthException, errorMessage: Error validating application. Cannot get application info due to a system error.}
11-23 01:14:39.112  2943  2981 E com.facebook.GraphResponse: {HttpStatus: 400, errorCode: 190, subErrorCode: -1, errorType: OAuthException, errorMessage: Error validating application. Cannot get application info due to a system error.}
11-23 01:14:39.160   557  2880 D CoreBackPreview: Window{55bfcb6 u0 Splash Screen com.ikost.tazecicek3 EXITING}: Setting back callback null
11-23 01:14:39.161   557  1119 W InputManager-JNI: Input channel object '55bfcb6 Splash Screen com.ikost.tazecicek3 (client)' was disposed without first being removed with the input manager!
11-23 01:14:39.169  2943  2986 E com.facebook.GraphResponse: {HttpStatus: 400, errorCode: 190, subErrorCode: -1, errorType: OAuthException, errorMessage: Error validating application. Cannot get application info due to a system error.}
11-23 01:14:39.228  9066  9105 I FontLog : (REDACTED) Received query %s, URI %s
11-23 01:14:39.229  9066  9105 I FontLog : (REDACTED) Query [%s] resolved to %s
11-23 01:14:39.233  9066  9105 I FontLog : (REDACTED) Fetch %s end status %s
11-23 01:14:39.235  9066  9105 I FontLog : (REDACTED) Pulling font file for id = %d, cache size = %d
11-23 01:14:39.238  9066  9105 I FontLog : (REDACTED) Pulling font file for id = %d, cache size = %d
11-23 01:14:39.361   557  1119 D CoreBackPreview: Window{3cb41cd u0 PopupWindow:de3fa1b}: Setting back callback null
11-23 01:14:39.362   557  1119 W InputManager-JNI: Input channel object '3cb41cd PopupWindow:de3fa1b (client)' was disposed without first being removed with the input manager!
11-23 01:14:39.367 19272 19296 D EGL_emulation: app_time_stats: avg=17.64ms min=8.98ms max=42.06ms count=56
11-23 01:14:39.382  2943  3039 I CameraManagerGlobal: Connecting to camera service
11-23 01:14:39.388  2943  3044 I CameraDevices: Initializing ProcessCameraProvider...
11-23 01:14:39.391  2943  3044 D QuirkSettingsLoader: QuirkSettings$MetadataHolderService is not found.
11-23 01:14:39.391  2943  3044 D CameraX : QuirkSettings from app metadata: null
11-23 01:14:39.391  2943  3044 D CameraX : QuirkSettings by default: QuirkSettings{enabledWhenDeviceHasQuirk=true, forceEnabledQuirks=[], forceDisabledQuirks=[]}
11-23 01:14:39.394  2943  3048 D DeviceQuirks: camera2 DeviceQuirks = 
11-23 01:14:39.395   427  1536 W ServiceManager: Permission failure: android.permission.CAMERA from uid=10164 pid=2943
11-23 01:14:39.398   427  1536 W ServiceManager: Permission failure: android.permission.CAMERA from uid=10164 pid=2943
11-23 01:14:39.399   427  1536 W ServiceManager: Permission failure: android.permission.CAMERA from uid=10164 pid=2943
11-23 01:14:39.400   427  1536 W ServiceManager: Permission failure: android.permission.CAMERA from uid=10164 pid=2943
11-23 01:14:39.401  2943  3048 D CameraRepository: Added camera: 0
11-23 01:14:39.402  2943  3048 D CameraQuirks: camera2 CameraQuirks = 
11-23 01:14:39.406  2943  3048 I Camera2CameraInfo: Device Level: INFO_SUPPORTED_HARDWARE_LEVEL_LIMITED
11-23 01:14:39.407  2943  3048 D CameraRepository: Added camera: 1
11-23 01:14:39.407  2943  3048 D CameraQuirks: camera2 CameraQuirks = 
11-23 01:14:39.407  2943  3048 I Camera2CameraInfo: Device Level: INFO_SUPPORTED_HARDWARE_LEVEL_FULL
11-23 01:14:39.407  2943  3048 D CameraValidator: Verifying camera lens facing on emu64a, lensFacingInteger: null
11-23 01:14:39.408  2943  3050 I CameraDevices: Initializing ExtensionsManager...
11-23 01:14:39.411  2943  3050 D ExtenderVersion: No versioning extender found. Falling back to default.
11-23 01:14:39.411  2943  3050 I CameraDevices: Successfully initialized!
--------- beginning of crash
11-23 01:14:39.417  2943  3050 E AndroidRuntime: FATAL EXCEPTION: pool-14-thread-2
11-23 01:14:39.417  2943  3050 E AndroidRuntime: Process: com.ikost.tazecicek3, PID: 2943
11-23 01:14:39.417  2943  3050 E AndroidRuntime: java.lang.IllegalStateException: Tried to access a JS module before the React instance was fully set up. Calls to ReactContext#getJSModule should only happen once initialize() has been called on your native module.
11-23 01:14:39.417  2943  3050 E AndroidRuntime: 	at com.facebook.react.bridge.BridgeReactContext.getJSModule(BridgeReactContext.java:95)
11-23 01:14:39.417  2943  3050 E AndroidRuntime: 	at com.mrousavy.camera.react.CameraDevicesManager.sendAvailableDevicesChangedEvent(CameraDevicesManager.kt:102)
11-23 01:14:39.417  2943  3050 E AndroidRuntime: 	at com.mrousavy.camera.react.CameraDevicesManager$1.invokeSuspend(CameraDevicesManager.kt:74)
11-23 01:14:39.417  2943  3050 E AndroidRuntime: 	at kotlin.coroutines.jvm.internal.BaseContinuationImpl.resumeWith(ContinuationImpl.kt:33)
11-23 01:14:39.417  2943  3050 E AndroidRuntime: 	at kotlinx.coroutines.DispatchedTask.run(DispatchedTask.kt:101)
11-23 01:14:39.417  2943  3050 E AndroidRuntime: 	at java.util.concurrent.ThreadPoolExecutor.runWorker(ThreadPoolExecutor.java:1137)
11-23 01:14:39.417  2943  3050 E AndroidRuntime: 	at java.util.concurrent.ThreadPoolExecutor$Worker.run(ThreadPoolExecutor.java:637)
11-23 01:14:39.417  2943  3050 E AndroidRuntime: 	at java.lang.Thread.run(Thread.java:1012)
11-23 01:14:39.417  2943  3050 E AndroidRuntime: 	Suppressed: kotlinx.coroutines.internal.DiagnosticCoroutineContextException: [StandaloneCoroutine{Cancelling}@db00542, java.util.concurrent.ThreadPoolExecutor@8988953[Running, pool size = 2, active threads = 1, queued tasks = 0, completed tasks = 2]]
11-23 01:14:39.420   557  1119 W ActivityTaskManager:   Force finishing activity com.ikost.tazecicek3/.MainActivity
11-23 01:14:39.422   557  3051 I DropBoxManagerService: add tag=data_app_crash isTagEnabled=true flags=0x2
11-23 01:14:39.423   381   445 D goldfish-address-space: claimShared: Ask to claim region [0x1ed3c8000 0x1eda1c000]
11-23 01:14:39.431   557   583 W BroadcastQueue: Background execution not allowed: receiving Intent { act=android.intent.action.DROPBOX_ENTRY_ADDED flg=0x10 (has extras) } to com.google.android.gms/.stats.service.DropBoxEntryAddedReceiver
11-23 01:14:39.431   557   583 W BroadcastQueue: Background execution not allowed: receiving Intent { act=android.intent.action.DROPBOX_ENTRY_ADDED flg=0x10 (has extras) } to com.google.android.gms/.chimera.GmsIntentOperationService$PersistentTrustedReceiver
11-23 01:14:39.438  2943  3050 I Process : Sending signal. PID: 2943 SIG: 9
11-23 01:14:39.449  1097  2213 D OneSearchSuggestProvider: Created the binder channel successfully for end point service =com.google.android.apps.search.googleapp.search.suggest.plugins.onesearch.server.OneSearchSuggestService , mChannel=E2{delegate=w2{logId=29, target=directaddress:///AndroidComponentAddress%5BIntent%20%7B%20act=grpc.io.action.BIND%20cmp=com.google.android.googlequicksearchbox/com.google.android.apps.search.googleapp.search.suggest.plugins.onesearch.server.OneSearchSuggestService%20%7D%5D}} , mOneSearchConnection=Q1.d0@b946507
11-23 01:14:39.455   381   445 D goldfish-address-space: claimShared: Ask to claim region [0x1eda1c000 0x1ee400000]
11-23 01:14:39.457   381   445 D goldfish-address-space: claimShared: Ask to claim region [0x1ee400000 0x1eede4000]
11-23 01:14:39.458   381   381 D goldfish-address-space: claimShared: Ask to claim region [0x1f2400000 0x1f2de4000]
11-23 01:14:39.472  1097  1213 D QuickstepModelDelegate: notifyAppTargetEvent action=1 launchLocation=workspace/0/[-1,-1]/[1,1]
11-23 01:14:39.476   427  1536 E CameraService: notifyMonitoredUids: Failed to trigger permission callback: -129
11-23 01:14:39.477   557  1150 I WindowManager: WIN DEATH: Window{65568d2 u0 com.ikost.tazecicek3/com.ikost.tazecicek3.MainActivity}
11-23 01:14:39.477   557  1150 W InputManager-JNI: Input channel object '65568d2 com.ikost.tazecicek3/com.ikost.tazecicek3.MainActivity (client)' was disposed without first being removed with the input manager!
11-23 01:14:39.477   557   585 I libprocessgroup: Successfully killed process cgroup uid 10164 pid 2943 in 0ms
11-23 01:14:39.477   557  3037 I ActivityManager: Process com.ikost.tazecicek3 (pid 2943) has died: cch CRE 
11-23 01:14:39.477   367   367 I Zygote  : Process 2943 exited due to signal 9 (Killed)
11-23 01:14:39.480 27061 27061 D BoundBrokerSvc: onUnbind: Intent { act=com.google.android.gms.measurement.START pkg=com.google.android.gms }
11-23 01:14:39.481   401   401 E ClientCache: failed to get buffer, invalid process token
11-23 01:14:39.482   401   401 E BpTransactionCompletedListener: Failed to transact (-32)
11-23 01:14:39.484   557   575 W ActivityManager: setHasOverlayUi called on unknown pid: 2943
11-23 01:14:39.487  1476  1476 I GoogleInputMethodService: GoogleInputMethodService.onFinishInput():3220 
11-23 01:14:39.487   381   381 D goldfish-address-space: claimShared: Ask to claim region [0x1ec9e4000 0x1ed3c8000]
11-23 01:14:39.488  1476  1476 I GoogleInputMethodService: GoogleInputMethodService.updateDeviceLockedStatus():2114 repeatCheckTimes = 0, unlocked = true
11-23 01:14:39.488  1476  1476 I GoogleInputMethodService: GoogleInputMethodService.onStartInput():1919 onStartInput(EditorInfo{inputType=0x0(NULL) imeOptions=0x0 privateImeOptions=null actionName=UNSPECIFIED actionLabel=null actionId=0 initialSelStart=-1 initialSelEnd=-1 initialCapsMode=0x0 hintText=null label=null packageName=com.google.android.apps.nexuslauncher fieldId=-1 fieldName=null extras=null}, false)
11-23 01:14:39.488  1476  1476 I GoogleInputMethodService: GoogleInputMethodService.updateDeviceLockedStatus():2114 repeatCheckTimes = 2, unlocked = true
11-23 01:14:39.489   381   381 D goldfish-address-space: claimShared: Ask to claim region [0x1f3438000 0x1f3e1c000]
11-23 01:14:39.489   381   381 D goldfish-address-space: claimShared: Ask to claim region [0x1f0000000 0x1f09e4000]
11-23 01:14:39.494  1558  1749 I AiAiEcho: Predicting[0]: 
11-23 01:14:39.494  1558  1749 I AiAiEcho: Ranked targets strategy: SORT, count: 0, ranking metadata: 
11-23 01:14:39.495  1651  1651 I A       : (REDACTED) Created gRPC endpoint to "%s" for service %s
11-23 01:14:39.495  1558  1749 I AiAiEcho: #postPredictionTargets: Sending updates to UISurface lockscreen with targets# 0
11-23 01:14:39.496  1558  1749 I AiAiEcho: #postPredictionTargets: Sending updates to UISurface home with targets# 0
11-23 01:14:39.496  1558  1749 I AiAiEcho: #postPredictionTargets: Sending updates to UISurface media_data_manager with targets# 0
11-23 01:14:39.497  1558  1558 W ContentCaptureService: handleSendEvents() received empty list of events
11-23 01:14:39.501  1097  1097 E BcSmartspaceCard: No tap action can be set up
11-23 01:14:39.502  1651  2257 I A       : getLocaleToModelSpecsMap
11-23 01:14:39.502  1651  2257 I A       : Using proto config with mendel
11-23 01:14:39.505  1651  2257 I A       : getLocaleToModelSpecsMap
11-23 01:14:39.505  1651  2257 I A       : Using proto config with mendel
11-23 01:14:39.518  1097  2919 D OneSearchSuggestProvider: Convert suggest response to search results for query= time=16778587 mResponse list size=45
11-23 01:14:39.530  1558  1612 I ogle.android.as: Background young concurrent copying GC freed 133178(5602KB) AllocSpace objects, 3(48KB) LOS objects, 46% free, 6282KB/11MB, paused 17.922ms,9us total 59.540ms
11-23 01:14:39.530  1558  1612 W ogle.android.as: Reducing the number of considered missed Gc histogram windows from 102 to 100
11-23 01:14:39.547   381   381 D goldfish-address-space: claimShared: Ask to claim region [0x1ef718000 0x1ef994000]
11-23 01:14:39.547   557 19421 D HostConnection: createUnique: call
11-23 01:14:39.548   557 19421 D HostConnection: HostConnection::get() New Host Connection established 0xb40000747c60ed10, tid 19421
11-23 01:14:39.551   557 19421 D HostConnection: HostComposition ext ANDROID_EMU_CHECKSUM_HELPER_v1 ANDROID_EMU_native_sync_v2 ANDROID_EMU_native_sync_v3 ANDROID_EMU_native_sync_v4 ANDROID_EMU_dma_v1 ANDROID_EMU_direct_mem ANDROID_EMU_host_composition_v1 ANDROID_EMU_host_composition_v2 ANDROID_EMU_vulkan ANDROID_EMU_deferred_vulkan_commands ANDROID_EMU_vulkan_null_optional_strings ANDROID_EMU_vulkan_create_resources_with_requirements ANDROID_EMU_YUV_Cache ANDROID_EMU_vulkan_ignored_handles ANDROID_EMU_has_shared_slots_host_memory_allocator ANDROID_EMU_vulkan_free_memory_sync ANDROID_EMU_vulkan_shader_float16_int8 ANDROID_EMU_vulkan_async_queue_submit ANDROID_EMU_vulkan_queue_submit_with_commands ANDROID_EMU_sync_buffer_data ANDROID_EMU_vulkan_async_qsri ANDROID_EMU_read_color_buffer_dma GL_OES_EGL_image_external_essl3 GL_OES_vertex_array_object ANDROID_EMU_host_side_tracing ANDROID_EMU_gles_max_version_3_0 
11-23 01:14:39.551   557 19421 W OpenGLRenderer: Failed to choose config with EGL_SWAP_BEHAVIOR_PRESERVED, retrying without...
11-23 01:14:39.551   557 19421 W OpenGLRenderer: Failed to initialize 101010-2 format, error = EGL_SUCCESS
11-23 01:14:39.551   557 19421 D EGL_emulation: eglCreateContext: 0xb40000747c61f2d0: maj 3 min 0 rcv 3
11-23 01:14:39.552   557 19421 D EGL_emulation: eglMakeCurrent: 0xb40000747c61f2d0: ver 3 0 (tinfo 0x76831b7200) (first time)
11-23 01:14:39.552   557   570 D HostConnection: createUnique: call
11-23 01:14:39.552   557   570 D HostConnection: HostConnection::get() New Host Connection established 0xb40000747c60fd90, tid 570
11-23 01:14:39.553   557   570 D HostConnection: HostComposition ext ANDROID_EMU_CHECKSUM_HELPER_v1 ANDROID_EMU_native_sync_v2 ANDROID_EMU_native_sync_v3 ANDROID_EMU_native_sync_v4 ANDROID_EMU_dma_v1 ANDROID_EMU_direct_mem ANDROID_EMU_host_composition_v1 ANDROID_EMU_host_composition_v2 ANDROID_EMU_vulkan ANDROID_EMU_deferred_vulkan_commands ANDROID_EMU_vulkan_null_optional_strings ANDROID_EMU_vulkan_create_resources_with_requirements ANDROID_EMU_YUV_Cache ANDROID_EMU_vulkan_ignored_handles ANDROID_EMU_has_shared_slots_host_memory_allocator ANDROID_EMU_vulkan_free_memory_sync ANDROID_EMU_vulkan_shader_float16_int8 ANDROID_EMU_vulkan_async_queue_submit ANDROID_EMU_vulkan_queue_submit_with_commands ANDROID_EMU_sync_buffer_data ANDROID_EMU_vulkan_async_qsri ANDROID_EMU_read_color_buffer_dma GL_OES_EGL_image_external_essl3 GL_OES_vertex_array_object ANDROID_EMU_host_side_tracing ANDROID_EMU_gles_max_version_3_0 
11-23 01:14:40.370 19272 19296 D EGL_emulation: app_time_stats: avg=18.57ms min=12.07ms max=51.85ms count=53
11-23 01:14:46.845  1097  1658 D EGL_emulation: app_time_stats: avg=922.38ms min=16.21ms max=7239.44ms count=8
11-23 01:14:46.904   557  2880 D CompatibilityChangeReporter: Compat change id reported: 161252188; UID 10164; state: ENABLED
11-23 01:14:46.904   557  2880 I ActivityTaskManager: START u0 {act=android.intent.action.MAIN cat=[android.intent.category.LAUNCHER] flg=0x10200000 cmp=com.ikost.tazecicek3/.MainActivity bnds=[832,1873][1005,2068]} from uid 10141
11-23 01:14:46.913  1097  1213 D QuickstepModelDelegate: notifyAppTargetEvent action=1 launchLocation=predictions/hotseat
11-23 01:14:46.913   557   575 D CompatibilityChangeReporter: Compat change id reported: 135634846; UID 10164; state: DISABLED
11-23 01:14:46.913   557   575 D CompatibilityChangeReporter: Compat change id reported: 177438394; UID 10164; state: DISABLED
11-23 01:14:46.913   557   575 D CompatibilityChangeReporter: Compat change id reported: 135772972; UID 10164; state: DISABLED
11-23 01:14:46.914   557   575 D CompatibilityChangeReporter: Compat change id reported: 135754954; UID 10164; state: ENABLED
11-23 01:14:46.914   557   584 D CompatibilityChangeReporter: Compat change id reported: 143937733; UID 10164; state: ENABLED
11-23 01:14:46.914   557   570 D CoreBackPreview: Window{395624a u0 Splash Screen com.ikost.tazecicek3}: Setting back callback OnBackInvokedCallbackInfo{mCallback=android.window.IOnBackInvokedCallback$Stub$Proxy@1f2fe31, mPriority=0}
11-23 01:14:46.917   381   381 D goldfish-address-space: claimShared: Ask to claim region [0x1ec000000 0x1ec9e4000]
11-23 01:14:46.923   381   381 D goldfish-address-space: claimShared: Ask to claim region [0x1f09e4000 0x1f13c8000]
11-23 01:14:46.923   367   367 D Zygote  : Forked child process 3058
11-23 01:14:46.924   557   584 I ActivityManager: Start proc 3058:com.ikost.tazecicek3/u0a164 for next-top-activity {com.ikost.tazecicek3/com.ikost.tazecicek3.MainActivity}
11-23 01:14:46.924   381   381 D goldfish-address-space: claimShared: Ask to claim region [0x1f13c8000 0x1f1dac000]
11-23 01:14:46.950 19272 19296 W Parcel  : Expecting binder but got null!
11-23 01:14:46.955  3058  3058 I kost.tazecicek3: Late-enabling -Xcheck:jni
11-23 01:14:46.976   557   645 D InputDispatcher: No new touched window at (936, 1936) in display 0
11-23 01:14:46.985  1947  1961 I adbd    : jdwp connection from 3058
11-23 01:14:46.993   557  3033 I AppsFilter: interaction: PackageSetting{f70133 com.ikost.tazecicek3/10164} -> PackageSetting{941e569 com.google.android.apps.nexuslauncher/10141} BLOCKED
11-23 01:14:46.998   382 18466 I RanchuHwc: validateDisplay: layer 485 CompositionType 1, fallback to client
11-23 01:14:47.013  3058  3058 D CompatibilityChangeReporter: Compat change id reported: 171979766; UID 10164; state: ENABLED
11-23 01:14:47.015   382 18466 I RanchuHwc: validateDisplay: layer 485 CompositionType 1, fallback to client
11-23 01:14:47.018  3058  3058 D nativeloader: Configuring classloader-namespace for other apk /system/framework/org.apache.http.legacy.jar. target_sdk_version=35, uses_libraries=ALL, library_path=/data/app/~~pcoVgNEEL8Kn06JhNu-IvQ==/com.ikost.tazecicek3-wI18BVQL28DQj4L52P4giQ==/lib/arm64:/data/app/~~pcoVgNEEL8Kn06JhNu-IvQ==/com.ikost.tazecicek3-wI18BVQL28DQj4L52P4giQ==/base.apk!/lib/arm64-v8a, permitted_path=/data:/mnt/expand:/data/user/0/com.ikost.tazecicek3
11-23 01:14:47.019  3058  3058 W ziparchive: Unable to open '/data/app/~~pcoVgNEEL8Kn06JhNu-IvQ==/com.ikost.tazecicek3-wI18BVQL28DQj4L52P4giQ==/base.dm': No such file or directory
11-23 01:14:47.019  3058  3058 W ziparchive: Unable to open '/data/app/~~pcoVgNEEL8Kn06JhNu-IvQ==/com.ikost.tazecicek3-wI18BVQL28DQj4L52P4giQ==/base.dm': No such file or directory
11-23 01:14:47.031   382 18466 I RanchuHwc: validateDisplay: layer 485 CompositionType 1, fallback to client
11-23 01:14:47.048   382 18466 I RanchuHwc: validateDisplay: layer 485 CompositionType 1, fallback to client
11-23 01:14:47.065   382 18466 I RanchuHwc: validateDisplay: layer 485 CompositionType 1, fallback to client
11-23 01:14:47.081   382 18466 I RanchuHwc: validateDisplay: layer 485 CompositionType 1, fallback to client
11-23 01:14:47.098   382 18466 I RanchuHwc: validateDisplay: layer 485 CompositionType 1, fallback to client
11-23 01:14:47.115   382 18466 I RanchuHwc: validateDisplay: layer 485 CompositionType 1, fallback to client
11-23 01:14:47.132   382 18466 I RanchuHwc: validateDisplay: layer 485 CompositionType 1, fallback to client
11-23 01:14:47.149   382 18466 I RanchuHwc: validateDisplay: layer 485 CompositionType 1, fallback to client
11-23 01:14:47.165   382 18466 I RanchuHwc: validateDisplay: layer 485 CompositionType 1, fallback to client
11-23 01:14:47.181   382 18466 I RanchuHwc: validateDisplay: layer 485 CompositionType 1, fallback to client
11-23 01:14:47.198   382 18466 I RanchuHwc: validateDisplay: layer 485 CompositionType 1, fallback to client
11-23 01:14:47.215   382 18466 I RanchuHwc: validateDisplay: layer 485 CompositionType 1, fallback to client
11-23 01:14:47.231   382 18466 I RanchuHwc: validateDisplay: layer 485 CompositionType 1, fallback to client
11-23 01:14:47.248   382 18466 I RanchuHwc: validateDisplay: layer 485 CompositionType 1, fallback to client
11-23 01:14:47.265   382 18466 I RanchuHwc: validateDisplay: layer 485 CompositionType 1, fallback to client
11-23 01:14:47.269  3058  3058 D nativeloader: Configuring classloader-namespace for other apk /data/app/~~pcoVgNEEL8Kn06JhNu-IvQ==/com.ikost.tazecicek3-wI18BVQL28DQj4L52P4giQ==/base.apk. target_sdk_version=35, uses_libraries=, library_path=/data/app/~~pcoVgNEEL8Kn06JhNu-IvQ==/com.ikost.tazecicek3-wI18BVQL28DQj4L52P4giQ==/lib/arm64:/data/app/~~pcoVgNEEL8Kn06JhNu-IvQ==/com.ikost.tazecicek3-wI18BVQL28DQj4L52P4giQ==/base.apk!/lib/arm64-v8a, permitted_path=/data:/mnt/expand:/data/user/0/com.ikost.tazecicek3
11-23 01:14:47.275  3058  3058 V GraphicsEnvironment: ANGLE Developer option for 'com.ikost.tazecicek3' set to: 'default'
11-23 01:14:47.275  3058  3058 V GraphicsEnvironment: ANGLE GameManagerService for com.ikost.tazecicek3: false
11-23 01:14:47.275  3058  3058 V GraphicsEnvironment: Neither updatable production driver nor prerelease driver is supported.
11-23 01:14:47.276  3058  3058 D NetworkSecurityConfig: No Network Security Config specified, using platform default
11-23 01:14:47.276  3058  3058 D NetworkSecurityConfig: No Network Security Config specified, using platform default
11-23 01:14:47.282   382 18466 I RanchuHwc: validateDisplay: layer 485 CompositionType 1, fallback to client
11-23 01:14:47.283 19272 19296 D EGL_emulation: app_time_stats: avg=864.08ms min=20.81ms max=6582.07ms count=8
11-23 01:14:47.286  3058  3058 W HMSSDK_PushPreferences: get new sharedPreferences failed,start to get from context. 
11-23 01:14:47.290  3058  3058 D CompatibilityChangeReporter: Compat change id reported: 183155436; UID 10164; state: ENABLED
11-23 01:14:47.295  3058  3058 I FirebaseApp: Device unlocked: initializing all Firebase APIs for app [DEFAULT]
11-23 01:14:47.299   382 18466 I RanchuHwc: validateDisplay: layer 485 CompositionType 1, fallback to client
11-23 01:14:47.303  3058  3058 I FirebaseInitProvider: FirebaseApp initialization successful
11-23 01:14:47.303  3058  3058 D ReactNativeFirebaseApp: received application context.
11-23 01:14:47.306  3058  3058 I AGConnectProvider: AGConnectInitializeProvider#onCreate
11-23 01:14:47.306  3058  3058 I AGConnectInstance: AGConnectInstance#initialize
11-23 01:14:47.306  3058  3058 W AGC_Instance: agc sdk initialize
11-23 01:14:47.307  3058  3058 I AGC_Registrar: getServices
11-23 01:14:47.307  3058  3058 I AGC_Registrar: services:0
11-23 01:14:47.307  3058  3058 D AGC_Instance: AGConnectInstanceImpl init
11-23 01:14:47.307  3058  3058 D AGC_ServiceRepository: addService start
11-23 01:14:47.307  3058  3058 D AGC_ServiceRepository: addService end
11-23 01:14:47.307  3058  3058 D AGC_ServiceRepository: addService start
11-23 01:14:47.307  3058  3058 D AGC_Instance: AGConnectInstanceImpl init end
11-23 01:14:47.307  3058  3058 I AGC_Instance: initFinish callback start
11-23 01:14:47.307  3058  3058 I AGC_Instance: AGC SDK initialize end
11-23 01:14:47.311  3058  3058 D WM-WrkMgrInitializer: Initializing WorkManager with default configuration.
11-23 01:14:47.315   382 18466 I RanchuHwc: validateDisplay: layer 485 CompositionType 1, fallback to client
11-23 01:14:47.321  3058  3058 D WM-PackageManagerHelper: Skipping component enablement for androidx.work.impl.background.systemjob.SystemJobService
11-23 01:14:47.321  3058  3058 D WM-Schedulers: Created SystemJobScheduler and enabled SystemJobService
11-23 01:14:47.321  3058  3085 W ziparchive: Unable to open '/data/user_de/0/com.google.android.gms/app_chimera/m/00000002/DynamiteLoader.dm': No such file or directory
11-23 01:14:47.321  3058  3085 W ziparchive: Unable to open '/data/user_de/0/com.google.android.gms/app_chimera/m/00000002/DynamiteLoader.dm': No such file or directory
11-23 01:14:47.324  3058  3085 I DynamiteModule: Considering local module com.google.android.gms.measurement.dynamite:115 and remote module com.google.android.gms.measurement.dynamite:73
11-23 01:14:47.324  3058  3085 I DynamiteModule: Selected local version of com.google.android.gms.measurement.dynamite
11-23 01:14:47.331   382 18466 I RanchuHwc: validateDisplay: layer 485 CompositionType 1, fallback to client
11-23 01:14:47.335  3058  3058 W com.facebook.UserSettingsManager: You haven't set a value for AdvertiserIDCollectionEnabled. Set the flag to TRUE if you want to collect Advertiser ID for better advertising and analytics results. To request user consent before collecting data, set the flag value to FALSE, then change to TRUE once user consent is received. Learn more: https://developers.facebook.com/docs/app-events/getting-started-app-events-android#disable-auto-events.
11-23 01:14:47.338  3058  3089 D CompatibilityChangeReporter: Compat change id reported: 160794467; UID 10164; state: ENABLED
11-23 01:14:47.343  3058  3102 W com.facebook.internal.NativeProtocol: Apps that target Android API 30+ (Android 11+) cannot call Facebook native apps unless the package visibility needs are declared. Please follow https://developers.facebook.com/docs/android/troubleshooting/#faq_267321845055988 to make the declaration.
11-23 01:14:47.344  3058  3058 W SoLoader: Initializing SoLoader: 0
11-23 01:14:47.344  3058  3058 W SoLoader: SoLoader initialized: 0
11-23 01:14:47.345  3058  3093 D TrafficStats: tagSocket(66) with statsTag=0xffffffff, statsUid=-1
11-23 01:14:47.345  3058  3100 D TrafficStats: tagSocket(79) with statsTag=0xffffffff, statsUid=-1
11-23 01:14:47.346  3058  3101 D TrafficStats: tagSocket(76) with statsTag=0xffffffff, statsUid=-1
11-23 01:14:47.347  3058  3091 I FA      : App measurement initialized, version: 95001
11-23 01:14:47.347  3058  3091 I FA      : To enable debug logging run: adb shell setprop log.tag.FA VERBOSE
11-23 01:14:47.347  3058  3091 I FA      : To enable faster debug mode event logging run:
11-23 01:14:47.347  3058  3091 I FA      :   adb shell setprop debug.firebase.analytics.app com.ikost.tazecicek3
11-23 01:14:47.348   382 18466 I RanchuHwc: validateDisplay: layer 485 CompositionType 1, fallback to client
11-23 01:14:47.353  3058  3119 D libEGL  : loaded /vendor/lib64/egl/libEGL_emulation.so
11-23 01:14:47.353  3058  3119 D libEGL  : loaded /vendor/lib64/egl/libGLESv1_CM_emulation.so
11-23 01:14:47.354  3058  3119 D libEGL  : loaded /vendor/lib64/egl/libGLESv2_emulation.so
11-23 01:14:47.358 27061 27061 D BoundBrokerSvc: onBind: Intent { act=com.google.android.gms.measurement.START pkg=com.google.android.gms }
11-23 01:14:47.358 27061 27061 D BoundBrokerSvc: Loading bound service for intent: Intent { act=com.google.android.gms.measurement.START pkg=com.google.android.gms }
11-23 01:14:47.359  3058  3058 D AppCompatDelegate: Checking for metadata for AppLocalesMetadataHolderService : Service not found
11-23 01:14:47.365   382 18466 I RanchuHwc: validateDisplay: layer 485 CompositionType 1, fallback to client
11-23 01:14:47.377  3058  3058 W SoLoader: SoLoader already initialized
11-23 01:14:47.381   382 18466 I RanchuHwc: validateDisplay: layer 485 CompositionType 1, fallback to client
11-23 01:14:47.385  3058  3058 W SoLoader: SoLoader already initialized
11-23 01:14:47.398   382 18466 I RanchuHwc: validateDisplay: layer 485 CompositionType 1, fallback to client
11-23 01:14:47.413  3058  3131 D TrafficStats: tagSocket(94) with statsTag=0xffffffff, statsUid=-1
11-23 01:14:47.413  3058  3130 D TrafficStats: tagSocket(96) with statsTag=0xffffffff, statsUid=-1
11-23 01:14:47.413  3058  3129 D TrafficStats: tagSocket(95) with statsTag=0xffffffff, statsUid=-1
11-23 01:14:47.415   382 18466 I RanchuHwc: validateDisplay: layer 485 CompositionType 1, fallback to client
11-23 01:14:47.416  3058  3058 W kost.tazecicek3: Accessing hidden method Landroid/view/View;->computeFitSystemWindows(Landroid/graphics/Rect;Landroid/graphics/Rect;)Z (unsupported, reflection, allowed)
11-23 01:14:47.416  3058  3058 W kost.tazecicek3: Accessing hidden method Landroid/view/ViewGroup;->makeOptionalFitsSystemWindows()V (unsupported, reflection, allowed)
11-23 01:14:47.419  3058  3091 I FA      : Tag Manager is not found and thus will not be used
11-23 01:14:47.425   557  3033 D CoreBackPreview: Window{56bcdaa u0 com.ikost.tazecicek3/com.ikost.tazecicek3.MainActivity}: Setting back callback OnBackInvokedCallbackInfo{mCallback=android.window.IOnBackInvokedCallback$Stub$Proxy@5fb538, mPriority=0}
11-23 01:14:47.426  3058  3058 W unknown:ReactNative: Packager connection already open, nooping.
11-23 01:14:47.429  3058  3117 D HostConnection: createUnique: call
11-23 01:14:47.429  3058  3117 D HostConnection: HostConnection::get() New Host Connection established 0xb40000747c5f16d0, tid 3117
11-23 01:14:47.430  3058  3117 D HostConnection: HostComposition ext ANDROID_EMU_CHECKSUM_HELPER_v1 ANDROID_EMU_native_sync_v2 ANDROID_EMU_native_sync_v3 ANDROID_EMU_native_sync_v4 ANDROID_EMU_dma_v1 ANDROID_EMU_direct_mem ANDROID_EMU_host_composition_v1 ANDROID_EMU_host_composition_v2 ANDROID_EMU_vulkan ANDROID_EMU_deferred_vulkan_commands ANDROID_EMU_vulkan_null_optional_strings ANDROID_EMU_vulkan_create_resources_with_requirements ANDROID_EMU_YUV_Cache ANDROID_EMU_vulkan_ignored_handles ANDROID_EMU_has_shared_slots_host_memory_allocator ANDROID_EMU_vulkan_free_memory_sync ANDROID_EMU_vulkan_shader_float16_int8 ANDROID_EMU_vulkan_async_queue_submit ANDROID_EMU_vulkan_queue_submit_with_commands ANDROID_EMU_sync_buffer_data ANDROID_EMU_vulkan_async_qsri ANDROID_EMU_read_color_buffer_dma GL_OES_EGL_image_external_essl3 GL_OES_vertex_array_object ANDROID_EMU_host_side_tracing ANDROID_EMU_gles_max_version_3_0 
11-23 01:14:47.431  3058  3117 W OpenGLRenderer: Failed to choose config with EGL_SWAP_BEHAVIOR_PRESERVED, retrying without...
11-23 01:14:47.431  3058  3117 W OpenGLRenderer: Failed to initialize 101010-2 format, error = EGL_SUCCESS
11-23 01:14:47.431   382 18466 I RanchuHwc: validateDisplay: layer 485 CompositionType 1, fallback to client
11-23 01:14:47.432  3058  3117 D EGL_emulation: eglCreateContext: 0xb40000747c5ef510: maj 3 min 0 rcv 3
11-23 01:14:47.432  3058  3117 D EGL_emulation: eglMakeCurrent: 0xb40000747c5ef510: ver 3 0 (tinfo 0x769c9b7080) (first time)
11-23 01:14:47.435 19272 19296 D EGL_emulation: app_time_stats: avg=667.60ms min=12.03ms max=8416.12ms count=13
11-23 01:14:47.438   218   218 I hwservicemanager: getTransport: Cannot find entry android.hardware.graphics.mapper@4.0::IMapper/default in either framework or device VINTF manifest.
11-23 01:14:47.438  3058  3117 I Gralloc4: mapper 4.x is not supported
11-23 01:14:47.438  3058  3117 D HostConnection: createUnique: call
11-23 01:14:47.438  3058  3117 D HostConnection: HostConnection::get() New Host Connection established 0xb40000747c5f1790, tid 3117
11-23 01:14:47.438  3058  3117 D goldfish-address-space: allocate: Ask for block of size 0x100
11-23 01:14:47.438  3058  3117 D goldfish-address-space: allocate: ioctl allocate returned offset 0x1ebff8000 size 0x8000
11-23 01:14:47.439   218   218 I hwservicemanager: getTransport: Cannot find entry android.hardware.graphics.allocator@4.0::IAllocator/default in either framework or device VINTF manifest.
11-23 01:14:47.439   217   217 I servicemanager: Could not find android.hardware.graphics.allocator.IAllocator/default in the VINTF manifest.
11-23 01:14:47.439  3058  3117 W Gralloc4: allocator 4.x is not supported
11-23 01:14:47.440   381   381 D goldfish-address-space: claimShared: Ask to claim region [0x1f67d0000 0x1f71b4000]
11-23 01:14:47.441  3058  3117 D HostConnection: HostComposition ext ANDROID_EMU_CHECKSUM_HELPER_v1 ANDROID_EMU_native_sync_v2 ANDROID_EMU_native_sync_v3 ANDROID_EMU_native_sync_v4 ANDROID_EMU_dma_v1 ANDROID_EMU_direct_mem ANDROID_EMU_host_composition_v1 ANDROID_EMU_host_composition_v2 ANDROID_EMU_vulkan ANDROID_EMU_deferred_vulkan_commands ANDROID_EMU_vulkan_null_optional_strings ANDROID_EMU_vulkan_create_resources_with_requirements ANDROID_EMU_YUV_Cache ANDROID_EMU_vulkan_ignored_handles ANDROID_EMU_has_shared_slots_host_memory_allocator ANDROID_EMU_vulkan_free_memory_sync ANDROID_EMU_vulkan_shader_float16_int8 ANDROID_EMU_vulkan_async_queue_submit ANDROID_EMU_vulkan_queue_submit_with_commands ANDROID_EMU_sync_buffer_data ANDROID_EMU_vulkan_async_qsri ANDROID_EMU_read_color_buffer_dma GL_OES_EGL_image_external_essl3 GL_OES_vertex_array_object ANDROID_EMU_host_side_tracing ANDROID_EMU_gles_max_version_3_0 
11-23 01:14:47.441   381   381 D goldfish-address-space: claimShared: Ask to claim region [0x1f7378000 0x1f7d5c000]
11-23 01:14:47.442   381   381 D goldfish-address-space: claimShared: Ask to claim region [0x1f4000000 0x1f49e4000]
11-23 01:14:47.448   382 18466 I RanchuHwc: validateDisplay: layer 485 CompositionType 1, fallback to client
11-23 01:14:47.452  3058  3117 W Parcel  : Expecting binder but got null!
11-23 01:14:47.453   557   572 W ziparchive: Unable to open '/data/app/~~pcoVgNEEL8Kn06JhNu-IvQ==/com.ikost.tazecicek3-wI18BVQL28DQj4L52P4giQ==/base.dm': No such file or directory
11-23 01:14:47.453   557   572 I ActivityTaskManager: Displayed com.ikost.tazecicek3/.MainActivity: +549ms
11-23 01:14:47.457  3058  3058 D CompatibilityChangeReporter: Compat change id reported: 210923482; UID 10164; state: ENABLED
11-23 01:14:47.461   557  3033 D CoreBackPreview: Window{2bd024e u0 PopupWindow:ea214ed}: Setting back callback OnBackInvokedCallbackInfo{mCallback=android.window.IOnBackInvokedCallback$Stub$Proxy@820f47c, mPriority=0}
11-23 01:14:47.465   382 18466 I RanchuHwc: validateDisplay: layer 487 CompositionType 1, fallback to client
11-23 01:14:47.465   382 18466 I RanchuHwc: validateDisplay: layer 485 CompositionType 1, fallback to client
11-23 01:14:47.474   381   381 D goldfish-address-space: claimShared: Ask to claim region [0x1effb4000 0x1f0000000]
11-23 01:14:47.480   381   381 D goldfish-address-space: claimShared: Ask to claim region [0x1eff40000 0x1eff8c000]
11-23 01:14:47.481   381   381 D goldfish-address-space: claimShared: Ask to claim region [0x1ef994000 0x1ef9e0000]
11-23 01:14:47.482   382 18466 I RanchuHwc: validateDisplay: layer 487 CompositionType 1, fallback to client
11-23 01:14:47.482   382 18466 I RanchuHwc: validateDisplay: layer 485 CompositionType 1, fallback to client
11-23 01:14:47.490  3058  3117 W Parcel  : Expecting binder but got null!
11-23 01:14:47.492   557  3037 D CompatibilityChangeReporter: Compat change id reported: 214016041; UID 10164; state: ENABLED
11-23 01:14:47.495  1476  1476 I GoogleInputMethodService: GoogleInputMethodService.onFinishInput():3220 
11-23 01:14:47.495  1476  1476 I GoogleInputMethodService: GoogleInputMethodService.updateDeviceLockedStatus():2114 repeatCheckTimes = 0, unlocked = true
11-23 01:14:47.495  1476  1476 I GoogleInputMethodService: GoogleInputMethodService.onStartInput():1919 onStartInput(EditorInfo{inputType=0x0(NULL) imeOptions=0x0 privateImeOptions=null actionName=UNSPECIFIED actionLabel=null actionId=0 initialSelStart=-1 initialSelEnd=-1 initialCapsMode=0x0 hintText=null label=null packageName=com.ikost.tazecicek3 fieldId=-1 fieldName=null extras=null}, false)
11-23 01:14:47.495  1476  1476 I GoogleInputMethodService: GoogleInputMethodService.updateDeviceLockedStatus():2114 repeatCheckTimes = 2, unlocked = true
11-23 01:14:47.504  1097  2213 D OneSearchSuggestProvider: Shut down the binder channel
11-23 01:14:47.504  1097  5944 I s.nexuslauncher: oneway function results for code 2 on binder at 0xb40000740c654350 will be dropped but finished with status UNKNOWN_TRANSACTION
11-23 01:14:47.507  1651  2572 I PBSessionCacheImpl: (REDACTED) Deleted sessionId[%d] from persistence.
11-23 01:14:47.509  1651  2257 W SearchServiceCore: Abort, client detached.
11-23 01:14:47.557  3058  3093 E com.facebook.GraphResponse: {HttpStatus: 400, errorCode: 190, subErrorCode: -1, errorType: OAuthException, errorMessage: Error validating application. Cannot get application info due to a system error.}
