11-23 01:21:15.851  3638  3638 E unknown:UIViewOperationQueue: com.facebook.react.bridge.ReactNoCrashSoftException: com.facebook.react.bridge.RetryableMountingLayerException: Trying to send command to a non-existing view with tag [373] and command play
11-23 01:21:15.851  3638  3638 E unknown:UIViewOperationQueue: 	at com.facebook.react.uimanager.UIViewOperationQueue$1.run(UIViewOperationQueue.java:831)
11-23 01:21:15.851  3638  3638 E unknown:UIViewOperationQueue: 	at com.facebook.react.uimanager.UIViewOperationQueue.flushPendingBatches(UIViewOperationQueue.java:964)
11-23 01:21:15.851  3638  3638 E unknown:UIViewOperationQueue: 	at com.facebook.react.uimanager.UIViewOperationQueue.-$$Nest$mflushPendingBatches(Unknown Source:0)
11-23 01:21:15.851  3638  3638 E unknown:UIViewOperationQueue: 	at com.facebook.react.uimanager.UIViewOperationQueue$DispatchUIFrameCallback.doFrameGuarded(UIViewOperationQueue.java:1024)
11-23 01:21:15.851  3638  3638 E unknown:UIViewOperationQueue: 	at com.facebook.react.uimanager.GuardedFrameCallback.doFrame(GuardedFrameCallback.kt:22)
11-23 01:21:15.851  3638  3638 E unknown:UIViewOperationQueue: 	at com.facebook.react.modules.core.ReactChoreographer$1.doFrame(ReactChoreographer.java:89)
11-23 01:21:15.851  3638  3638 E unknown:UIViewOperationQueue: 	at android.view.Choreographer$CallbackRecord.run(Choreographer.java:1229)
11-23 01:21:15.851  3638  3638 E unknown:UIViewOperationQueue: 	at android.view.Choreographer$CallbackRecord.run(Choreographer.java:1239)
11-23 01:21:15.851  3638  3638 E unknown:UIViewOperationQueue: 	at android.view.Choreographer.doCallbacks(Choreographer.java:899)
11-23 01:21:15.851  3638  3638 E unknown:UIViewOperationQueue: 	at android.view.Choreographer.doFrame(Choreographer.java:827)
11-23 01:21:15.851  3638  3638 E unknown:UIViewOperationQueue: 	at android.view.Choreographer$FrameDisplayEventReceiver.run(Choreographer.java:1214)
11-23 01:21:15.851  3638  3638 E unknown:UIViewOperationQueue: 	at android.os.Handler.handleCallback(Handler.java:942)
11-23 01:21:15.851  3638  3638 E unknown:UIViewOperationQueue: 	at android.os.Handler.dispatchMessage(Handler.java:99)
11-23 01:21:15.851  3638  3638 E unknown:UIViewOperationQueue: 	at android.os.Looper.loopOnce(Looper.java:201)
11-23 01:21:15.851  3638  3638 E unknown:UIViewOperationQueue: 	at android.os.Looper.loop(Looper.java:288)
11-23 01:21:15.851  3638  3638 E unknown:UIViewOperationQueue: 	at android.app.ActivityThread.main(ActivityThread.java:7872)
11-23 01:21:15.851  3638  3638 E unknown:UIViewOperationQueue: 	at java.lang.reflect.Method.invoke(Native Method)
11-23 01:21:15.851  3638  3638 E unknown:UIViewOperationQueue: 	at com.android.internal.os.RuntimeInit$MethodAndArgsCaller.run(RuntimeInit.java:548)
11-23 01:21:15.851  3638  3638 E unknown:UIViewOperationQueue: 	at com.android.internal.os.ZygoteInit.main(ZygoteInit.java:936)
11-23 01:21:15.851  3638  3638 E unknown:UIViewOperationQueue: Caused by: com.facebook.react.bridge.RetryableMountingLayerException: Trying to send command to a non-existing view with tag [373] and command play
11-23 01:21:15.851  3638  3638 E unknown:UIViewOperationQueue: 	at com.facebook.react.uimanager.NativeViewHierarchyManager.dispatchCommand(NativeViewHierarchyManager.java:851)
11-23 01:21:15.851  3638  3638 E unknown:UIViewOperationQueue: 	at com.facebook.react.uimanager.UIViewOperationQueue$DispatchStringCommandOperation.executeWithExceptions(UIViewOperationQueue.java:331)
11-23 01:21:15.851  3638  3638 E unknown:UIViewOperationQueue: 	at com.facebook.react.uimanager.UIViewOperationQueue$1.run(UIViewOperationQueue.java:815)
11-23 01:21:15.851  3638  3638 E unknown:UIViewOperationQueue: 	... 18 more
11-23 01:21:16.242  3638  3650 I kost.tazecicek3: Compiler allocated 4579KB to compile void android.view.ViewRootImpl.performTraversals()
11-23 01:21:16.836   401  1194 I BpBinder: onLastStrongRef automatically unlinking death recipients: <uncached descriptor>
11-23 01:21:16.836   381   445 D goldfish-address-space: claimShared: Ask to claim region [0x1ef994000 0x1efa54000]
11-23 01:21:16.839 19272 19272 I LatencyTracker: ACTION_SHOW_BACK_ARROW latency=12
11-23 01:21:16.839   381   445 D goldfish-address-space: claimShared: Ask to claim region [0x1efa54000 0x1efb14000]
11-23 01:21:16.840   381   445 D goldfish-address-space: claimShared: Ask to claim region [0x1efb14000 0x1efbd4000]
11-23 01:21:16.851  3638  3697 D EGL_emulation: app_time_stats: avg=58.13ms min=0.73ms max=1377.91ms count=42
11-23 01:21:16.852   381   445 D goldfish-address-space: claimShared: Ask to claim region [0x1ee400000 0x1ee51c000]
11-23 01:21:16.873   401  1194 I BpBinder: onLastStrongRef automatically unlinking death recipients: <uncached descriptor>
11-23 01:21:16.873 19272 19290 D ShellBackPreview: Finishing gesture with event action: 1
11-23 01:21:16.873 19272 19290 D ShellBackPreview: onGestureFinished() mTriggerBack == false
11-23 01:21:16.873 19272 19290 D ShellBackPreview: BackAnimationController: finishAnimation()
11-23 01:21:16.915   398   529 D AudioFlinger: mixer(0xb400007de212e9a0) throttle end: throttle time(32)
11-23 01:21:16.953   381   445 D goldfish-address-space: claimShared: Ask to claim region [0x1eff9c000 0x1effb4000]
11-23 01:21:19.164  3638  3697 D EGL_emulation: app_time_stats: avg=115.48ms min=12.60ms max=1445.28ms count=20
11-23 01:21:19.233  3638  3737 W unknown:ReactNative: Attempt to set local data for view with unknown tag: -1
11-23 01:21:19.233  3638  3737 W unknown:ReactNative: Attempt to set local data for view with unknown tag: -1
11-23 01:21:19.233  3638  3737 W unknown:ReactNative: Attempt to set local data for view with unknown tag: -1
11-23 01:21:19.234  3638  3737 W unknown:ReactNative: Attempt to set local data for view with unknown tag: -1
11-23 01:21:19.235  3638  3737 W unknown:ReactNative: Attempt to set local data for view with unknown tag: -1
11-23 01:21:19.235  3638  3737 W unknown:ReactNative: Attempt to set local data for view with unknown tag: -1
11-23 01:21:19.275 27061 27061 D BoundBrokerSvc: onBind: Intent { act=com.google.android.gms.auth.api.signin.service.START pkg=com.google.android.gms }
11-23 01:21:19.275 27061 27061 D BoundBrokerSvc: Loading bound service for intent: Intent { act=com.google.android.gms.auth.api.signin.service.START pkg=com.google.android.gms }
11-23 01:21:19.462  3638  3794 D ProfileInstaller: Installing profile for com.ikost.tazecicek3
11-23 01:21:20.177   557  3037 I ActivityTaskManager: START u0 {act=com.google.android.gms.auth.GOOGLE_SIGN_IN pkg=com.ikost.tazecicek3 cmp=com.ikost.tazecicek3/com.google.android.gms.auth.api.signin.internal.SignInHubActivity (has extras)} from uid 10164
11-23 01:21:20.200   557   773 W ActivityTaskManager: Tried to set launchTime (0) < mLastActivityLaunchTime (17172580)
11-23 01:21:20.215   557   773 I ActivityTaskManager: START u0 {act=com.google.android.gms.auth.GOOGLE_SIGN_IN pkg=com.google.android.gms cmp=com.google.android.gms/.auth.api.signin.ui.SignInActivity (has extras)} from uid 10164
11-23 01:21:20.229   557   773 D CoreBackPreview: Window{a6de246 u0 com.ikost.tazecicek3/com.google.android.gms.auth.api.signin.internal.SignInHubActivity}: Setting back callback OnBackInvokedCallbackInfo{mCallback=android.window.IOnBackInvokedCallback$Stub$Proxy@1580134, mPriority=0}
11-23 01:21:20.231   557   773 W ActivityTaskManager: Tried to set launchTime (0) < mLastActivityLaunchTime (16797259)
11-23 01:21:20.240   381   445 D goldfish-address-space: claimShared: Ask to claim region [0x1ee400000 0x1eede4000]
11-23 01:21:20.251   557   587 E libprocessgroup: AddTidToCgroup failed to write '3638'; fd=146: Invalid argument
11-23 01:21:20.251   557   587 E libprocessgroup: Failed to add task into cgroup
11-23 01:21:20.252   381   445 D goldfish-address-space: claimShared: Ask to claim region [0x1ec000000 0x1ec9e4000]
11-23 01:21:20.252   381   445 D goldfish-address-space: claimShared: Ask to claim region [0x1ec9e4000 0x1ed3c8000]
11-23 01:21:20.255  3638  3697 W Parcel  : Expecting binder but got null!
11-23 01:21:20.259 27061 27061 D BoundBrokerSvc: onBind: Intent { act=com.google.android.gms.signin.service.START dat=chimera-action: cmp=com.google.android.gms/.chimera.GmsApiService }
11-23 01:21:20.259 27061 27061 D BoundBrokerSvc: Loading bound service for intent: Intent { act=com.google.android.gms.signin.service.START dat=chimera-action: cmp=com.google.android.gms/.chimera.GmsApiService }
11-23 01:21:20.267  3638  3697 D EGL_emulation: app_time_stats: avg=20.69ms min=0.92ms max=368.34ms count=33
11-23 01:21:20.268   736   736 I ContentCaptureHelper: Setting logging level to OFF
11-23 01:21:20.273   557   773 D CoreBackPreview: Window{86642cc u0 com.google.android.gms/com.google.android.gms.auth.api.signin.ui.SignInActivity}: Setting back callback OnBackInvokedCallbackInfo{mCallback=android.window.IOnBackInvokedCallback$Stub$Proxy@714342a, mPriority=0}
11-23 01:21:20.285   381   445 D goldfish-address-space: claimShared: Ask to claim region [0x1effb4000 0x1effb8000]
11-23 01:21:20.286   381   445 D goldfish-address-space: claimShared: Ask to claim region [0x1effb8000 0x1effbc000]
11-23 01:21:20.287   381   445 D goldfish-address-space: claimShared: Ask to claim region [0x1effbc000 0x1effc0000]
11-23 01:21:20.288   557   572 I ActivityTaskManager: Displayed com.google.android.gms/.auth.api.signin.ui.SignInActivity: +111ms
11-23 01:21:20.306   557  2880 I ActivityTaskManager: START u0 {cmp=com.google.android.gms/.common.api.GoogleApiActivity (has extras)} from uid 10108
11-23 01:21:20.306  1476  1476 I GoogleInputMethodService: GoogleInputMethodService.onFinishInput():3220 
11-23 01:21:20.308   557  1119 W ActivityTaskManager: Tried to set launchTime (0) < mLastActivityLaunchTime (17179299)
11-23 01:21:20.310  1476  1476 I GoogleInputMethodService: GoogleInputMethodService.updateDeviceLockedStatus():2114 repeatCheckTimes = 0, unlocked = true
11-23 01:21:20.310  1476  1476 I GoogleInputMethodService: GoogleInputMethodService.onStartInput():1919 onStartInput(EditorInfo{inputType=0x0(NULL) imeOptions=0x0 privateImeOptions=null actionName=UNSPECIFIED actionLabel=null actionId=0 initialSelStart=-1 initialSelEnd=-1 initialCapsMode=0x0 hintText=null label=null packageName=com.google.android.gms fieldId=-1 fieldName=null extras=null}, false)
11-23 01:21:20.311  1476  1476 I GoogleInputMethodService: GoogleInputMethodService.updateDeviceLockedStatus():2114 repeatCheckTimes = 2, unlocked = true
11-23 01:21:20.311   557   773 I ActivityTaskManager: START u0 {act=com.google.android.gms.signin.action.SIGN_IN cmp=com.google.android.gms/.signin.activity.SignInActivity (has extras)} from uid 10108
11-23 01:21:20.313   736   736 I ContentCaptureHelper: Setting logging level to OFF
11-23 01:21:20.315   557  2879 W ActivityTaskManager: Tried to set launchTime (0) < mLastActivityLaunchTime (17179377)
11-23 01:21:20.316   557  2880 D CoreBackPreview: Window{4f42994 u0 com.google.android.gms/com.google.android.gms.common.api.GoogleApiActivity}: Setting back callback OnBackInvokedCallbackInfo{mCallback=android.window.IOnBackInvokedCallback$Stub$Proxy@cb44b00, mPriority=0}
11-23 01:21:20.318   381   445 D goldfish-address-space: claimShared: Ask to claim region [0x1ed3c8000 0x1eddac000]
11-23 01:21:20.319   381   445 D goldfish-address-space: claimShared: Ask to claim region [0x1f3438000 0x1f3e1c000]
11-23 01:21:20.319   381   445 D goldfish-address-space: claimShared: Ask to claim region [0x1f0000000 0x1f09e4000]
11-23 01:21:20.323   736   771 W Parcel  : Expecting binder but got null!
11-23 01:21:20.327   736   736 I ContentCaptureHelper: Setting logging level to OFF
11-23 01:21:20.330   557  2880 D CoreBackPreview: Window{983d9fb u0 com.google.android.gms/com.google.android.gms.signin.activity.SignInActivity}: Setting back callback OnBackInvokedCallbackInfo{mCallback=android.window.IOnBackInvokedCallback$Stub$Proxy@2e77c71, mPriority=0}
11-23 01:21:20.335   381   445 D goldfish-address-space: claimShared: Ask to claim region [0x1effc0000 0x1effc4000]
11-23 01:21:20.336   381   445 D goldfish-address-space: claimShared: Ask to claim region [0x1effc4000 0x1effc8000]
11-23 01:21:20.336   381   445 D goldfish-address-space: claimShared: Ask to claim region [0x1effc8000 0x1effcc000]
11-23 01:21:20.337   557   572 I ActivityTaskManager: Displayed com.google.android.gms/.signin.activity.SignInActivity: +31ms
11-23 01:21:20.342   736   872 E dfas    : *~*~*~ Channel {0} was not shutdown properly!!! ~*~*~*
11-23 01:21:20.342   736   872 E dfas    :     Make sure to call shutdown()/shutdownNow() and wait until awaitTermination() returns true.
11-23 01:21:20.342   736   872 E dfas    : java.lang.RuntimeException: ManagedChannel allocation site
11-23 01:21:20.342   736   872 E dfas    : 	at dfar.<init>(:com.google.android.gms@221821044@22.18.21 (190400-453244992):3)
11-23 01:21:20.342   736   872 E dfas    : 	at dfas.<init>(:com.google.android.gms@221821044@22.18.21 (190400-453244992):2)
11-23 01:21:20.342   736   872 E dfas    : 	at detc.a(:com.google.android.gms@221821044@22.18.21 (190400-453244992):22)
11-23 01:21:20.342   736   872 E dfas    : 	at wql.c(:com.google.android.gms@221821044@22.18.21 (190400-453244992):22)
11-23 01:21:20.342   736   872 E dfas    : 	at wql.d(:com.google.android.gms@221821044@22.18.21 (190400-453244992):1)
11-23 01:21:20.342   736   872 E dfas    : 	at beur.call(:com.google.android.gms@221821044@22.18.21 (190400-453244992):31)
11-23 01:21:20.342   736   872 E dfas    : 	at java.util.concurrent.FutureTask.run(FutureTask.java:264)
11-23 01:21:20.342   736   872 E dfas    : 	at wwq.c(:com.google.android.gms@221821044@22.18.21 (190400-453244992):6)
11-23 01:21:20.342   736   872 E dfas    : 	at wwq.run(:com.google.android.gms@221821044@22.18.21 (190400-453244992):7)
11-23 01:21:20.342   736   872 E dfas    : 	at java.util.concurrent.ThreadPoolExecutor.runWorker(ThreadPoolExecutor.java:1137)
11-23 01:21:20.342   736   872 E dfas    : 	at java.util.concurrent.ThreadPoolExecutor$Worker.run(ThreadPoolExecutor.java:637)
11-23 01:21:20.342   736   872 E dfas    : 	at xbv.run(:com.google.android.gms@221821044@22.18.21 (190400-453244992):0)
11-23 01:21:20.342   736   872 E dfas    : 	at java.lang.Thread.run(Thread.java:1012)
11-23 01:21:20.347   736  3249 D TrafficStats: tagSocket(96) with statsTag=0x20006501, statsUid=-1
11-23 01:21:20.350  1476  1476 I GoogleInputMethodService: GoogleInputMethodService.onFinishInput():3220 
11-23 01:21:20.350  1476  1476 I GoogleInputMethodService: GoogleInputMethodService.updateDeviceLockedStatus():2114 repeatCheckTimes = 0, unlocked = true
11-23 01:21:20.350  1476  1476 I GoogleInputMethodService: GoogleInputMethodService.onStartInput():1919 onStartInput(EditorInfo{inputType=0x0(NULL) imeOptions=0x0 privateImeOptions=null actionName=UNSPECIFIED actionLabel=null actionId=0 initialSelStart=-1 initialSelEnd=-1 initialCapsMode=0x0 hintText=null label=null packageName=com.google.android.gms fieldId=-1 fieldName=null extras=null}, false)
11-23 01:21:20.351  1476  1476 I GoogleInputMethodService: GoogleInputMethodService.updateDeviceLockedStatus():2114 repeatCheckTimes = 2, unlocked = true
11-23 01:21:20.371   736  3249 W Conscrypt: Could not set socket write timeout: java.net.SocketException: Socket closed
11-23 01:21:20.371   736  3249 W Conscrypt: 	at com.google.android.gms.org.conscrypt.Platform.setSocketWriteTimeout(:com.google.android.gms@221821044@22.18.21 (190400-453244992):2)
11-23 01:21:20.371   736  3249 W Conscrypt: 	at com.google.android.gms.org.conscrypt.ConscryptFileDescriptorSocket.setSoWriteTimeout(:com.google.android.gms@221821044@22.18.21 (190400-453244992):0)
11-23 01:21:20.436   736  3249 W Conscrypt: Could not set socket write timeout: java.net.SocketException: Socket closed
11-23 01:21:20.436   736  3249 W Conscrypt: 	at com.google.android.gms.org.conscrypt.Platform.setSocketWriteTimeout(:com.google.android.gms@221821044@22.18.21 (190400-453244992):2)
11-23 01:21:20.436   736  3249 W Conscrypt: 	at com.google.android.gms.org.conscrypt.ConscryptFileDescriptorSocket.setSoWriteTimeout(:com.google.android.gms@221821044@22.18.21 (190400-453244992):0)
11-23 01:21:20.454   387   387 E android.hardware.power.stats@1.0-service-mock: Failed to getEnergyData
11-23 01:21:20.701   557  2879 I ActivityTaskManager: START u0 {act=com.google.android.gms.common.account.CHOOSE_ACCOUNT_USERTILE pkg=com.google.android.gms cmp=com.google.android.gms/.common.account.AccountChipAccountPickerActivity (has extras)} from uid 10108
11-23 01:21:20.704   557  2879 W ActivityTaskManager: Tried to set launchTime (0) < mLastActivityLaunchTime (17179384)
11-23 01:21:20.709   557  2879 I ActivityTaskManager: START u0 {flg=0x2000000 cmp=com.google.android.gms/.common.account.AccountPickerActivity (has extras)} from uid 10108
11-23 01:21:20.713   557  2879 W ActivityTaskManager: Tried to set launchTime (0) < mLastActivityLaunchTime (17179773)
11-23 01:21:20.728 27061 27061 D BoundBrokerSvc: onBind: Intent { act=com.google.android.gms.people.service.START dat=chimera-action: cmp=com.google.android.gms/.chimera.GmsBoundBrokerService }
11-23 01:21:20.728 27061 27061 D BoundBrokerSvc: Loading bound service for intent: Intent { act=com.google.android.gms.people.service.START dat=chimera-action: cmp=com.google.android.gms/.chimera.GmsBoundBrokerService }
11-23 01:21:20.731   736   736 I ContentCaptureHelper: Setting logging level to OFF
11-23 01:21:20.737   736   736 W DividerItem: @android:attr/listDivider was not set in the theme used for this DividerItemDecoration. Please set that attribute all call setDrawable()
11-23 01:21:20.742   557  1119 D CoreBackPreview: Window{75c12d5 u0 com.google.android.gms/com.google.android.gms.common.account.AccountPickerActivity}: Setting back callback OnBackInvokedCallbackInfo{mCallback=android.window.IOnBackInvokedCallback$Stub$Proxy@bdf1db, mPriority=0}
11-23 01:21:20.743 27061 27077 I PeopleChimeraService: onService. callbacks = agfp@7c81c4d, request = com.google.android.gms.common.internal.GetServiceRequest@961b302
11-23 01:21:20.749 27061 27296 E BasePeopleOperation: Failed to load OwnerAvatar from MDI with cause: %s
11-23 01:21:20.749 27061 27296 E BasePeopleOperation: java.util.concurrent.ExecutionException: bqxe
11-23 01:21:20.749 27061 27296 E BasePeopleOperation: 	at ciwo.s(:com.google.android.gms@221821044@22.18.21 (190400-453244992):3)
11-23 01:21:20.749 27061 27296 E BasePeopleOperation: 	at ciwo.get(:com.google.android.gms@221821044@22.18.21 (190400-453244992):9)
11-23 01:21:20.749 27061 27296 E BasePeopleOperation: 	at ayqm.e(:com.google.android.gms@221821044@22.18.21 (190400-453244992):7)
11-23 01:21:20.749 27061 27296 E BasePeopleOperation: 	at ayqh.b(:com.google.android.gms@221821044@22.18.21 (190400-453244992):1)
11-23 01:21:20.749 27061 27296 E BasePeopleOperation: 	at ayqf.d(:com.google.android.gms@221821044@22.18.21 (190400-453244992):3)
11-23 01:21:20.749 27061 27296 E BasePeopleOperation: 	at azkj.f(:com.google.android.gms@221821044@22.18.21 (190400-453244992):1)
11-23 01:21:20.749 27061 27296 E BasePeopleOperation: 	at agfo.el(:com.google.android.gms@221821044@22.18.21 (190400-453244992):1)
11-23 01:21:20.749 27061 27296 E BasePeopleOperation: 	at agfu.run(:com.google.android.gms@221821044@22.18.21 (190400-453244992):11)
11-23 01:21:20.749 27061 27296 E BasePeopleOperation: 	at cdgo.run(:com.google.android.gms@221821044@22.18.21 (190400-453244992):2)
11-23 01:21:20.749 27061 27296 E BasePeopleOperation: 	at wwq.c(:com.google.android.gms@221821044@22.18.21 (190400-453244992):6)
11-23 01:21:20.749 27061 27296 E BasePeopleOperation: 	at wwq.run(:com.google.android.gms@221821044@22.18.21 (190400-453244992):7)
11-23 01:21:20.749 27061 27296 E BasePeopleOperation: 	at java.util.concurrent.ThreadPoolExecutor.runWorker(ThreadPoolExecutor.java:1137)
11-23 01:21:20.749 27061 27296 E BasePeopleOperation: 	at java.util.concurrent.ThreadPoolExecutor$Worker.run(ThreadPoolExecutor.java:637)
11-23 01:21:20.749 27061 27296 E BasePeopleOperation: 	at xbv.run(:com.google.android.gms@221821044@22.18.21 (190400-453244992):0)
11-23 01:21:20.749 27061 27296 E BasePeopleOperation: 	at java.lang.Thread.run(Thread.java:1012)
11-23 01:21:20.749 27061 27296 E BasePeopleOperation: Caused by: bqxe
11-23 01:21:20.749 27061 27296 E BasePeopleOperation: 	at bqxq.a(:com.google.android.gms@221821044@22.18.21 (190400-453244992):2)
11-23 01:21:20.749 27061 27296 E BasePeopleOperation: 	at cdgt.a(:com.google.android.gms@221821044@22.18.21 (190400-453244992):2)
11-23 01:21:20.749 27061 27296 E BasePeopleOperation: 	at ciwq.c(:com.google.android.gms@221821044@22.18.21 (190400-453244992):2)
11-23 01:21:20.749 27061 27296 E BasePeopleOperation: 	at ciws.run(:com.google.android.gms@221821044@22.18.21 (190400-453244992):9)
11-23 01:21:20.749 27061 27296 E BasePeopleOperation: 	at ciyc.execute(:com.google.android.gms@221821044@22.18.21 (190400-453244992):0)
11-23 01:21:20.749 27061 27296 E BasePeopleOperation: 	at ciwo.q(:com.google.android.gms@221821044@22.18.21 (190400-453244992):1)
11-23 01:21:20.749 27061 27296 E BasePeopleOperation: 	at ciwo.j(:com.google.android.gms@221821044@22.18.21 (190400-453244992):8)
11-23 01:21:20.749 27061 27296 E BasePeopleOperation: 	at ciwo.m(:com.google.android.gms@221821044@22.18.21 (190400-453244992):0)
11-23 01:21:20.749 27061 27296 E BasePeopleOperation: 	at civy.run(:com.google.android.gms@221821044@22.18.21 (190400-453244992):9)
11-23 01:21:20.749 27061 27296 E BasePeopleOperation: 	at ciyc.execute(:com.google.android.gms@221821044@22.18.21 (190400-453244992):0)
11-23 01:21:20.749 27061 27296 E BasePeopleOperation: 	at ciwo.q(:com.google.android.gms@221821044@22.18.21 (190400-453244992):1)
11-23 01:21:20.749 27061 27296 E BasePeopleOperation: 	at ciwo.j(:com.google.android.gms@221821044@22.18.21 (190400-453244992):8)
11-23 01:21:20.749 27061 27296 E BasePeopleOperation: 	at ciwo.m(:com.google.android.gms@221821044@22.18.21 (190400-453244992):0)
11-23 01:21:20.749 27061 27296 E BasePeopleOperation: 	at ciwr.e(:com.google.android.gms@221821044@22.18.21 (190400-453244992):0)
11-23 01:21:20.749 27061 27296 E BasePeopleOperation: 	at ciws.run(:com.google.android.gms@221821044@22.18.21 (190400-453244992):12)
11-23 01:21:20.749 27061 27296 E BasePeopleOperation: 	at ciyc.execute(:com.google.android.gms@221821044@22.18.21 (190400-453244992):0)
11-23 01:21:20.749 27061 27296 E BasePeopleOperation: 	at ciwo.q(:com.google.android.gms@221821044@22.18.21 (190400-453244992):1)
11-23 01:21:20.749 27061 27296 E BasePeopleOperation: 	at ciwo.j(:com.google.android.gms@221821044@22.18.21 (190400-453244992):8)
11-23 01:21:20.749 27061 27296 E BasePeopleOperation: 	at ciwo.p(:com.google.android.gms@221821044@22.18.21 (190400-453244992):2)
11-23 01:21:20.749 27061 27296 E BasePeopleOperation: 	at cjah.e(:com.google.android.gms@221821044@22.18.21 (190400-453244992):2)
11-23 01:21:20.749 27061 27296 E BasePeopleOperation: 	at cizj.run(:com.google.android.gms@221821044@22.18.21 (190400-453244992):6)
11-23 01:21:20.749 27061 27296 E BasePeopleOperation: 	at cjaj.run(:com.google.android.gms@221821044@22.18.21 (190400-453244992):0)
11-23 01:21:20.749 27061 27296 E BasePeopleOperation: 	... 6 more
11-23 01:21:20.753   381   445 D goldfish-address-space: claimShared: Ask to claim region [0x1f09e4000 0x1f0e18000]
11-23 01:21:20.753   381   445 D goldfish-address-space: claimShared: Ask to claim region [0x1f0e18000 0x1f124c000]
11-23 01:21:20.754   381   445 D goldfish-address-space: claimShared: Ask to claim region [0x1f124c000 0x1f1680000]
11-23 01:21:20.757   736   771 W Parcel  : Expecting binder but got null!
11-23 01:21:20.758   736   736 W TextView: onProvideContentCaptureStructure(): calling assumeLayout()
11-23 01:21:20.759   557   572 I ActivityTaskManager: Displayed com.google.android.gms/.common.account.AccountPickerActivity: +58ms
11-23 01:21:20.773   381   445 D goldfish-address-space: claimShared: Ask to claim region [0x1f0e18000 0x1f1394000]
11-23 01:21:20.774   736   736 I ContentCaptureHelper: Setting logging level to OFF
11-23 01:21:20.776   381   445 D goldfish-address-space: claimShared: Ask to claim region [0x1f1394000 0x1f1910000]
11-23 01:21:20.783  1558  1558 W ContentCaptureService: handleSendEvents() received empty list of events
11-23 01:21:20.783  1476  1476 I GoogleInputMethodService: GoogleInputMethodService.onFinishInput():3220 
11-23 01:21:20.784  1476  1476 I GoogleInputMethodService: GoogleInputMethodService.updateDeviceLockedStatus():2114 repeatCheckTimes = 0, unlocked = true
11-23 01:21:20.784  1476  1476 I GoogleInputMethodService: GoogleInputMethodService.onStartInput():1919 onStartInput(EditorInfo{inputType=0x0(NULL) imeOptions=0x0 privateImeOptions=null actionName=UNSPECIFIED actionLabel=null actionId=0 initialSelStart=-1 initialSelEnd=-1 initialCapsMode=0x0 hintText=null label=null packageName=com.google.android.gms fieldId=-1 fieldName=null extras=null}, false)
11-23 01:21:20.784   381   445 D goldfish-address-space: claimShared: Ask to claim region [0x1f1910000 0x1f1e8c000]
11-23 01:21:20.784  1476  1476 I GoogleInputMethodService: GoogleInputMethodService.updateDeviceLockedStatus():2114 repeatCheckTimes = 2, unlocked = true
11-23 01:21:21.509   381   445 D goldfish-address-space: claimShared: Ask to claim region [0x1f1e8c000 0x1f24e0000]
11-23 01:21:21.533   736   771 D OpenGLRenderer: endAllActiveAnimators on 0xb4000074fc61a3d0 (RippleDrawable) with handle 0xb40000740c640ee0
11-23 01:21:21.550  1476  1476 I GoogleInputMethodService: GoogleInputMethodService.onFinishInput():3220 
11-23 01:21:21.550  1476  1476 I GoogleInputMethodService: GoogleInputMethodService.updateDeviceLockedStatus():2114 repeatCheckTimes = 0, unlocked = true
11-23 01:21:21.551  1476  1476 I GoogleInputMethodService: GoogleInputMethodService.onStartInput():1919 onStartInput(EditorInfo{inputType=0x0(NULL) imeOptions=0x0 privateImeOptions=null actionName=UNSPECIFIED actionLabel=null actionId=0 initialSelStart=-1 initialSelEnd=-1 initialCapsMode=0x0 hintText=null label=null packageName=com.google.android.gms fieldId=-1 fieldName=null extras=null}, false)
11-23 01:21:21.551  1476  1476 I GoogleInputMethodService: GoogleInputMethodService.updateDeviceLockedStatus():2114 repeatCheckTimes = 2, unlocked = true
11-23 01:21:21.551   557  1150 D CoreBackPreview: Window{75c12d5 u0 com.google.android.gms/com.google.android.gms.common.account.AccountPickerActivity}: Setting back callback null
11-23 01:21:21.553   557  1119 W InputManager-JNI: Input channel object '75c12d5 com.google.android.gms/com.google.android.gms.common.account.AccountPickerActivity (client)' was disposed without first being removed with the input manager!
11-23 01:21:21.555  1558  1558 W ContentCaptureService: handleSendEvents() received empty list of events
11-23 01:21:21.575  9066  9601 D TrafficStats: tagSocket(94) with statsTag=0x20000401, statsUid=10164
11-23 01:21:21.606  9066  9601 W Conscrypt: Could not set socket write timeout: java.net.SocketException: Socket closed
11-23 01:21:21.608  9066  9601 W Conscrypt: 	at com.google.android.gms.org.conscrypt.Platform.setSocketWriteTimeout(:com.google.android.gms@221821044@22.18.21 (190400-453244992):2)
11-23 01:21:21.608  9066  9601 W Conscrypt: 	at com.google.android.gms.org.conscrypt.ConscryptFileDescriptorSocket.setSoWriteTimeout(:com.google.android.gms@221821044@22.18.21 (190400-453244992):0)
11-23 01:21:21.681  9066  9601 W Conscrypt: Could not set socket write timeout: java.net.SocketException: Socket closed
11-23 01:21:21.681  9066  9601 W Conscrypt: 	at com.google.android.gms.org.conscrypt.Platform.setSocketWriteTimeout(:com.google.android.gms@221821044@22.18.21 (190400-453244992):2)
11-23 01:21:21.681  9066  9601 W Conscrypt: 	at com.google.android.gms.org.conscrypt.ConscryptFileDescriptorSocket.setSoWriteTimeout(:com.google.android.gms@221821044@22.18.21 (190400-453244992):0)
11-23 01:21:22.074   381   445 D goldfish-address-space: claimShared: Ask to claim region [0x1f24e0000 0x1f2b34000]
11-23 01:21:22.087   381   445 D goldfish-address-space: claimShared: Ask to claim region [0x1f09e4000 0x1f1038000]
11-23 01:21:22.100   557  1919 D CoreBackPreview: Window{983d9fb u0 com.google.android.gms/com.google.android.gms.signin.activity.SignInActivity}: Setting back callback null
11-23 01:21:22.104   557  3037 W InputManager-JNI: Input channel object '983d9fb com.google.android.gms/com.google.android.gms.signin.activity.SignInActivity (client)' was disposed without first being removed with the input manager!
11-23 01:21:22.106   557   575 V WindowManager: Unknown focus tokens, dropping reportFocusChanged
11-23 01:21:22.111  1558  1558 W ContentCaptureService: handleSendEvents() received empty list of events
11-23 01:21:22.111  1476  1476 I GoogleInputMethodService: GoogleInputMethodService.onFinishInput():3220 
11-23 01:21:22.112  1476  1476 I GoogleInputMethodService: GoogleInputMethodService.updateDeviceLockedStatus():2114 repeatCheckTimes = 0, unlocked = true
11-23 01:21:22.112  1476  1476 I GoogleInputMethodService: GoogleInputMethodService.onStartInput():1919 onStartInput(EditorInfo{inputType=0x0(NULL) imeOptions=0x0 privateImeOptions=null actionName=UNSPECIFIED actionLabel=null actionId=0 initialSelStart=-1 initialSelEnd=-1 initialCapsMode=0x0 hintText=null label=null packageName=com.google.android.gms fieldId=-1 fieldName=null extras=null}, false)
11-23 01:21:22.112  1476  1476 I GoogleInputMethodService: GoogleInputMethodService.updateDeviceLockedStatus():2114 repeatCheckTimes = 2, unlocked = true
11-23 01:21:22.113   557   570 D CoreBackPreview: Window{4f42994 u0 com.google.android.gms/com.google.android.gms.common.api.GoogleApiActivity}: Setting back callback null
11-23 01:21:22.113   557  2881 W InputManager-JNI: Input channel object '4f42994 com.google.android.gms/com.google.android.gms.common.api.GoogleApiActivity (client)' was disposed without first being removed with the input manager!
11-23 01:21:22.114  1558  1558 W ContentCaptureService: handleSendEvents() received empty list of events
11-23 01:21:22.121  1476  1476 I GoogleInputMethodService: GoogleInputMethodService.onFinishInput():3220 
11-23 01:21:22.121  1476  1476 I GoogleInputMethodService: GoogleInputMethodService.updateDeviceLockedStatus():2114 repeatCheckTimes = 0, unlocked = true
11-23 01:21:22.121  1476  1476 I GoogleInputMethodService: GoogleInputMethodService.onStartInput():1919 onStartInput(EditorInfo{inputType=0x0(NULL) imeOptions=0x0 privateImeOptions=null actionName=UNSPECIFIED actionLabel=null actionId=0 initialSelStart=-1 initialSelEnd=-1 initialCapsMode=0x0 hintText=null label=null packageName=com.google.android.gms fieldId=-1 fieldName=null extras=null}, false)
11-23 01:21:22.121  1476  1476 I GoogleInputMethodService: GoogleInputMethodService.updateDeviceLockedStatus():2114 repeatCheckTimes = 2, unlocked = true
11-23 01:21:22.145   381   445 D goldfish-address-space: claimShared: Ask to claim region [0x1f3438000 0x1f3a8c000]
11-23 01:21:22.156  3638  3638 D CompatibilityChangeReporter: Compat change id reported: 78294732; UID 10164; state: ENABLED
11-23 01:21:22.182   381   445 D goldfish-address-space: claimShared: Ask to claim region [0x1ed3c8000 0x1eda1c000]
11-23 01:21:22.186   557  1919 I WindowManager: Queue is too deep! Purged item with taskid=31
11-23 01:21:22.188  1558  1558 I AiAiTextClassifier: onDestroyTextClassificationSession = TextClassificationSessionId {f5fefad9-e19c-4a9d-b0f8-fc31039025ad}
11-23 01:21:22.189   557   568 W System  : A resource failed to call HardwareBuffer.close. 
11-23 01:21:22.189   557   568 W System  : A resource failed to call HardwareBuffer.close. 
11-23 01:21:22.189   557   568 W System  : A resource failed to call release. 
11-23 01:21:22.189   557   568 W System  : A resource failed to call HardwareBuffer.close. 
11-23 01:21:22.189   557   568 W System  : A resource failed to call release. 
11-23 01:21:22.201  3638  3822 D TrafficStats: tagSocket(96) with statsTag=0xffffffff, statsUid=-1
11-23 01:21:22.202   557  2881 W InputManager-JNI: Input channel object '86642cc com.google.android.gms/com.google.android.gms.auth.api.signin.ui.SignInActivity (client)' was disposed without first being removed with the input manager!
11-23 01:21:22.204  3638  3697 D EGL_emulation: app_time_stats: avg=107.43ms min=13.11ms max=1068.93ms count=18
11-23 01:21:22.206   557  2880 W WindowManager: Failed looking up window session=Session{dd17e67 736:u0a10108} callers=com.android.server.wm.WindowManagerService.windowForClientLocked:5972 com.android.server.wm.Session.setOnBackInvokedCallbackInfo:943 android.view.IWindowSession$Stub.onTransact:1180 
11-23 01:21:22.206   557  2880 E WindowManager: setOnBackInvokedCallback(): No window state for package:com.google.android.gms
11-23 01:21:22.217   557  2880 D CoreBackPreview: Window{a6de246 u0 com.ikost.tazecicek3/com.google.android.gms.auth.api.signin.internal.SignInHubActivity}: Setting back callback null
11-23 01:21:22.218   557  2879 W InputManager-JNI: Input channel object 'a6de246 com.ikost.tazecicek3/com.google.android.gms.auth.api.signin.internal.SignInHubActivity (client)' was disposed without first being removed with the input manager!
11-23 01:21:22.220  1476  1476 I GoogleInputMethodService: GoogleInputMethodService.onFinishInput():3220 
11-23 01:21:22.220  1476  1476 I GoogleInputMethodService: GoogleInputMethodService.updateDeviceLockedStatus():2114 repeatCheckTimes = 0, unlocked = true
11-23 01:21:22.220  1476  1476 I GoogleInputMethodService: GoogleInputMethodService.onStartInput():1919 onStartInput(EditorInfo{inputType=0x0(NULL) imeOptions=0x0 privateImeOptions=null actionName=UNSPECIFIED actionLabel=null actionId=0 initialSelStart=-1 initialSelEnd=-1 initialCapsMode=0x0 hintText=null label=null packageName=com.ikost.tazecicek3 fieldId=-1 fieldName=null extras=null}, false)
11-23 01:21:22.220  1476  1476 I GoogleInputMethodService: GoogleInputMethodService.updateDeviceLockedStatus():2114 repeatCheckTimes = 2, unlocked = true
11-23 01:21:22.292  3638  3736 I ReactNativeJS: google id:106659983812622760489
11-23 01:21:22.292  3638  3736 I ReactNativeJS: google email:ahmet.tekin197702@gmail.com
11-23 01:21:22.313  3638  3772 D TrafficStats: tagSocket(70) with statsTag=0xffffffff, statsUid=-1
11-23 01:21:22.379  3638  3736 I ReactNativeJS: 'Google Giriş Hatası', [AxiosError: Request failed with status code 403]
11-23 01:21:22.379  3638  3736 I ReactNativeJS: 'Error Code:', 'ERR_BAD_REQUEST'
11-23 01:21:22.379  3638  3736 I ReactNativeJS: 'Error Message:', 'Request failed with status code 403'
11-23 01:21:22.384  3638  3736 I ReactNativeJS: 'ikostalert called, alertRef => ', { props: {},
11-23 01:21:22.384  3638  3736 I ReactNativeJS:   context: 
11-23 01:21:22.384  3638  3736 I ReactNativeJS:    { sepetSayisi: 0,
11-23 01:21:22.384  3638  3736 I ReactNativeJS:      setSepetSayisi: [Function: bound dispatchSetState],
11-23 01:21:22.384  3638  3736 I ReactNativeJS:      sepetTutari: 0,
11-23 01:21:22.384  3638  3736 I ReactNativeJS:      setSepetTutari: [Function: bound dispatchSetState],
11-23 01:21:22.384  3638  3736 I ReactNativeJS:      language: 'TR',
11-23 01:21:22.384  3638  3736 I ReactNativeJS:      setLanguage: [Function: bound dispatchSetState],
11-23 01:21:22.384  3638  3736 I ReactNativeJS:      translations: [],
11-23 01:21:22.384  3638  3736 I ReactNativeJS:      translate: [Function: translate],
11-23 01:21:22.384  3638  3736 I ReactNativeJS:      fetchTranslations: [Function: fetchTranslations],
11-23 01:21:22.384  3638  3736 I ReactNativeJS:      kur: 'TL',
11-23 01:21:22.384  3638  3736 I ReactNativeJS:      setKur: [Function: bound dispatchSetState] },
11-23 01:21:22.384  3638  3736 I ReactNativeJS:   refs: {},
11-23 01:21:22.384  3638  3736 I ReactNativeJS:   updater: 
11-23 01:21:22.384  3638  3736 I ReactNativeJS:    { isMounted: [Function: isMounted],
11-23 01:21:22.384  3638  3736 I ReactNativeJS:      enqueueSetState: [Function: enqueueSetState],
11-23 01:21:22.384  3638  3736 I ReactNativeJS:      enqueueReplaceState: [Function: enqueueReplaceState],
11-23 01:21:22.384  3638  3736 I ReactNativeJS:      enqueueForceUpdate: [Function: enqueueForceUpdate] },
11-23 01:21:22.384  3638  3736 I ReactNativeJS:   state: { visible: false, title: '', message: '', buttons: [] },
11-23 01:21:22.384  3638  3736 I ReactNativeJS:   showAlert: [Function],
11-23 01:21:22.384  3638  3736 I ReactNativeJS:   hideAlert: [Function],
11-23 01:21:22.384  3638  3736 I ReactNativeJS:   _reactInternals: 
11-23 01:21:22.384  3638  3736 I ReactNativeJS:    { tag: 1,
11-23 01:21:22.384  3638  3736 I ReactNativeJS:      key: null,
11-23 01:21:22.384  3638  3736 I ReactNativeJS:      elementType: 
11-23 01:21:22.384  3638  3736 I ReactNativeJS:       { [Function: GlobalAlertContainer]
11-23 01:21:22.384  3638  3736 I ReactNativeJS:         contextType: 
11-23 01:21:22.384  3638  3736 I ReactNativeJS:          { '$$typeof': {},
11-23 01:21:22.384  3638  3736 I ReactNativeJS:            _currentValue: 
11-23 01:21:22.384  3638  3736 I ReactNativeJS:             { sepetSayisi: 0,
11-23 01:21:22.384  3638  3736 I ReactNativeJS:               setSepetSayisi: [Function: setSepetSayisi],
11-23 01:21:22.384  3638  3736 I ReactNativeJS:               sepetTutari: 0,
11-23 01:21:22.384  3638  3736 I ReactNativeJS:               setSepetTutari: [Function: setSepetTutari],
11-23 01:21:22.384  3638  3736 I ReactNativeJS:               language: 'TR',
11-23 01:21:22.384  3638  3736 I ReactNativeJS:               setLanguage: [Function: setLanguage],
11-23 01:21:22.384  3638  3736 I ReactNativeJS:               translations: [],
11-23 01:21:22.384  3638  3736 I ReactNativeJS:               translate: [Function: translate],
11-23 01:21:22.384  3638  3736 I ReactNativeJS:               fetchTranslations: [Function: fetchTranslations],
11-23 01:21:22.384  3638  3736 I ReactNativeJS:               kur: 'TL',
11-23 01:21:22.384  3638  3736 I ReactNativeJS:               setKur: [Function: setKur] },
11-23 01:21:22.384  3638  3736 I ReactNativeJS:            _currentValue2: 
11-23 01:21:22.384  3638  3736 I ReactNativeJS:             { sepetSayisi: 0,
11-23 01:21:22.384  3638  3736 I ReactNativeJS:               setSepetSayisi: [Function: setSepetSayisi],
11-23 01:21:22.384  3638  3736 I ReactNativeJS:               sepetTutari: 0,
11-23 01:21:22.384  3638  3736 I ReactNativeJS:               setSepetTutari: [Function: setSepetTutari],
11-23 01:21:22.384  3638  3736 I ReactNativeJS:               language: 'TR',
11-23 01:21:22.384  3638  3736 I ReactNativeJS:               setLanguage: [Function: setLanguage],
11-23 01:21:22.384  3638  3736 I ReactNativeJS:               translations: [],
11-23 01:21:22.384  3638  3736 I ReactNativeJS:               translate: [Function: translate],
11-23 01:21:22.384  3638  3736 I ReactNativeJS:               fetchTranslations: [Function: fetchTranslations],
11-23 01:21:22.384  3638  3736 I ReactNativeJS:               kur: 'TL',
11-23 01:21:22.384  3638  3736 I ReactNativeJS:               setKur: [Function: setKur] },
11-23 01:21:22.384  3638  3736 I ReactNativeJS:            _threadCount: 0,
11-23 01:21:22.384  3638  3736 I ReactNativeJS:            Provider: { '$$typeof': {}, _context: [Circular] },
11-23 01:21:22.384  3638  3736 I ReactNativeJS:            Consumer: { '$$typeof': {}, _context: [Circular] },
11-23 01:21:22.384  3638  3736 I ReactNativeJS:            _defaultValue: null,
11-23 01:21:22.384  3638  3736 I ReactNativeJS:            _globalName: null,
11-23 01:21:22.384  3638  3736 I ReactNativeJS:            _currentRenderer: null,
11-23 01:21:22.384  3638  3736 I ReactNativeJS:            _currentRenderer2: null } },
11-23 01:21:22.384  3638  3736 I ReactNativeJS:      type: 
11-23 01:21:22.384  3638  3736 I ReactNativeJS:       { [Function: GlobalAlertContainer]
11-23 01:21:22.384  3638  3736 I ReactNativeJS:         contextType: 
11-23 01:21:22.384  3638  3736 I ReactNativeJS:          { '$$typeof': {},
11-23 01:21:22.384  3638  3736 I ReactNativeJS:            _currentValue: 
11-23 01:21:22.384  3638  3736 I ReactNativeJS:             { sepetSayisi: 0,
11-23 01:21:22.384  3638  3736 I ReactNativeJS:               setSepetSayisi: [Function: setSepetSayisi],
11-23 01:21:22.384  3638  3736 I ReactNativeJS:               sepetTutari: 0,
11-23 01:21:22.384  3638  3736 I ReactNativeJS:               setSepetTutari: [Function: setSepetTutari],
11-23 01:21:22.384  3638  3736 I ReactNativeJS:               language: 'TR',
11-23 01:21:22.384  3638  3736 I ReactNativeJS:               setLanguage: [Function: setLanguage],
11-23 01:21:22.384  3638  3736 I ReactNativeJS:               translations: [],
11-23 01:21:22.384  3638  3736 I ReactNativeJS:               translate: [Function: translate],
11-23 01:21:22.384  3638  3736 I ReactNativeJS:               fetchTranslations: [Function: fetchTranslations],
11-23 01:21:22.384  3638  3736 I ReactNativeJS:               kur: 'TL',
11-23 01:21:22.384  3638  3736 I ReactNativeJS:               setKur: [Function: setKur] },
11-23 01:21:22.384  3638  3736 I ReactNativeJS:            _currentValue2: 
11-23 01:21:22.384  3638  3736 I ReactNativeJS:             { sepetSayisi: 0,
11-23 01:21:22.384  3638  3736 I ReactNativeJS:               setSepetSayisi: [Function: setSepetSayisi],
11-23 01:21:22.384  3638  3736 I ReactNativeJS:               sepetTutari: 0,
11-23 01:21:22.384  3638  3736 I ReactNativeJS:               setSepetTutari: [Function: setSepetTutari],
11-23 01:21:22.384  3638  3736 I ReactNativeJS:               language: 'TR',
11-23 01:21:22.384  3638  3736 I ReactNativeJS:               setLanguage: [Function: setLanguage],
11-23 01:21:22.384  3638  3736 I ReactNativeJS:               translations: [],
11-23 01:21:22.384  3638  3736 I ReactNativeJS:               translate: [Function: translate],
11-23 01:21:22.384  3638  3736 I ReactNativeJS:               fetchTranslations: [Function: fetchTranslations],
11-23 01:21:22.384  3638  3736 I ReactNativeJS:               kur: 'TL',
11-23 01:21:22.384  3638  3736 I ReactNativeJS:               setKur: [Function: setKur] },
11-23 01:21:22.384  3638  3736 I ReactNativeJS:            _threadCount: 0,
11-23 01:21:22.384  3638  3736 I ReactNativeJS:            Provider: { '$$typeof': {}, _context: [Circular] },
11-23 01:21:22.384  3638  3736 I ReactNativeJS:            Consumer: { '$$typeof': {}, _context: [Circular] },
11-23 01:21:22.384  3638  3736 I ReactNativeJS:            _defaultValue: null,
11-23 01:21:22.384  3638  3736 I ReactNativeJS:            _globalName: null,
11-23 01:21:22.384  3638  3736 I ReactNativeJS:            _currentRenderer: null,
11-23 01:21:22.384  3638  3736 I ReactNativeJS:            _currentRenderer2: null } },
11-23 01:21:22.384  3638  3736 I ReactNativeJS:      stateNode: [Circular],
11-23 01:21:22.384  3638  3736 I ReactNativeJS:      return: 
11-23 01:21:22.384  3638  3736 I ReactNativeJS:       { tag: 10,
11-23 01:21:22.384  3638  3736 I ReactNativeJS:         key: null,
11-23 01:21:22.384  3638  3736 I ReactNativeJS:         elementType: 
11-23 01:21:22.384  3638  3736 I ReactNativeJS:          { '$$typeof': {},
11-23 01:21:22.384  3638  3736 I ReactNativeJS:            _context: 
11-23 01:21:22.384  3638  3736 I ReactNativeJS:             { '$$typeof': {},
11-23 01:21:22.384  3638  3736 I ReactNativeJS:               _currentValue: 
11-23 01:21:22.384  3638  3736 I ReactNativeJS:                { sepetSayisi: 0,
11-23 01:21:22.384  3638  3736 I ReactNativeJS:                  setSepetSayisi: [Function: setSepetSayisi],
11-23 01:21:22.384  3638  3736 I ReactNativeJS:                  sepetTutari: 0,
11-23 01:21:22.384  3638  3736 I ReactNativeJS:                  setSepetTutari: [Function: setSepetTutari],
11-23 01:21:22.384  3638  3736 I ReactNativeJS:                  language: 'TR',
11-23 01:21:22.384  3638  3736 I ReactNativeJS:       
11-23 01:21:22.405   557  1150 D CoreBackPreview: Window{bbd4a86 u0 com.ikost.tazecicek3/com.ikost.tazecicek3.MainActivity}: Setting back callback OnBackInvokedCallbackInfo{mCallback=android.window.IOnBackInvokedCallback$Stub$Proxy@8204374, mPriority=0}
11-23 01:21:22.410   381   445 D goldfish-address-space: claimShared: Ask to claim region [0x1ec000000 0x1ec9e4000]
11-23 01:21:22.411   381   445 D goldfish-address-space: claimShared: Ask to claim region [0x1ec9e4000 0x1ed3c8000]
11-23 01:21:22.411   381   445 D goldfish-address-space: claimShared: Ask to claim region [0x1f0000000 0x1f09e4000]
11-23 01:21:22.417  3638  3697 W Parcel  : Expecting binder but got null!
11-23 01:21:22.466  1476  1476 I GoogleInputMethodService: GoogleInputMethodService.onFinishInput():3220 
11-23 01:21:22.466  1476  1476 I GoogleInputMethodService: GoogleInputMethodService.updateDeviceLockedStatus():2114 repeatCheckTimes = 0, unlocked = true
11-23 01:21:22.466  1476  1476 I GoogleInputMethodService: GoogleInputMethodService.onStartInput():1919 onStartInput(EditorInfo{inputType=0x0(NULL) imeOptions=0x0 privateImeOptions=null actionName=UNSPECIFIED actionLabel=null actionId=0 initialSelStart=-1 initialSelEnd=-1 initialCapsMode=0x0 hintText=null label=null packageName=com.ikost.tazecicek3 fieldId=-1 fieldName=null extras=null}, false)
11-23 01:21:22.467  1476  1476 I GoogleInputMethodService: GoogleInputMethodService.updateDeviceLockedStatus():2114 repeatCheckTimes = 2, unlocked = true
11-23 01:21:24.501 27061 27061 D BoundBrokerSvc: onUnbind: Intent { act=com.google.android.gms.feedback.internal.IFeedbackService dat=chimera-action: cmp=com.google.android.gms/.chimera.GmsBoundBrokerService }
11-23 01:21:29.474 19272 19296 D EGL_emulation: app_time_stats: avg=1412.73ms min=11.31ms max=15368.64ms count=11
11-23 01:21:29.480  1651  2257 I WorkerManager: dispose()
11-23 01:21:29.482  1651  2257 W A       : (REDACTED) Queue length for executor %s is now %d. Perhaps some tasks are too long, or the pool is too small.
11-23 01:21:32.222 27061 27061 D BoundBrokerSvc: onUnbind: Intent { act=com.google.android.gms.measurement.START pkg=com.google.android.gms }
11-23 01:21:35.797 27061 27061 D BoundBrokerSvc: onUnbind: Intent { act=com.google.android.gms.people.service.START dat=chimera-action: cmp=com.google.android.gms/.chimera.GmsBoundBrokerService }
11-23 01:21:37.081 27061 27061 D BoundBrokerSvc: onUnbind: Intent { act=com.google.android.gms.signin.service.START dat=chimera-action: cmp=com.google.android.gms/.chimera.GmsApiService }
11-23 01:21:49.471 19272 19296 D EGL_emulation: app_time_stats: avg=19996.54ms min=19996.54ms max=19996.54ms count=1
11-23 01:22:00.021  1558  1749 I AiAiEcho: Predicting[0]: 
11-23 01:22:00.022  1558  1749 I AiAiEcho: Ranked targets strategy: SORT, count: 0, ranking metadata: 
11-23 01:22:00.025  1558  1749 I AiAiEcho: #postPredictionTargets: Sending updates to UISurface lockscreen with targets# 0
11-23 01:22:00.025  1558  1749 I AiAiEcho: #postPredictionTargets: Sending updates to UISurface home with targets# 0
11-23 01:22:00.026  1558  1749 I AiAiEcho: #postPredictionTargets: Sending updates to UISurface media_data_manager with targets# 0
11-23 01:22:00.028  1097  1097 E BcSmartspaceCard: No tap action can be set up
11-23 01:22:00.037 19272 19296 D EGL_emulation: app_time_stats: avg=10565.44ms min=10565.44ms max=10565.44ms count=1
11-23 01:22:28.434   557  2881 D WifiNl80211Manager: Scan result ready event
11-23 01:22:28.434   557  2881 D WifiNative: Scan result ready event
11-23 01:22:48.294   557   568 W System  : A resource failed to call HardwareBuffer.close. 
11-23 01:22:48.294   557   568 W System  : A resource failed to call HardwareBuffer.close. 
11-23 01:22:57.364   557  2881 D CoreBackPreview: Window{acd2289 u0 PopupWindow:d0f3015}: Setting back callback OnBackInvokedCallbackInfo{mCallback=android.window.IOnBackInvokedCallback$Stub$Proxy@577aaaf, mPriority=0}
11-23 01:22:57.383   381   445 D goldfish-address-space: claimShared: Ask to claim region [0x1effb4000 0x1f0000000]
11-23 01:22:57.395   381   445 D goldfish-address-space: claimShared: Ask to claim region [0x1eff40000 0x1eff8c000]
11-23 01:22:57.400   381   445 D goldfish-address-space: claimShared: Ask to claim region [0x1ef994000 0x1ef9e0000]
11-23 01:22:57.421  3638  3697 W Parcel  : Expecting binder but got null!
11-23 01:22:57.667   557  2881 D CoreBackPreview: Window{acd2289 u0 PopupWindow:d0f3015}: Setting back callback null
11-23 01:22:57.670   557  2881 W InputManager-JNI: Input channel object 'acd2289 PopupWindow:d0f3015 (client)' was disposed without first being removed with the input manager!
11-23 01:23:00.004  1558  1749 I AiAiEcho: Predicting[0]: 
11-23 01:23:00.004  1558  1749 I AiAiEcho: Ranked targets strategy: SORT, count: 0, ranking metadata: 
11-23 01:23:00.004  1558  1749 I AiAiEcho: #postPredictionTargets: Sending updates to UISurface lockscreen with targets# 0
11-23 01:23:00.005  1558  1749 I AiAiEcho: #postPredictionTargets: Sending updates to UISurface home with targets# 0
11-23 01:23:00.005  1558  1749 I AiAiEcho: #postPredictionTargets: Sending updates to UISurface media_data_manager with targets# 0
11-23 01:23:00.005  1097  1097 E BcSmartspaceCard: No tap action can be set up
11-23 01:23:00.037 19272 19296 D EGL_emulation: app_time_stats: avg=60000.25ms min=60000.25ms max=60000.25ms count=1
11-23 01:23:18.266   557  1150 D CoreBackPreview: Window{e7ac545 u0 PopupWindow:eeee893}: Setting back callback OnBackInvokedCallbackInfo{mCallback=android.window.IOnBackInvokedCallback$Stub$Proxy@e8c81cb, mPriority=0}
11-23 01:23:18.270   381   445 D goldfish-address-space: claimShared: Ask to claim region [0x1effb4000 0x1f0000000]
11-23 01:23:18.272   381   445 D goldfish-address-space: claimShared: Ask to claim region [0x1eff40000 0x1eff8c000]
