11-23 01:14:49.374  3058  3058 W kost.tazecicek3: Accessing hidden field Landroid/widget/HorizontalScrollView;->mScroller:Landroid/widget/OverScroller; (unsupported, reflection, allowed)
11-23 01:14:49.376  3058  3058 W kost.tazecicek3: Accessing hidden field Landroid/widget/ScrollView;->mScroller:Landroid/widget/OverScroller; (unsupported, reflection, allowed)
11-23 01:14:49.383 19272 19296 D EGL_emulation: app_time_stats: avg=177.09ms min=10.73ms max=1731.29ms count=11
11-23 01:14:49.391  3058  3058 E unknown:UIViewOperationQueue: Unhandled SoftException
11-23 01:14:49.391  3058  3058 E unknown:UIViewOperationQueue: com.facebook.react.bridge.ReactNoCrashSoftException: com.facebook.react.bridge.RetryableMountingLayerException: Trying to send command to a non-existing view with tag [373] and command play
11-23 01:14:49.391  3058  3058 E unknown:UIViewOperationQueue: 	at com.facebook.react.uimanager.UIViewOperationQueue$1.run(UIViewOperationQueue.java:831)
11-23 01:14:49.391  3058  3058 E unknown:UIViewOperationQueue: 	at com.facebook.react.uimanager.UIViewOperationQueue.flushPendingBatches(UIViewOperationQueue.java:964)
11-23 01:14:49.391  3058  3058 E unknown:UIViewOperationQueue: 	at com.facebook.react.uimanager.UIViewOperationQueue.-$$Nest$mflushPendingBatches(Unknown Source:0)
11-23 01:14:49.391  3058  3058 E unknown:UIViewOperationQueue: 	at com.facebook.react.uimanager.UIViewOperationQueue$DispatchUIFrameCallback.doFrameGuarded(UIViewOperationQueue.java:1024)
11-23 01:14:49.391  3058  3058 E unknown:UIViewOperationQueue: 	at com.facebook.react.uimanager.GuardedFrameCallback.doFrame(GuardedFrameCallback.kt:22)
11-23 01:14:49.391  3058  3058 E unknown:UIViewOperationQueue: 	at com.facebook.react.modules.core.ReactChoreographer$1.doFrame(ReactChoreographer.java:89)
11-23 01:14:49.391  3058  3058 E unknown:UIViewOperationQueue: 	at android.view.Choreographer$CallbackRecord.run(Choreographer.java:1229)
11-23 01:14:49.391  3058  3058 E unknown:UIViewOperationQueue: 	at android.view.Choreographer$CallbackRecord.run(Choreographer.java:1239)
11-23 01:14:49.391  3058  3058 E unknown:UIViewOperationQueue: 	at android.view.Choreographer.doCallbacks(Choreographer.java:899)
11-23 01:14:49.391  3058  3058 E unknown:UIViewOperationQueue: 	at android.view.Choreographer.doFrame(Choreographer.java:827)
11-23 01:14:49.391  3058  3058 E unknown:UIViewOperationQueue: 	at android.view.Choreographer$FrameDisplayEventReceiver.run(Choreographer.java:1214)
11-23 01:14:49.391  3058  3058 E unknown:UIViewOperationQueue: 	at android.os.Handler.handleCallback(Handler.java:942)
11-23 01:14:49.391  3058  3058 E unknown:UIViewOperationQueue: 	at android.os.Handler.dispatchMessage(Handler.java:99)
11-23 01:14:49.391  3058  3058 E unknown:UIViewOperationQueue: 	at android.os.Looper.loopOnce(Looper.java:201)
11-23 01:14:49.391  3058  3058 E unknown:UIViewOperationQueue: 	at android.os.Looper.loop(Looper.java:288)
11-23 01:14:49.391  3058  3058 E unknown:UIViewOperationQueue: 	at android.app.ActivityThread.main(ActivityThread.java:7872)
11-23 01:14:49.391  3058  3058 E unknown:UIViewOperationQueue: 	at java.lang.reflect.Method.invoke(Native Method)
11-23 01:14:49.391  3058  3058 E unknown:UIViewOperationQueue: 	at com.android.internal.os.RuntimeInit$MethodAndArgsCaller.run(RuntimeInit.java:548)
11-23 01:14:49.391  3058  3058 E unknown:UIViewOperationQueue: 	at com.android.internal.os.ZygoteInit.main(ZygoteInit.java:936)
11-23 01:14:49.391  3058  3058 E unknown:UIViewOperationQueue: Caused by: com.facebook.react.bridge.RetryableMountingLayerException: Trying to send command to a non-existing view with tag [373] and command play
11-23 01:14:49.391  3058  3058 E unknown:UIViewOperationQueue: 	at com.facebook.react.uimanager.NativeViewHierarchyManager.dispatchCommand(NativeViewHierarchyManager.java:851)
11-23 01:14:49.391  3058  3058 E unknown:UIViewOperationQueue: 	at com.facebook.react.uimanager.UIViewOperationQueue$DispatchStringCommandOperation.executeWithExceptions(UIViewOperationQueue.java:331)
11-23 01:14:49.391  3058  3058 E unknown:UIViewOperationQueue: 	at com.facebook.react.uimanager.UIViewOperationQueue$1.run(UIViewOperationQueue.java:815)
11-23 01:14:49.391  3058  3058 E unknown:UIViewOperationQueue: 	... 18 more
11-23 01:14:49.745  3058  3067 I kost.tazecicek3: Compiler allocated 4579KB to compile void android.view.ViewRootImpl.performTraversals()
11-23 01:14:50.700  3058  3117 D EGL_emulation: app_time_stats: avg=65.77ms min=0.75ms max=1390.55ms count=42
11-23 01:14:50.702   381   381 D goldfish-address-space: claimShared: Ask to claim region [0x1ef994000 0x1efa54000]
11-23 01:14:50.703   401   551 I BpBinder: onLastStrongRef automatically unlinking death recipients: <uncached descriptor>
11-23 01:14:50.704 19272 19272 I LatencyTracker: ACTION_SHOW_BACK_ARROW latency=19
11-23 01:14:50.704   381   381 D goldfish-address-space: claimShared: Ask to claim region [0x1efa54000 0x1efb14000]
11-23 01:14:50.705   381   381 D goldfish-address-space: claimShared: Ask to claim region [0x1efb14000 0x1efbd4000]
11-23 01:14:50.717   381   381 D goldfish-address-space: claimShared: Ask to claim region [0x1eda1c000 0x1edb24000]
11-23 01:14:50.752   401   551 I BpBinder: onLastStrongRef automatically unlinking death recipients: <uncached descriptor>
11-23 01:14:50.752 19272 19290 D ShellBackPreview: Finishing gesture with event action: 1
11-23 01:14:50.752 19272 19290 D ShellBackPreview: onGestureFinished() mTriggerBack == false
11-23 01:14:50.752 19272 19290 D ShellBackPreview: BackAnimationController: finishAnimation()
11-23 01:14:50.799   398   529 D AudioFlinger: mixer(0xb400007de212e9a0) throttle end: throttle time(35)
11-23 01:14:50.817   381   381 D goldfish-address-space: claimShared: Ask to claim region [0x1eff9c000 0x1effb4000]
11-23 01:14:52.017  3058  3117 D EGL_emulation: app_time_stats: avg=65.79ms min=8.44ms max=782.98ms count=20
11-23 01:14:52.100  3058  3151 W unknown:ReactNative: Attempt to set local data for view with unknown tag: -1
11-23 01:14:52.100  3058  3151 W unknown:ReactNative: Attempt to set local data for view with unknown tag: -1
11-23 01:14:52.100  3058  3151 W unknown:ReactNative: Attempt to set local data for view with unknown tag: -1
11-23 01:14:52.101  3058  3151 W unknown:ReactNative: Attempt to set local data for view with unknown tag: -1
11-23 01:14:52.101  3058  3151 W unknown:ReactNative: Attempt to set local data for view with unknown tag: -1
11-23 01:14:52.101  3058  3151 W unknown:ReactNative: Attempt to set local data for view with unknown tag: -1
11-23 01:14:52.128 27061 27061 D BoundBrokerSvc: onBind: Intent { act=com.google.android.gms.auth.api.signin.service.START pkg=com.google.android.gms }
11-23 01:14:52.128 27061 27061 D BoundBrokerSvc: Loading bound service for intent: Intent { act=com.google.android.gms.auth.api.signin.service.START pkg=com.google.android.gms }
11-23 01:14:52.656 27061 27061 D BoundBrokerSvc: onUnbind: Intent { act=com.google.android.gms.feedback.internal.IFeedbackService dat=chimera-action: cmp=com.google.android.gms/.chimera.GmsBoundBrokerService }
11-23 01:14:53.391  3058  3211 D ProfileInstaller: Installing profile for com.ikost.tazecicek3
11-23 01:14:53.670  3058  3117 D EGL_emulation: app_time_stats: avg=51.67ms min=3.41ms max=1067.73ms count=32
11-23 01:14:53.737   557  3033 I ActivityTaskManager: START u0 {act=com.google.android.gms.auth.GOOGLE_SIGN_IN pkg=com.ikost.tazecicek3 cmp=com.ikost.tazecicek3/com.google.android.gms.auth.api.signin.internal.SignInHubActivity (has extras)} from uid 10164
11-23 01:14:53.755   557  2880 W ActivityTaskManager: Tried to set launchTime (0) < mLastActivityLaunchTime (16786061)
11-23 01:14:53.771   557  3033 I ActivityTaskManager: START u0 {act=com.google.android.gms.auth.GOOGLE_SIGN_IN pkg=com.google.android.gms cmp=com.google.android.gms/.auth.api.signin.ui.SignInActivity (has extras)} from uid 10164
11-23 01:14:53.780   557   570 D CoreBackPreview: Window{99acebc u0 com.ikost.tazecicek3/com.google.android.gms.auth.api.signin.internal.SignInHubActivity}: Setting back callback OnBackInvokedCallbackInfo{mCallback=android.window.IOnBackInvokedCallback$Stub$Proxy@faff99a, mPriority=0}
11-23 01:14:53.787   381   381 D goldfish-address-space: claimShared: Ask to claim region [0x1eda1c000 0x1ee400000]
11-23 01:14:53.787   381   381 D goldfish-address-space: claimShared: Ask to claim region [0x1ee400000 0x1eede4000]
11-23 01:14:53.788   381   381 D goldfish-address-space: claimShared: Ask to claim region [0x1ec000000 0x1ec9e4000]
11-23 01:14:53.790  3058  3117 W Parcel  : Expecting binder but got null!
11-23 01:14:53.792   557  3033 W ActivityTaskManager: Tried to set launchTime (0) < mLastActivityLaunchTime (16601598)
11-23 01:14:53.813 27061 27061 D BoundBrokerSvc: onBind: Intent { act=com.google.android.gms.signin.service.START dat=chimera-action: cmp=com.google.android.gms/.chimera.GmsApiService }
11-23 01:14:53.813 27061 27061 D BoundBrokerSvc: Loading bound service for intent: Intent { act=com.google.android.gms.signin.service.START dat=chimera-action: cmp=com.google.android.gms/.chimera.GmsApiService }
11-23 01:14:53.819   736   736 I ContentCaptureHelper: Setting logging level to OFF
11-23 01:14:53.825   557  3033 D CoreBackPreview: Window{d49fd4a u0 com.google.android.gms/com.google.android.gms.auth.api.signin.ui.SignInActivity}: Setting back callback OnBackInvokedCallbackInfo{mCallback=android.window.IOnBackInvokedCallback$Stub$Proxy@6677dd8, mPriority=0}
11-23 01:14:53.835   381   381 D goldfish-address-space: claimShared: Ask to claim region [0x1effb4000 0x1effb8000]
11-23 01:14:53.836   381   381 D goldfish-address-space: claimShared: Ask to claim region [0x1effb8000 0x1effbc000]
11-23 01:14:53.836   381   381 D goldfish-address-space: claimShared: Ask to claim region [0x1effbc000 0x1effc0000]
11-23 01:14:53.837   557   572 I ActivityTaskManager: Displayed com.google.android.gms/.auth.api.signin.ui.SignInActivity: +100ms
11-23 01:14:53.858  1476  1476 I GoogleInputMethodService: GoogleInputMethodService.onFinishInput():3220 
11-23 01:14:53.860   557  3033 I ActivityTaskManager: START u0 {cmp=com.google.android.gms/.common.api.GoogleApiActivity (has extras)} from uid 10108
11-23 01:14:53.861  1476  1476 I GoogleInputMethodService: GoogleInputMethodService.updateDeviceLockedStatus():2114 repeatCheckTimes = 0, unlocked = true
11-23 01:14:53.861  1476  1476 I GoogleInputMethodService: GoogleInputMethodService.onStartInput():1919 onStartInput(EditorInfo{inputType=0x0(NULL) imeOptions=0x0 privateImeOptions=null actionName=UNSPECIFIED actionLabel=null actionId=0 initialSelStart=-1 initialSelEnd=-1 initialCapsMode=0x0 hintText=null label=null packageName=com.google.android.gms fieldId=-1 fieldName=null extras=null}, false)
11-23 01:14:53.861  1476  1476 I GoogleInputMethodService: GoogleInputMethodService.updateDeviceLockedStatus():2114 repeatCheckTimes = 2, unlocked = true
11-23 01:14:53.862   557  3037 W ActivityTaskManager: Tried to set launchTime (0) < mLastActivityLaunchTime (16792861)
11-23 01:14:53.869   557  3033 I ActivityTaskManager: START u0 {act=com.google.android.gms.signin.action.SIGN_IN cmp=com.google.android.gms/.signin.activity.SignInActivity (has extras)} from uid 10108
11-23 01:14:53.871   736   736 I ContentCaptureHelper: Setting logging level to OFF
11-23 01:14:53.872   557  3033 D CoreBackPreview: Window{9393c23 u0 com.google.android.gms/com.google.android.gms.common.api.GoogleApiActivity}: Setting back callback OnBackInvokedCallbackInfo{mCallback=android.window.IOnBackInvokedCallback$Stub$Proxy@ea8ced9, mPriority=0}
11-23 01:14:53.873   557  3033 W ActivityTaskManager: Tried to set launchTime (0) < mLastActivityLaunchTime (16792931)
11-23 01:14:53.884   381   381 D goldfish-address-space: claimShared: Ask to claim region [0x1ec9e4000 0x1ed3c8000]
11-23 01:14:53.884   381   381 D goldfish-address-space: claimShared: Ask to claim region [0x1f3438000 0x1f3e1c000]
11-23 01:14:53.885   381   381 D goldfish-address-space: claimShared: Ask to claim region [0x1f0000000 0x1f09e4000]
11-23 01:14:53.888   736   771 W Parcel  : Expecting binder but got null!
11-23 01:14:53.892   736   736 I ContentCaptureHelper: Setting logging level to OFF
11-23 01:14:53.894   557  3033 D CoreBackPreview: Window{54e7f95 u0 com.google.android.gms/com.google.android.gms.signin.activity.SignInActivity}: Setting back callback OnBackInvokedCallbackInfo{mCallback=android.window.IOnBackInvokedCallback$Stub$Proxy@180c9b, mPriority=0}
11-23 01:14:53.902   381   381 D goldfish-address-space: claimShared: Ask to claim region [0x1effc0000 0x1effc4000]
11-23 01:14:53.903   381   381 D goldfish-address-space: claimShared: Ask to claim region [0x1effc4000 0x1effc8000]
11-23 01:14:53.903   381   381 D goldfish-address-space: claimShared: Ask to claim region [0x1effc8000 0x1effcc000]
11-23 01:14:53.904   557   572 I ActivityTaskManager: Displayed com.google.android.gms/.signin.activity.SignInActivity: +43ms
11-23 01:14:53.907   736   872 E dfas    : *~*~*~ Channel {0} was not shutdown properly!!! ~*~*~*
11-23 01:14:53.907   736   872 E dfas    :     Make sure to call shutdown()/shutdownNow() and wait until awaitTermination() returns true.
11-23 01:14:53.907   736   872 E dfas    : java.lang.RuntimeException: ManagedChannel allocation site
11-23 01:14:53.907   736   872 E dfas    : 	at dfar.<init>(:com.google.android.gms@221821044@22.18.21 (190400-453244992):3)
11-23 01:14:53.907   736   872 E dfas    : 	at dfas.<init>(:com.google.android.gms@221821044@22.18.21 (190400-453244992):2)
11-23 01:14:53.907   736   872 E dfas    : 	at detc.a(:com.google.android.gms@221821044@22.18.21 (190400-453244992):22)
11-23 01:14:53.907   736   872 E dfas    : 	at wql.c(:com.google.android.gms@221821044@22.18.21 (190400-453244992):22)
11-23 01:14:53.907   736   872 E dfas    : 	at wql.d(:com.google.android.gms@221821044@22.18.21 (190400-453244992):1)
11-23 01:14:53.907   736   872 E dfas    : 	at beur.call(:com.google.android.gms@221821044@22.18.21 (190400-453244992):31)
11-23 01:14:53.907   736   872 E dfas    : 	at java.util.concurrent.FutureTask.run(FutureTask.java:264)
11-23 01:14:53.907   736   872 E dfas    : 	at wwq.c(:com.google.android.gms@221821044@22.18.21 (190400-453244992):6)
11-23 01:14:53.907   736   872 E dfas    : 	at wwq.run(:com.google.android.gms@221821044@22.18.21 (190400-453244992):7)
11-23 01:14:53.907   736   872 E dfas    : 	at java.util.concurrent.ThreadPoolExecutor.runWorker(ThreadPoolExecutor.java:1137)
11-23 01:14:53.907   736   872 E dfas    : 	at java.util.concurrent.ThreadPoolExecutor$Worker.run(ThreadPoolExecutor.java:637)
11-23 01:14:53.907   736   872 E dfas    : 	at xbv.run(:com.google.android.gms@221821044@22.18.21 (190400-453244992):0)
11-23 01:14:53.907   736   872 E dfas    : 	at java.lang.Thread.run(Thread.java:1012)
11-23 01:14:53.918  1476  1476 I GoogleInputMethodService: GoogleInputMethodService.onFinishInput():3220 
11-23 01:14:53.918  1476  1476 I GoogleInputMethodService: GoogleInputMethodService.updateDeviceLockedStatus():2114 repeatCheckTimes = 0, unlocked = true
11-23 01:14:53.918  1476  1476 I GoogleInputMethodService: GoogleInputMethodService.onStartInput():1919 onStartInput(EditorInfo{inputType=0x0(NULL) imeOptions=0x0 privateImeOptions=null actionName=UNSPECIFIED actionLabel=null actionId=0 initialSelStart=-1 initialSelEnd=-1 initialCapsMode=0x0 hintText=null label=null packageName=com.google.android.gms fieldId=-1 fieldName=null extras=null}, false)
11-23 01:14:53.918  1476  1476 I GoogleInputMethodService: GoogleInputMethodService.updateDeviceLockedStatus():2114 repeatCheckTimes = 2, unlocked = true
11-23 01:14:53.920   736   768 D TrafficStats: tagSocket(97) with statsTag=0x20006501, statsUid=-1
11-23 01:14:53.954   736   768 W Conscrypt: Could not set socket write timeout: java.net.SocketException: Socket closed
11-23 01:14:53.954   736   768 W Conscrypt: 	at com.google.android.gms.org.conscrypt.Platform.setSocketWriteTimeout(:com.google.android.gms@221821044@22.18.21 (190400-453244992):2)
11-23 01:14:53.954   736   768 W Conscrypt: 	at com.google.android.gms.org.conscrypt.ConscryptFileDescriptorSocket.setSoWriteTimeout(:com.google.android.gms@221821044@22.18.21 (190400-453244992):0)
11-23 01:14:54.024   736   768 W Conscrypt: Could not set socket write timeout: java.net.SocketException: Socket closed
11-23 01:14:54.024   736   768 W Conscrypt: 	at com.google.android.gms.org.conscrypt.Platform.setSocketWriteTimeout(:com.google.android.gms@221821044@22.18.21 (190400-453244992):2)
11-23 01:14:54.024   736   768 W Conscrypt: 	at com.google.android.gms.org.conscrypt.ConscryptFileDescriptorSocket.setSoWriteTimeout(:com.google.android.gms@221821044@22.18.21 (190400-453244992):0)
11-23 01:14:54.123   736   736 I SignIn  : [Activity,SignInChimeraActivity] Couldn't fetch app's branding information, but continuing without it.
11-23 01:14:54.124   557  3033 I ActivityTaskManager: START u0 {act=com.google.android.gms.common.account.CHOOSE_ACCOUNT_USERTILE pkg=com.google.android.gms cmp=com.google.android.gms/.common.account.AccountChipAccountPickerActivity (has extras)} from uid 10108
11-23 01:14:54.126   557  3033 W ActivityTaskManager: Tried to set launchTime (0) < mLastActivityLaunchTime (16792941)
11-23 01:14:54.129   557  3033 I ActivityTaskManager: START u0 {flg=0x2000000 cmp=com.google.android.gms/.common.account.AccountPickerActivity (has extras)} from uid 10108
11-23 01:14:54.132   557   570 W ActivityTaskManager: Tried to set launchTime (0) < mLastActivityLaunchTime (16793195)
11-23 01:14:54.140 27061 27061 D BoundBrokerSvc: onBind: Intent { act=com.google.android.gms.people.service.START dat=chimera-action: cmp=com.google.android.gms/.chimera.GmsBoundBrokerService }
11-23 01:14:54.141 27061 27061 D BoundBrokerSvc: Loading bound service for intent: Intent { act=com.google.android.gms.people.service.START dat=chimera-action: cmp=com.google.android.gms/.chimera.GmsBoundBrokerService }
11-23 01:14:54.141   736   736 I ContentCaptureHelper: Setting logging level to OFF
11-23 01:14:54.147   736   736 W DividerItem: @android:attr/listDivider was not set in the theme used for this DividerItemDecoration. Please set that attribute all call setDrawable()
11-23 01:14:54.152   557   570 D CoreBackPreview: Window{23ac298 u0 com.google.android.gms/com.google.android.gms.common.account.AccountPickerActivity}: Setting back callback OnBackInvokedCallbackInfo{mCallback=android.window.IOnBackInvokedCallback$Stub$Proxy@b3556d6, mPriority=0}
11-23 01:14:54.152 27061 30388 I PeopleChimeraService: onService. callbacks = agfp@66c54a9, request = com.google.android.gms.common.internal.GetServiceRequest@1a1ba2e
11-23 01:14:54.159 27061 27297 E BasePeopleOperation: Failed to load OwnerAvatar from MDI with cause: %s
11-23 01:14:54.159 27061 27297 E BasePeopleOperation: java.util.concurrent.ExecutionException: bqxe
11-23 01:14:54.159 27061 27297 E BasePeopleOperation: 	at ciwo.s(:com.google.android.gms@221821044@22.18.21 (190400-453244992):3)
11-23 01:14:54.159 27061 27297 E BasePeopleOperation: 	at ciwo.get(:com.google.android.gms@221821044@22.18.21 (190400-453244992):9)
11-23 01:14:54.159 27061 27297 E BasePeopleOperation: 	at ayqm.e(:com.google.android.gms@221821044@22.18.21 (190400-453244992):7)
11-23 01:14:54.159 27061 27297 E BasePeopleOperation: 	at ayqh.b(:com.google.android.gms@221821044@22.18.21 (190400-453244992):1)
11-23 01:14:54.159 27061 27297 E BasePeopleOperation: 	at ayqf.d(:com.google.android.gms@221821044@22.18.21 (190400-453244992):3)
11-23 01:14:54.159 27061 27297 E BasePeopleOperation: 	at azkj.f(:com.google.android.gms@221821044@22.18.21 (190400-453244992):1)
11-23 01:14:54.159 27061 27297 E BasePeopleOperation: 	at agfo.el(:com.google.android.gms@221821044@22.18.21 (190400-453244992):1)
11-23 01:14:54.159 27061 27297 E BasePeopleOperation: 	at agfu.run(:com.google.android.gms@221821044@22.18.21 (190400-453244992):11)
11-23 01:14:54.159 27061 27297 E BasePeopleOperation: 	at cdgo.run(:com.google.android.gms@221821044@22.18.21 (190400-453244992):2)
11-23 01:14:54.159 27061 27297 E BasePeopleOperation: 	at wwq.c(:com.google.android.gms@221821044@22.18.21 (190400-453244992):6)
11-23 01:14:54.159 27061 27297 E BasePeopleOperation: 	at wwq.run(:com.google.android.gms@221821044@22.18.21 (190400-453244992):7)
11-23 01:14:54.159 27061 27297 E BasePeopleOperation: 	at java.util.concurrent.ThreadPoolExecutor.runWorker(ThreadPoolExecutor.java:1137)
11-23 01:14:54.159 27061 27297 E BasePeopleOperation: 	at java.util.concurrent.ThreadPoolExecutor$Worker.run(ThreadPoolExecutor.java:637)
11-23 01:14:54.159 27061 27297 E BasePeopleOperation: 	at xbv.run(:com.google.android.gms@221821044@22.18.21 (190400-453244992):0)
11-23 01:14:54.159 27061 27297 E BasePeopleOperation: 	at java.lang.Thread.run(Thread.java:1012)
11-23 01:14:54.159 27061 27297 E BasePeopleOperation: Caused by: bqxe
11-23 01:14:54.159 27061 27297 E BasePeopleOperation: 	at bqxq.a(:com.google.android.gms@221821044@22.18.21 (190400-453244992):2)
11-23 01:14:54.159 27061 27297 E BasePeopleOperation: 	at cdgt.a(:com.google.android.gms@221821044@22.18.21 (190400-453244992):2)
11-23 01:14:54.159 27061 27297 E BasePeopleOperation: 	at ciwq.c(:com.google.android.gms@221821044@22.18.21 (190400-453244992):2)
11-23 01:14:54.159 27061 27297 E BasePeopleOperation: 	at ciws.run(:com.google.android.gms@221821044@22.18.21 (190400-453244992):9)
11-23 01:14:54.159 27061 27297 E BasePeopleOperation: 	at ciyc.execute(:com.google.android.gms@221821044@22.18.21 (190400-453244992):0)
11-23 01:14:54.159 27061 27297 E BasePeopleOperation: 	at ciwo.q(:com.google.android.gms@221821044@22.18.21 (190400-453244992):1)
11-23 01:14:54.159 27061 27297 E BasePeopleOperation: 	at ciwo.j(:com.google.android.gms@221821044@22.18.21 (190400-453244992):8)
11-23 01:14:54.159 27061 27297 E BasePeopleOperation: 	at ciwo.m(:com.google.android.gms@221821044@22.18.21 (190400-453244992):0)
11-23 01:14:54.159 27061 27297 E BasePeopleOperation: 	at civy.run(:com.google.android.gms@221821044@22.18.21 (190400-453244992):9)
11-23 01:14:54.159 27061 27297 E BasePeopleOperation: 	at ciyc.execute(:com.google.android.gms@221821044@22.18.21 (190400-453244992):0)
11-23 01:14:54.159 27061 27297 E BasePeopleOperation: 	at ciwo.q(:com.google.android.gms@221821044@22.18.21 (190400-453244992):1)
11-23 01:14:54.159 27061 27297 E BasePeopleOperation: 	at ciwo.j(:com.google.android.gms@221821044@22.18.21 (190400-453244992):8)
11-23 01:14:54.159 27061 27297 E BasePeopleOperation: 	at ciwo.m(:com.google.android.gms@221821044@22.18.21 (190400-453244992):0)
11-23 01:14:54.159 27061 27297 E BasePeopleOperation: 	at ciwr.e(:com.google.android.gms@221821044@22.18.21 (190400-453244992):0)
11-23 01:14:54.159 27061 27297 E BasePeopleOperation: 	at ciws.run(:com.google.android.gms@221821044@22.18.21 (190400-453244992):12)
11-23 01:14:54.159 27061 27297 E BasePeopleOperation: 	at ciyc.execute(:com.google.android.gms@221821044@22.18.21 (190400-453244992):0)
11-23 01:14:54.159 27061 27297 E BasePeopleOperation: 	at ciwo.q(:com.google.android.gms@221821044@22.18.21 (190400-453244992):1)
11-23 01:14:54.159 27061 27297 E BasePeopleOperation: 	at ciwo.j(:com.google.android.gms@221821044@22.18.21 (190400-453244992):8)
11-23 01:14:54.159 27061 27297 E BasePeopleOperation: 	at ciwo.p(:com.google.android.gms@221821044@22.18.21 (190400-453244992):2)
11-23 01:14:54.159 27061 27297 E BasePeopleOperation: 	at cjah.e(:com.google.android.gms@221821044@22.18.21 (190400-453244992):2)
11-23 01:14:54.159 27061 27297 E BasePeopleOperation: 	at cizj.run(:com.google.android.gms@221821044@22.18.21 (190400-453244992):6)
11-23 01:14:54.159 27061 27297 E BasePeopleOperation: 	at cjaj.run(:com.google.android.gms@221821044@22.18.21 (190400-453244992):0)
11-23 01:14:54.159 27061 27297 E BasePeopleOperation: 	... 6 more
11-23 01:14:54.171   381   381 D goldfish-address-space: claimShared: Ask to claim region [0x1f09e4000 0x1f0da8000]
11-23 01:14:54.172   381   381 D goldfish-address-space: claimShared: Ask to claim region [0x1f0da8000 0x1f116c000]
11-23 01:14:54.172   381   381 D goldfish-address-space: claimShared: Ask to claim region [0x1f116c000 0x1f1530000]
11-23 01:14:54.175   736   771 W Parcel  : Expecting binder but got null!
11-23 01:14:54.175   736   736 W TextView: onProvideContentCaptureStructure(): calling assumeLayout()
11-23 01:14:54.176   557   572 I ActivityTaskManager: Displayed com.google.android.gms/.common.account.AccountPickerActivity: +52ms
11-23 01:14:54.191   381   381 D goldfish-address-space: claimShared: Ask to claim region [0x1f0da8000 0x1f12b4000]
11-23 01:14:54.192   736   736 I ContentCaptureHelper: Setting logging level to OFF
11-23 01:14:54.193  1476  1476 I GoogleInputMethodService: GoogleInputMethodService.onFinishInput():3220 
11-23 01:14:54.193  1476  1476 I GoogleInputMethodService: GoogleInputMethodService.updateDeviceLockedStatus():2114 repeatCheckTimes = 0, unlocked = true
11-23 01:14:54.193  1476  1476 I GoogleInputMethodService: GoogleInputMethodService.onStartInput():1919 onStartInput(EditorInfo{inputType=0x0(NULL) imeOptions=0x0 privateImeOptions=null actionName=UNSPECIFIED actionLabel=null actionId=0 initialSelStart=-1 initialSelEnd=-1 initialCapsMode=0x0 hintText=null label=null packageName=com.google.android.gms fieldId=-1 fieldName=null extras=null}, false)
11-23 01:14:54.194  1476  1476 I GoogleInputMethodService: GoogleInputMethodService.updateDeviceLockedStatus():2114 repeatCheckTimes = 2, unlocked = true
11-23 01:14:54.194   381   381 D goldfish-address-space: claimShared: Ask to claim region [0x1f12b4000 0x1f17c0000]
11-23 01:14:54.194  1558  1558 W ContentCaptureService: handleSendEvents() received empty list of events
11-23 01:14:54.202   381   381 D goldfish-address-space: claimShared: Ask to claim region [0x1f17c0000 0x1f1ccc000]
11-23 01:14:55.010   381   381 D goldfish-address-space: claimShared: Ask to claim region [0x1f1ccc000 0x1f2320000]
11-23 01:14:55.033   736   771 D OpenGLRenderer: endAllActiveAnimators on 0xb4000074fc6379c0 (RippleDrawable) with handle 0xb40000740c65c240
11-23 01:14:55.050   557   570 D CoreBackPreview: Window{23ac298 u0 com.google.android.gms/com.google.android.gms.common.account.AccountPickerActivity}: Setting back callback null
11-23 01:14:55.050   557   570 W InputManager-JNI: Input channel object '23ac298 com.google.android.gms/com.google.android.gms.common.account.AccountPickerActivity (client)' was disposed without first being removed with the input manager!
11-23 01:14:55.052  1558  1558 W ContentCaptureService: handleSendEvents() received empty list of events
11-23 01:14:55.052  1476  1476 I GoogleInputMethodService: GoogleInputMethodService.onFinishInput():3220 
11-23 01:14:55.053  1476  1476 I GoogleInputMethodService: GoogleInputMethodService.updateDeviceLockedStatus():2114 repeatCheckTimes = 0, unlocked = true
11-23 01:14:55.053  1476  1476 I GoogleInputMethodService: GoogleInputMethodService.onStartInput():1919 onStartInput(EditorInfo{inputType=0x0(NULL) imeOptions=0x0 privateImeOptions=null actionName=UNSPECIFIED actionLabel=null actionId=0 initialSelStart=-1 initialSelEnd=-1 initialCapsMode=0x0 hintText=null label=null packageName=com.google.android.gms fieldId=-1 fieldName=null extras=null}, false)
11-23 01:14:55.053  1476  1476 I GoogleInputMethodService: GoogleInputMethodService.updateDeviceLockedStatus():2114 repeatCheckTimes = 2, unlocked = true
11-23 01:14:55.120   736   736 W SignIn  : [Activity,SignInChimeraActivity] Failed to record the consent.
11-23 01:14:55.197   381   381 D goldfish-address-space: claimShared: Ask to claim region [0x1f2320000 0x1f2974000]
11-23 01:14:55.204   381   381 D goldfish-address-space: claimShared: Ask to claim region [0x1f09e4000 0x1f1038000]
11-23 01:14:55.209   557  3037 D CoreBackPreview: Window{54e7f95 u0 com.google.android.gms/com.google.android.gms.signin.activity.SignInActivity}: Setting back callback null
11-23 01:14:55.209   557  3037 W InputManager-JNI: Input channel object '54e7f95 com.google.android.gms/com.google.android.gms.signin.activity.SignInActivity (client)' was disposed without first being removed with the input manager!
11-23 01:14:55.213   736   736 W AutoManageHelper: Unresolved error while connecting client. Stopping auto-manage.
11-23 01:14:55.213   381   381 D goldfish-address-space: claimShared: Ask to claim region [0x1f1038000 0x1f168c000]
11-23 01:14:55.214  1558  1558 W ContentCaptureService: handleSendEvents() received empty list of events
11-23 01:14:55.225   557   773 D CoreBackPreview: Window{9393c23 u0 com.google.android.gms/com.google.android.gms.common.api.GoogleApiActivity}: Setting back callback null
11-23 01:14:55.226   557   773 W InputManager-JNI: Input channel object '9393c23 com.google.android.gms/com.google.android.gms.common.api.GoogleApiActivity (client)' was disposed without first being removed with the input manager!
11-23 01:14:55.228  3058  3058 D CompatibilityChangeReporter: Compat change id reported: 78294732; UID 10164; state: ENABLED
11-23 01:14:55.230   381   381 D goldfish-address-space: claimShared: Ask to claim region [0x1f3438000 0x1f3a8c000]
11-23 01:14:55.267   557  3033 I WindowManager: Queue is too deep! Purged item with taskid=29
11-23 01:14:55.273   557  2880 D CoreBackPreview: Window{d49fd4a u0 com.google.android.gms/com.google.android.gms.auth.api.signin.ui.SignInActivity}: Setting back callback null
11-23 01:14:55.273   557   568 W System  : A resource failed to call HardwareBuffer.close. 
11-23 01:14:55.274   557   568 W System  : A resource failed to call release. 
11-23 01:14:55.274   557   568 W System  : A resource failed to call HardwareBuffer.close. 
11-23 01:14:55.274   557   568 W System  : A resource failed to call HardwareBuffer.close. 
11-23 01:14:55.274   557   568 W System  : A resource failed to call release. 
11-23 01:14:55.276   557  3033 W InputManager-JNI: Input channel object 'd49fd4a com.google.android.gms/com.google.android.gms.auth.api.signin.ui.SignInActivity (client)' was disposed without first being removed with the input manager!
11-23 01:14:55.276  3058  3150 I ReactNativeJS: 'Google Giriş Hatası', [com.google.android.gms.common.api.ApiException: DEVELOPER_ERROR]
11-23 01:14:55.276  3058  3150 I ReactNativeJS: 'Error Code:', '10'
11-23 01:14:55.276  3058  3150 I ReactNativeJS: 'Error Message:', 'DEVELOPER_ERROR'
11-23 01:14:55.283  3058  3236 D TrafficStats: tagSocket(179) with statsTag=0xffffffff, statsUid=-1
11-23 01:14:55.286  3058  3150 I ReactNativeJS: 'ikostalert called, alertRef => ', { props: {},
11-23 01:14:55.286  3058  3150 I ReactNativeJS:   context: 
11-23 01:14:55.286  3058  3150 I ReactNativeJS:    { sepetSayisi: 0,
11-23 01:14:55.286  3058  3150 I ReactNativeJS:      setSepetSayisi: [Function: bound dispatchSetState],
11-23 01:14:55.286  3058  3150 I ReactNativeJS:      sepetTutari: 0,
11-23 01:14:55.286  3058  3150 I ReactNativeJS:      setSepetTutari: [Function: bound dispatchSetState],
11-23 01:14:55.286  3058  3150 I ReactNativeJS:      language: 'TR',
11-23 01:14:55.286  3058  3150 I ReactNativeJS:      setLanguage: [Function: bound dispatchSetState],
11-23 01:14:55.286  3058  3150 I ReactNativeJS:      translations: [],
11-23 01:14:55.286  3058  3150 I ReactNativeJS:      translate: [Function: translate],
11-23 01:14:55.286  3058  3150 I ReactNativeJS:      fetchTranslations: [Function: fetchTranslations],
11-23 01:14:55.286  3058  3150 I ReactNativeJS:      kur: 'TL',
11-23 01:14:55.286  3058  3150 I ReactNativeJS:      setKur: [Function: bound dispatchSetState] },
11-23 01:14:55.286  3058  3150 I ReactNativeJS:   refs: {},
11-23 01:14:55.286  3058  3150 I ReactNativeJS:   updater: 
11-23 01:14:55.286  3058  3150 I ReactNativeJS:    { isMounted: [Function: isMounted],
11-23 01:14:55.286  3058  3150 I ReactNativeJS:      enqueueSetState: [Function: enqueueSetState],
11-23 01:14:55.286  3058  3150 I ReactNativeJS:      enqueueReplaceState: [Function: enqueueReplaceState],
11-23 01:14:55.286  3058  3150 I ReactNativeJS:      enqueueForceUpdate: [Function: enqueueForceUpdate] },
11-23 01:14:55.286  3058  3150 I ReactNativeJS:   state: { visible: false, title: '', message: '', buttons: [] },
11-23 01:14:55.286  3058  3150 I ReactNativeJS:   showAlert: [Function],
11-23 01:14:55.286  3058  3150 I ReactNativeJS:   hideAlert: [Function],
11-23 01:14:55.286  3058  3150 I ReactNativeJS:   _reactInternals: 
11-23 01:14:55.286  3058  3150 I ReactNativeJS:    { tag: 1,
11-23 01:14:55.286  3058  3150 I ReactNativeJS:      key: null,
11-23 01:14:55.286  3058  3150 I ReactNativeJS:      elementType: 
11-23 01:14:55.286  3058  3150 I ReactNativeJS:       { [Function: GlobalAlertContainer]
11-23 01:14:55.286  3058  3150 I ReactNativeJS:         contextType: 
11-23 01:14:55.286  3058  3150 I ReactNativeJS:          { '$$typeof': {},
11-23 01:14:55.286  3058  3150 I ReactNativeJS:            _currentValue: 
11-23 01:14:55.286  3058  3150 I ReactNativeJS:             { sepetSayisi: 0,
11-23 01:14:55.286  3058  3150 I ReactNativeJS:               setSepetSayisi: [Function: setSepetSayisi],
11-23 01:14:55.286  3058  3150 I ReactNativeJS:               sepetTutari: 0,
11-23 01:14:55.286  3058  3150 I ReactNativeJS:               setSepetTutari: [Function: setSepetTutari],
11-23 01:14:55.286  3058  3150 I ReactNativeJS:               language: 'TR',
11-23 01:14:55.286  3058  3150 I ReactNativeJS:               setLanguage: [Function: setLanguage],
11-23 01:14:55.286  3058  3150 I ReactNativeJS:               translations: [],
11-23 01:14:55.286  3058  3150 I ReactNativeJS:               translate: [Function: translate],
11-23 01:14:55.286  3058  3150 I ReactNativeJS:               fetchTranslations: [Function: fetchTranslations],
11-23 01:14:55.286  3058  3150 I ReactNativeJS:               kur: 'TL',
11-23 01:14:55.286  3058  3150 I ReactNativeJS:               setKur: [Function: setKur] },
11-23 01:14:55.286  3058  3150 I ReactNativeJS:            _currentValue2: 
11-23 01:14:55.286  3058  3150 I ReactNativeJS:             { sepetSayisi: 0,
11-23 01:14:55.286  3058  3150 I ReactNativeJS:               setSepetSayisi: [Function: setSepetSayisi],
11-23 01:14:55.286  3058  3150 I ReactNativeJS:               sepetTutari: 0,
11-23 01:14:55.286  3058  3150 I ReactNativeJS:               setSepetTutari: [Function: setSepetTutari],
11-23 01:14:55.286  3058  3150 I ReactNativeJS:               language: 'TR',
11-23 01:14:55.286  3058  3150 I ReactNativeJS:               setLanguage: [Function: setLanguage],
11-23 01:14:55.286  3058  3150 I ReactNativeJS:               translations: [],
11-23 01:14:55.286  3058  3150 I ReactNativeJS:               translate: [Function: translate],
11-23 01:14:55.286  3058  3150 I ReactNativeJS:               fetchTranslations: [Function: fetchTranslations],
11-23 01:14:55.286  3058  3150 I ReactNativeJS:               kur: 'TL',
11-23 01:14:55.286  3058  3150 I ReactNativeJS:               setKur: [Function: setKur] },
11-23 01:14:55.286  3058  3150 I ReactNativeJS:            _threadCount: 0,
11-23 01:14:55.286  3058  3150 I ReactNativeJS:            Provider: { '$$typeof': {}, _context: [Circular] },
11-23 01:14:55.286  3058  3150 I ReactNativeJS:            Consumer: { '$$typeof': {}, _context: [Circular] },
11-23 01:14:55.286  3058  3150 I ReactNativeJS:            _defaultValue: null,
11-23 01:14:55.286  3058  3150 I ReactNativeJS:            _globalName: null,
11-23 01:14:55.286  3058  3150 I ReactNativeJS:            _currentRenderer: null,
11-23 01:14:55.286  3058  3150 I ReactNativeJS:            _currentRenderer2: null } },
11-23 01:14:55.286  3058  3150 I ReactNativeJS:      type: 
11-23 01:14:55.286  3058  3150 I ReactNativeJS:       { [Function: GlobalAlertContainer]
11-23 01:14:55.286  3058  3150 I ReactNativeJS:         contextType: 
11-23 01:14:55.286  3058  3150 I ReactNativeJS:          { '$$typeof': {},
11-23 01:14:55.286  3058  3150 I ReactNativeJS:            _currentValue: 
11-23 01:14:55.286  3058  3150 I ReactNativeJS:             { sepetSayisi: 0,
11-23 01:14:55.286  3058  3150 I ReactNativeJS:               setSepetSayisi: [Function: setSepetSayisi],
11-23 01:14:55.286  3058  3150 I ReactNativeJS:               sepetTutari: 0,
11-23 01:14:55.286  3058  3150 I ReactNativeJS:               setSepetTutari: [Function: setSepetTutari],
11-23 01:14:55.286  3058  3150 I ReactNativeJS:               language: 'TR',
11-23 01:14:55.286  3058  3150 I ReactNativeJS:               setLanguage: [Function: setLanguage],
11-23 01:14:55.286  3058  3150 I ReactNativeJS:               translations: [],
11-23 01:14:55.286  3058  3150 I ReactNativeJS:               translate: [Function: translate],
11-23 01:14:55.286  3058  3150 I ReactNativeJS:               fetchTranslations: [Function: fetchTranslations],
11-23 01:14:55.286  3058  3150 I ReactNativeJS:               kur: 'TL',
11-23 01:14:55.286  3058  3150 I ReactNativeJS:               setKur: [Function: setKur] },
11-23 01:14:55.286  3058  3150 I ReactNativeJS:            _currentValue2: 
11-23 01:14:55.286  3058  3150 I ReactNativeJS:             { sepetSayisi: 0,
11-23 01:14:55.286  3058  3150 I ReactNativeJS:               setSepetSayisi: [Function: setSepetSayisi],
11-23 01:14:55.286  3058  3150 I ReactNativeJS:               sepetTutari: 0,
11-23 01:14:55.286  3058  3150 I ReactNativeJS:               setSepetTutari: [Function: setSepetTutari],
11-23 01:14:55.286  3058  3150 I ReactNativeJS:               language: 'TR',
11-23 01:14:55.286  3058  3150 I ReactNativeJS:               setLanguage: [Function: setLanguage],
11-23 01:14:55.286  3058  3150 I ReactNativeJS:               translations: [],
11-23 01:14:55.286  3058  3150 I ReactNativeJS:               translate: [Function: translate],
11-23 01:14:55.286  3058  3150 I ReactNativeJS:               fetchTranslations: [Function: fetchTranslations],
11-23 01:14:55.286  3058  3150 I ReactNativeJS:               kur: 'TL',
11-23 01:14:55.286  3058  3150 I ReactNativeJS:               setKur: [Function: setKur] },
11-23 01:14:55.286  3058  3150 I ReactNativeJS:            _threadCount: 0,
11-23 01:14:55.286  3058  3150 I ReactNativeJS:            Provider: { '$$typeof': {}, _context: [Circular] },
11-23 01:14:55.286  3058  3150 I ReactNativeJS:            Consumer: { '$$typeof': {}, _context: [Circular] },
11-23 01:14:55.286  3058  3150 I ReactNativeJS:            _defaultValue: null,
11-23 01:14:55.286  3058  3150 I ReactNativeJS:            _globalName: null,
11-23 01:14:55.286  3058  3150 I ReactNativeJS:            _currentRenderer: null,
11-23 01:14:55.286  3058  3150 I ReactNativeJS:            _currentRenderer2: null } },
11-23 01:14:55.286  3058  3150 I ReactNativeJS:      stateNode: [Circular],
11-23 01:14:55.286  3058  3150 I ReactNativeJS:      return: 
11-23 01:14:55.286  3058  3150 I ReactNativeJS:       { tag: 10,
11-23 01:14:55.286  3058  3150 I ReactNativeJS:         key: null,
11-23 01:14:55.286  3058  3150 I ReactNativeJS:         elementType: 
11-23 01:14:55.286  3058  3150 I ReactNativeJS:          { '$$typeof': {},
11-23 01:14:55.286  3058  3150 I ReactNativeJS:            _context: 
11-23 01:14:55.286  3058  3150 I ReactNativeJS:             { '$$typeof': {},
11-23 01:14:55.286  3058  3150 I ReactNativeJS:               _currentValue: 
11-23 01:14:55.286  3058  3150 I ReactNativeJS:                { sepetSayisi: 0,
11-23 01:14:55.286  3058  3150 I ReactNativeJS:                  setSepetSayisi: [Function: setSepetSayisi],
11-23 01:14:55.286  3058  3150 I ReactNativeJS:                  sepetTutari: 0,
11-23 01:14:55.286  3058  3150 I ReactNativeJS:                  setSepetTutari: [Function: setSepetTutari],
11-23 01:14:55.286  3058  3150 I ReactNativeJS:                  language: 'TR',
11-23 01:14:55.286  3058  3150 I ReactNativeJS:       
11-23 01:14:55.305   557  1217 D CoreBackPreview: Window{4d98b91 u0 com.ikost.tazecicek3/com.ikost.tazecicek3.MainActivity}: Setting back callback OnBackInvokedCallbackInfo{mCallback=android.window.IOnBackInvokedCallback$Stub$Proxy@2cd8ef7, mPriority=0}
11-23 01:14:55.310  3058  3117 D EGL_emulation: app_time_stats: avg=86.16ms min=13.97ms max=1310.03ms count=19
11-23 01:14:55.313   381   381 D goldfish-address-space: claimShared: Ask to claim region [0x1ec9e4000 0x1ed3c8000]
11-23 01:14:55.314   381   381 D goldfish-address-space: claimShared: Ask to claim region [0x1f0000000 0x1f09e4000]
11-23 01:14:55.315   381   381 D goldfish-address-space: claimShared: Ask to claim region [0x1f49e4000 0x1f53c8000]
11-23 01:14:55.319  3058  3117 W Parcel  : Expecting binder but got null!
11-23 01:14:55.321  1476  1476 I GoogleInputMethodService: GoogleInputMethodService.onFinishInput():3220 
11-23 01:14:55.321  1476  1476 I GoogleInputMethodService: GoogleInputMethodService.updateDeviceLockedStatus():2114 repeatCheckTimes = 0, unlocked = true
11-23 01:14:55.321  1476  1476 I GoogleInputMethodService: GoogleInputMethodService.onStartInput():1919 onStartInput(EditorInfo{inputType=0x0(NULL) imeOptions=0x0 privateImeOptions=null actionName=UNSPECIFIED actionLabel=null actionId=0 initialSelStart=-1 initialSelEnd=-1 initialCapsMode=0x0 hintText=null label=null packageName=com.ikost.tazecicek3 fieldId=-1 fieldName=null extras=null}, false)
11-23 01:14:55.321  1476  1476 I GoogleInputMethodService: GoogleInputMethodService.updateDeviceLockedStatus():2114 repeatCheckTimes = 2, unlocked = true
11-23 01:14:55.354   557  1217 D CoreBackPreview: Window{99acebc u0 com.ikost.tazecicek3/com.google.android.gms.auth.api.signin.internal.SignInHubActivity}: Setting back callback null
11-23 01:14:55.355   557  1217 W InputManager-JNI: Input channel object '99acebc com.ikost.tazecicek3/com.google.android.gms.auth.api.signin.internal.SignInHubActivity (client)' was disposed without first being removed with the input manager!
11-23 01:14:55.367  1476  1476 I GoogleInputMethodService: GoogleInputMethodService.onFinishInput():3220 
11-23 01:14:55.367  1476  1476 I GoogleInputMethodService: GoogleInputMethodService.updateDeviceLockedStatus():2114 repeatCheckTimes = 0, unlocked = true
11-23 01:14:55.367  1476  1476 I GoogleInputMethodService: GoogleInputMethodService.onStartInput():1919 onStartInput(EditorInfo{inputType=0x0(NULL) imeOptions=0x0 privateImeOptions=null actionName=UNSPECIFIED actionLabel=null actionId=0 initialSelStart=-1 initialSelEnd=-1 initialCapsMode=0x0 hintText=null label=null packageName=com.ikost.tazecicek3 fieldId=-1 fieldName=null extras=null}, false)
11-23 01:14:55.367  1476  1476 I GoogleInputMethodService: GoogleInputMethodService.updateDeviceLockedStatus():2114 repeatCheckTimes = 2, unlocked = true
11-23 01:14:56.572  3058  3117 D EGL_emulation: app_time_stats: avg=412.57ms min=6.78ms max=1222.82ms count=3
11-23 01:14:56.649   557  2880 D CoreBackPreview: Window{4d98b91 u0 com.ikost.tazecicek3/com.ikost.tazecicek3.MainActivity}: Setting back callback null
11-23 01:14:56.652   557  2880 W InputManager-JNI: Input channel object '4d98b91 com.ikost.tazecicek3/com.ikost.tazecicek3.MainActivity (client)' was disposed without first being removed with the input manager!
11-23 01:14:56.657  3058  3117 D EGL_emulation: app_time_stats: avg=448.92ms min=13.59ms max=1306.50ms count=3
11-23 01:14:56.666   557   575 V WindowManager: Unknown focus tokens, dropping reportFocusChanged
11-23 01:14:56.684  1476  1476 I GoogleInputMethodService: GoogleInputMethodService.onFinishInput():3220 
11-23 01:14:56.684  1476  1476 I GoogleInputMethodService: GoogleInputMethodService.updateDeviceLockedStatus():2114 repeatCheckTimes = 0, unlocked = true
11-23 01:14:56.684  1476  1476 I GoogleInputMethodService: GoogleInputMethodService.onStartInput():1919 onStartInput(EditorInfo{inputType=0x0(NULL) imeOptions=0x0 privateImeOptions=null actionName=UNSPECIFIED actionLabel=null actionId=0 initialSelStart=-1 initialSelEnd=-1 initialCapsMode=0x0 hintText=null label=null packageName=com.ikost.tazecicek3 fieldId=-1 fieldName=null extras=null}, false)
11-23 01:14:56.684  1476  1476 I GoogleInputMethodService: GoogleInputMethodService.updateDeviceLockedStatus():2114 repeatCheckTimes = 2, unlocked = true
11-23 01:14:57.625  1651  2257 I WorkerManager: dispose()
11-23 01:14:57.627  1651  2257 W A       : (REDACTED) Queue length for executor %s is now %d. Perhaps some tasks are too long, or the pool is too small.
11-23 01:14:57.718   557  2880 I ActivityTaskManager: START u0 {act=com.google.android.gms.auth.GOOGLE_SIGN_IN pkg=com.ikost.tazecicek3 cmp=com.ikost.tazecicek3/com.google.android.gms.auth.api.signin.internal.SignInHubActivity (has extras)} from uid 10164
11-23 01:14:57.721   557  2880 W ActivityTaskManager: Tried to set launchTime (0) < mLastActivityLaunchTime (16792823)
11-23 01:14:57.727   557  2880 I ActivityTaskManager: START u0 {act=com.google.android.gms.auth.GOOGLE_SIGN_IN pkg=com.google.android.gms cmp=com.google.android.gms/.auth.api.signin.ui.SignInActivity (has extras)} from uid 10164
11-23 01:14:57.739   557  2880 D CoreBackPreview: Window{cf2ad92 u0 com.ikost.tazecicek3/com.google.android.gms.auth.api.signin.internal.SignInHubActivity}: Setting back callback OnBackInvokedCallbackInfo{mCallback=android.window.IOnBackInvokedCallback$Stub$Proxy@a331b60, mPriority=0}
11-23 01:14:57.740   557  2880 W ActivityTaskManager: Tried to set launchTime (0) < mLastActivityLaunchTime (16793201)
11-23 01:14:57.744   381   381 D goldfish-address-space: claimShared: Ask to claim region [0x1ec000000 0x1ec9e4000]
11-23 01:14:57.746   736   736 I ContentCaptureHelper: Setting logging level to OFF
11-23 01:14:57.751   381   381 D goldfish-address-space: claimShared: Ask to claim region [0x1ec9e4000 0x1ed3c8000]
11-23 01:14:57.752   557  2880 D CoreBackPreview: Window{29e8d8c u0 com.google.android.gms/com.google.android.gms.auth.api.signin.ui.SignInActivity}: Setting back callback OnBackInvokedCallbackInfo{mCallback=android.window.IOnBackInvokedCallback$Stub$Proxy@2a25cea, mPriority=0}
11-23 01:14:57.754  3058  3117 W Parcel  : Expecting binder but got null!
11-23 01:14:57.754   381   381 D goldfish-address-space: claimShared: Ask to claim region [0x1ed3c8000 0x1eddac000]
11-23 01:14:57.768  3058  3117 D EGL_emulation: app_time_stats: avg=370.35ms min=44.46ms max=948.46ms count=3
11-23 01:14:57.769   381   381 D goldfish-address-space: claimShared: Ask to claim region [0x1effb4000 0x1effb8000]
11-23 01:14:57.769   381   381 D goldfish-address-space: claimShared: Ask to claim region [0x1effb8000 0x1effbc000]
11-23 01:14:57.770   381   445 D goldfish-address-space: claimShared: Ask to claim region [0x1effbc000 0x1effc0000]
11-23 01:14:57.770   557   572 I ActivityTaskManager: Displayed com.google.android.gms/.auth.api.signin.ui.SignInActivity: +52ms
11-23 01:14:57.783   557  3033 I ActivityTaskManager: START u0 {cmp=com.google.android.gms/.common.api.GoogleApiActivity (has extras)} from uid 10108
11-23 01:14:57.785   557  2880 W ActivityTaskManager: Tried to set launchTime (0) < mLastActivityLaunchTime (16796809)
11-23 01:14:57.787  1476  1476 I GoogleInputMethodService: GoogleInputMethodService.onFinishInput():3220 
11-23 01:14:57.787  1476  1476 I GoogleInputMethodService: GoogleInputMethodService.updateDeviceLockedStatus():2114 repeatCheckTimes = 0, unlocked = true
11-23 01:14:57.787  1476  1476 I GoogleInputMethodService: GoogleInputMethodService.onStartInput():1919 onStartInput(EditorInfo{inputType=0x0(NULL) imeOptions=0x0 privateImeOptions=null actionName=UNSPECIFIED actionLabel=null actionId=0 initialSelStart=-1 initialSelEnd=-1 initialCapsMode=0x0 hintText=null label=null packageName=com.google.android.gms fieldId=-1 fieldName=null extras=null}, false)
11-23 01:14:57.788  1476  1476 I GoogleInputMethodService: GoogleInputMethodService.updateDeviceLockedStatus():2114 repeatCheckTimes = 2, unlocked = true
11-23 01:14:57.789   557   773 I ActivityTaskManager: START u0 {act=com.google.android.gms.signin.action.SIGN_IN cmp=com.google.android.gms/.signin.activity.SignInActivity (has extras)} from uid 10108
11-23 01:14:57.790   736   736 I ContentCaptureHelper: Setting logging level to OFF
11-23 01:14:57.792   557   773 D CoreBackPreview: Window{cf13c54 u0 com.google.android.gms/com.google.android.gms.common.api.GoogleApiActivity}: Setting back callback OnBackInvokedCallbackInfo{mCallback=android.window.IOnBackInvokedCallback$Stub$Proxy@6405cf2, mPriority=0}
11-23 01:14:57.793   557   773 W ActivityTaskManager: Tried to set launchTime (0) < mLastActivityLaunchTime (16796854)
11-23 01:14:57.800   381   445 D goldfish-address-space: claimShared: Ask to claim region [0x1eddac000 0x1ee790000]
11-23 01:14:57.801   381   445 D goldfish-address-space: claimShared: Ask to claim region [0x1f0000000 0x1f09e4000]
11-23 01:14:57.801   381   445 D goldfish-address-space: claimShared: Ask to claim region [0x1f168c000 0x1f2070000]
11-23 01:14:57.804   736   771 W Parcel  : Expecting binder but got null!
11-23 01:14:57.808   736   872 E dfas    : *~*~*~ Channel {0} was not shutdown properly!!! ~*~*~*
11-23 01:14:57.808   736   872 E dfas    :     Make sure to call shutdown()/shutdownNow() and wait until awaitTermination() returns true.
11-23 01:14:57.808   736   872 E dfas    : java.lang.RuntimeException: ManagedChannel allocation site
11-23 01:14:57.808   736   872 E dfas    : 	at dfar.<init>(:com.google.android.gms@221821044@22.18.21 (190400-453244992):3)
11-23 01:14:57.808   736   872 E dfas    : 	at dfas.<init>(:com.google.android.gms@221821044@22.18.21 (190400-453244992):2)
11-23 01:14:57.808   736   872 E dfas    : 	at detc.a(:com.google.android.gms@221821044@22.18.21 (190400-453244992):22)
11-23 01:14:57.808   736   872 E dfas    : 	at wql.c(:com.google.android.gms@221821044@22.18.21 (190400-453244992):22)
11-23 01:14:57.808   736   872 E dfas    : 	at wql.d(:com.google.android.gms@221821044@22.18.21 (190400-453244992):1)
