11-23 01:14:47.557  3058  3101 E com.facebook.GraphResponse: {HttpStatus: 400, errorCode: 190, subErrorCode: -1, errorType: OAuthException, errorMessage: Error validating application. Cannot get application info due to a system error.}
11-23 01:14:47.561  3058  3100 E com.facebook.GraphResponse: {HttpStatus: 400, errorCode: 190, subErrorCode: -1, errorType: OAuthException, errorMessage: Error validating application. Cannot get application info due to a system error.}
11-23 01:14:47.704  3058  3101 E com.facebook.GraphResponse: {HttpStatus: 400, errorCode: 190, subErrorCode: -1, errorType: OAuthException, errorMessage: Error validating application. Cannot get application info due to a system error.}
11-23 01:14:47.714  3058  3100 E com.facebook.GraphResponse: {HttpStatus: 400, errorCode: 190, subErrorCode: -1, errorType: OAuthException, errorMessage: Error validating application. Cannot get application info due to a system error.}
11-23 01:14:47.793  3058  3093 E com.facebook.GraphResponse: {HttpStatus: 400, errorCode: 190, subErrorCode: -1, errorType: OAuthException, errorMessage: Error validating application. Cannot get application info due to a system error.}
11-23 01:14:47.835   557  3037 D CoreBackPreview: Window{395624a u0 Splash Screen com.ikost.tazecicek3 EXITING}: Setting back callback null
11-23 01:14:47.835   557  2880 W InputManager-JNI: Input channel object '395624a Splash Screen com.ikost.tazecicek3 (client)' was disposed without first being removed with the input manager!
11-23 01:14:47.857  3058  3100 E com.facebook.GraphResponse: {HttpStatus: 400, errorCode: 190, subErrorCode: -1, errorType: OAuthException, errorMessage: Error validating application. Cannot get application info due to a system error.}
11-23 01:14:47.926  9066  9082 I FontLog : (REDACTED) Received query %s, URI %s
11-23 01:14:47.926  9066  9082 I FontLog : (REDACTED) Query [%s] resolved to %s
11-23 01:14:47.927  9066  9082 I FontLog : (REDACTED) Fetch %s end status %s
11-23 01:14:47.928  9066  9082 I FontLog : (REDACTED) Pulling font file for id = %d, cache size = %d
11-23 01:14:47.930  9066  9082 I FontLog : (REDACTED) Pulling font file for id = %d, cache size = %d
11-23 01:14:47.967   557  3033 D CoreBackPreview: Window{2bd024e u0 PopupWindow:ea214ed}: Setting back callback null
11-23 01:14:47.968   557  3033 W InputManager-JNI: Input channel object '2bd024e PopupWindow:ea214ed (client)' was disposed without first being removed with the input manager!
11-23 01:14:47.981  3058  3144 I CameraManagerGlobal: Connecting to camera service
11-23 01:14:47.986  3058  3149 I CameraDevices: Initializing ProcessCameraProvider...
11-23 01:14:47.989  3058  3149 D QuirkSettingsLoader: QuirkSettings$MetadataHolderService is not found.
11-23 01:14:47.989  3058  3149 D CameraX : QuirkSettings from app metadata: null
11-23 01:14:47.989  3058  3149 D CameraX : QuirkSettings by default: QuirkSettings{enabledWhenDeviceHasQuirk=true, forceEnabledQuirks=[], forceDisabledQuirks=[]}
11-23 01:14:47.991  3058  3155 D DeviceQuirks: camera2 DeviceQuirks = 
11-23 01:14:47.992   427  1837 W ServiceManager: Permission failure: android.permission.CAMERA from uid=10164 pid=3058
11-23 01:14:47.994   427  1837 W ServiceManager: Permission failure: android.permission.CAMERA from uid=10164 pid=3058
11-23 01:14:47.994   427  1837 W ServiceManager: Permission failure: android.permission.CAMERA from uid=10164 pid=3058
11-23 01:14:47.994   427  1837 W ServiceManager: Permission failure: android.permission.CAMERA from uid=10164 pid=3058
11-23 01:14:47.995  3058  3155 D CameraRepository: Added camera: 0
11-23 01:14:47.996  3058  3100 E com.facebook.GraphResponse: {HttpStatus: 400, errorCode: 190, subErrorCode: -1, errorType: OAuthException, errorMessage: Error validating application. Cannot get application info due to a system error.}
11-23 01:14:47.997  3058  3155 D CameraQuirks: camera2 CameraQuirks = 
11-23 01:14:48.001  3058  3155 I Camera2CameraInfo: Device Level: INFO_SUPPORTED_HARDWARE_LEVEL_LIMITED
11-23 01:14:48.002  3058  3155 D CameraRepository: Added camera: 1
11-23 01:14:48.002  3058  3155 D CameraQuirks: camera2 CameraQuirks = 
11-23 01:14:48.002  3058  3155 I Camera2CameraInfo: Device Level: INFO_SUPPORTED_HARDWARE_LEVEL_FULL
11-23 01:14:48.003  3058  3155 D CameraValidator: Verifying camera lens facing on emu64a, lensFacingInteger: null
11-23 01:14:48.004  3058  3157 I CameraDevices: Initializing ExtensionsManager...
11-23 01:14:48.005  3058  3058 W unknown:ReactNative: Packager connection already open, nooping.
11-23 01:14:48.006  3058  3157 D ExtenderVersion: No versioning extender found. Falling back to default.
11-23 01:14:48.006  3058  3157 I CameraDevices: Successfully initialized!
11-23 01:14:48.010  3058  3157 D DeviceQuirks: video DeviceQuirks = NegativeLatLongSavesIncorrectlyQuirk
11-23 01:14:48.010  3058  3157 D CompatibilityChangeReporter: Compat change id reported: 206033068; UID 10164; state: ENABLED
11-23 01:14:48.011  3058  3157 W Camera2EncoderProfilesProvider: Failed to create EncoderProfilesProxy, EncoderProfiles might  contain invalid video profiles. Use CamcorderProfile instead.
11-23 01:14:48.011  3058  3157 W Camera2EncoderProfilesProvider: java.lang.NullPointerException: Attempt to invoke virtual method 'int android.media.EncoderProfiles$VideoProfile.getCodec()' on a null object reference
11-23 01:14:48.011  3058  3157 W Camera2EncoderProfilesProvider: 	at androidx.camera.core.impl.compat.EncoderProfilesProxyCompatApi33Impl.fromVideoProfiles(EncoderProfilesProxyCompatApi33Impl.java:55)
11-23 01:14:48.011  3058  3157 W Camera2EncoderProfilesProvider: 	at androidx.camera.core.impl.compat.EncoderProfilesProxyCompatApi33Impl.from(EncoderProfilesProxyCompatApi33Impl.java:44)
11-23 01:14:48.011  3058  3157 W Camera2EncoderProfilesProvider: 	at androidx.camera.core.impl.compat.EncoderProfilesProxyCompat.from(EncoderProfilesProxyCompat.java:41)
11-23 01:14:48.011  3058  3157 W Camera2EncoderProfilesProvider: 	at androidx.camera.camera2.internal.Camera2EncoderProfilesProvider.getProfilesInternal(Camera2EncoderProfilesProvider.java:149)
11-23 01:14:48.011  3058  3157 W Camera2EncoderProfilesProvider: 	at androidx.camera.camera2.internal.Camera2EncoderProfilesProvider.getAll(Camera2EncoderProfilesProvider.java:97)
11-23 01:14:48.011  3058  3157 W Camera2EncoderProfilesProvider: 	at androidx.camera.video.internal.workaround.QualityAddedEncoderProfilesProvider.getProfilesInternal(QualityAddedEncoderProfilesProvider.java:83)
11-23 01:14:48.011  3058  3157 W Camera2EncoderProfilesProvider: 	at androidx.camera.video.internal.workaround.QualityAddedEncoderProfilesProvider.hasProfile(QualityAddedEncoderProfilesProvider.java:68)
11-23 01:14:48.011  3058  3157 W Camera2EncoderProfilesProvider: 	at androidx.camera.video.internal.workaround.QualityResolutionModifiedEncoderProfilesProvider.hasProfile(QualityResolutionModifiedEncoderProfilesProvider.java:60)
11-23 01:14:48.011  3058  3157 W Camera2EncoderProfilesProvider: 	at androidx.camera.video.internal.workaround.QualityValidatedEncoderProfilesProvider.hasProfile(QualityValidatedEncoderProfilesProvider.java:81)
11-23 01:14:48.011  3058  3157 W Camera2EncoderProfilesProvider: 	at androidx.camera.video.internal.DynamicRangeMatchedEncoderProfilesProvider.getProfilesInternal(DynamicRangeMatchedEncoderProfilesProvider.java:74)
11-23 01:14:48.011  3058  3157 W Camera2EncoderProfilesProvider: 	at androidx.camera.video.internal.DynamicRangeMatchedEncoderProfilesProvider.getAll(DynamicRangeMatchedEncoderProfilesProvider.java:64)
11-23 01:14:48.011  3058  3157 W Camera2EncoderProfilesProvider: 	at androidx.camera.video.CapabilitiesByQuality.getEncoderProfiles(CapabilitiesByQuality.java:172)
11-23 01:14:48.011  3058  3157 W Camera2EncoderProfilesProvider: 	at androidx.camera.video.CapabilitiesByQuality.<init>(CapabilitiesByQuality.java:62)
11-23 01:14:48.011  3058  3157 W Camera2EncoderProfilesProvider: 	at androidx.camera.video.RecorderVideoCapabilities.<init>(RecorderVideoCapabilities.java:141)
11-23 01:14:48.011  3058  3157 W Camera2EncoderProfilesProvider: 	at androidx.camera.video.Recorder.getVideoCapabilities(Recorder.java:3019)
11-23 01:14:48.011  3058  3157 W Camera2EncoderProfilesProvider: 	at com.mrousavy.camera.core.CameraDeviceDetails.<init>(CameraDeviceDetails.kt:58)
11-23 01:14:48.011  3058  3157 W Camera2EncoderProfilesProvider: 	at com.mrousavy.camera.react.CameraDevicesManager.getDevicesJson(CameraDevicesManager.kt:95)
11-23 01:14:48.011  3058  3157 W Camera2EncoderProfilesProvider: 	at com.mrousavy.camera.react.CameraDevicesManager.sendAvailableDevicesChangedEvent(CameraDevicesManager.kt:103)
11-23 01:14:48.011  3058  3157 W Camera2EncoderProfilesProvider: 	at com.mrousavy.camera.react.CameraDevicesManager$1.invokeSuspend(CameraDevicesManager.kt:74)
11-23 01:14:48.011  3058  3157 W Camera2EncoderProfilesProvider: 	at kotlin.coroutines.jvm.internal.BaseContinuationImpl.resumeWith(ContinuationImpl.kt:33)
11-23 01:14:48.011  3058  3157 W Camera2EncoderProfilesProvider: 	at kotlinx.coroutines.DispatchedTask.run(DispatchedTask.kt:101)
11-23 01:14:48.011  3058  3157 W Camera2EncoderProfilesProvider: 	at java.util.concurrent.ThreadPoolExecutor.runWorker(ThreadPoolExecutor.java:1137)
11-23 01:14:48.011  3058  3157 W Camera2EncoderProfilesProvider: 	at java.util.concurrent.ThreadPoolExecutor$Worker.run(ThreadPoolExecutor.java:637)
11-23 01:14:48.011  3058  3157 W Camera2EncoderProfilesProvider: 	at java.lang.Thread.run(Thread.java:1012)
11-23 01:14:48.011  3058  3157 W EncoderProfilesProxyCompat: Should use from(EncoderProfiles) on API 33instead. CamcorderProfile is deprecated on API 31.
11-23 01:14:48.011  3058  3157 D CapabilitiesByQuality: profiles = ImmutableEncoderProfilesProxy{defaultDurationSeconds=60, recommendedFileFormat=2, audioProfiles=[AudioProfileProxy{codec=1, mediaType=audio/3gpp, bitrate=12200, sampleRate=8000, channels=1, profile=-1}], videoProfiles=[VideoProfileProxy{codec=2, mediaType=video/avc, bitrate=12000000, frameRate=30, width=1280, height=720, profile=-1, bitDepth=8, chromaSubsampling=0, hdrFormat=0}]}
11-23 01:14:48.012  3058  3157 E CamcorderProfileUtils: Failed to get maximum FPS for Camera ID 0! Attempt to invoke virtual method 'int android.media.EncoderProfiles$VideoProfile.getFrameRate()' on a null object reference
11-23 01:14:48.012  3058  3157 E CamcorderProfileUtils: java.lang.NullPointerException: Attempt to invoke virtual method 'int android.media.EncoderProfiles$VideoProfile.getFrameRate()' on a null object reference
11-23 01:14:48.012  3058  3157 E CamcorderProfileUtils: 	at com.mrousavy.camera.core.utils.CamcorderProfileUtils$Companion.getMaximumFps(CamcorderProfileUtils.kt:90)
11-23 01:14:48.012  3058  3157 E CamcorderProfileUtils: 	at com.mrousavy.camera.core.CameraDeviceDetails.getFormats(CameraDeviceDetails.kt:135)
11-23 01:14:48.012  3058  3157 E CamcorderProfileUtils: 	at com.mrousavy.camera.core.CameraDeviceDetails.toMap(CameraDeviceDetails.kt:84)
11-23 01:14:48.012  3058  3157 E CamcorderProfileUtils: 	at com.mrousavy.camera.react.CameraDevicesManager.getDevicesJson(CameraDevicesManager.kt:96)
11-23 01:14:48.012  3058  3157 E CamcorderProfileUtils: 	at com.mrousavy.camera.react.CameraDevicesManager.sendAvailableDevicesChangedEvent(CameraDevicesManager.kt:103)
11-23 01:14:48.012  3058  3157 E CamcorderProfileUtils: 	at com.mrousavy.camera.react.CameraDevicesManager$1.invokeSuspend(CameraDevicesManager.kt:74)
11-23 01:14:48.012  3058  3157 E CamcorderProfileUtils: 	at kotlin.coroutines.jvm.internal.BaseContinuationImpl.resumeWith(ContinuationImpl.kt:33)
11-23 01:14:48.012  3058  3157 E CamcorderProfileUtils: 	at kotlinx.coroutines.DispatchedTask.run(DispatchedTask.kt:101)
11-23 01:14:48.012  3058  3157 E CamcorderProfileUtils: 	at java.util.concurrent.ThreadPoolExecutor.runWorker(ThreadPoolExecutor.java:1137)
11-23 01:14:48.012  3058  3157 E CamcorderProfileUtils: 	at java.util.concurrent.ThreadPoolExecutor$Worker.run(ThreadPoolExecutor.java:637)
11-23 01:14:48.012  3058  3157 E CamcorderProfileUtils: 	at java.lang.Thread.run(Thread.java:1012)
11-23 01:14:48.013  3058  3157 W Camera2EncoderProfilesProvider: Failed to create EncoderProfilesProxy, EncoderProfiles might  contain invalid video profiles. Use CamcorderProfile instead.
11-23 01:14:48.013  3058  3157 W Camera2EncoderProfilesProvider: java.lang.NullPointerException: Attempt to invoke virtual method 'int android.media.EncoderProfiles$VideoProfile.getCodec()' on a null object reference
11-23 01:14:48.013  3058  3157 W Camera2EncoderProfilesProvider: 	at androidx.camera.core.impl.compat.EncoderProfilesProxyCompatApi33Impl.fromVideoProfiles(EncoderProfilesProxyCompatApi33Impl.java:55)
11-23 01:14:48.013  3058  3157 W Camera2EncoderProfilesProvider: 	at androidx.camera.core.impl.compat.EncoderProfilesProxyCompatApi33Impl.from(EncoderProfilesProxyCompatApi33Impl.java:44)
11-23 01:14:48.013  3058  3157 W Camera2EncoderProfilesProvider: 	at androidx.camera.core.impl.compat.EncoderProfilesProxyCompat.from(EncoderProfilesProxyCompat.java:41)
11-23 01:14:48.013  3058  3157 W Camera2EncoderProfilesProvider: 	at androidx.camera.camera2.internal.Camera2EncoderProfilesProvider.getProfilesInternal(Camera2EncoderProfilesProvider.java:149)
11-23 01:14:48.013  3058  3157 W Camera2EncoderProfilesProvider: 	at androidx.camera.camera2.internal.Camera2EncoderProfilesProvider.getAll(Camera2EncoderProfilesProvider.java:97)
11-23 01:14:48.013  3058  3157 W Camera2EncoderProfilesProvider: 	at androidx.camera.video.internal.workaround.QualityAddedEncoderProfilesProvider.getProfilesInternal(QualityAddedEncoderProfilesProvider.java:83)
11-23 01:14:48.013  3058  3157 W Camera2EncoderProfilesProvider: 	at androidx.camera.video.internal.workaround.QualityAddedEncoderProfilesProvider.hasProfile(QualityAddedEncoderProfilesProvider.java:68)
11-23 01:14:48.013  3058  3157 W Camera2EncoderProfilesProvider: 	at androidx.camera.video.internal.workaround.QualityResolutionModifiedEncoderProfilesProvider.hasProfile(QualityResolutionModifiedEncoderProfilesProvider.java:60)
11-23 01:14:48.013  3058  3157 W Camera2EncoderProfilesProvider: 	at androidx.camera.video.internal.BackupHdrProfileEncoderProfilesProvider.hasProfile(BackupHdrProfileEncoderProfilesProvider.java:86)
11-23 01:14:48.013  3058  3157 W Camera2EncoderProfilesProvider: 	at androidx.camera.video.internal.workaround.QualityValidatedEncoderProfilesProvider.hasProfile(QualityValidatedEncoderProfilesProvider.java:81)
11-23 01:14:48.013  3058  3157 W Camera2EncoderProfilesProvider: 	at androidx.camera.video.internal.DynamicRangeMatchedEncoderProfilesProvider.getProfilesInternal(DynamicRangeMatchedEncoderProfilesProvider.java:74)
11-23 01:14:48.013  3058  3157 W Camera2EncoderProfilesProvider: 	at androidx.camera.video.internal.DynamicRangeMatchedEncoderProfilesProvider.getAll(DynamicRangeMatchedEncoderProfilesProvider.java:64)
11-23 01:14:48.013  3058  3157 W Camera2EncoderProfilesProvider: 	at androidx.camera.video.CapabilitiesByQuality.getEncoderProfiles(CapabilitiesByQuality.java:172)
11-23 01:14:48.013  3058  3157 W Camera2EncoderProfilesProvider: 	at androidx.camera.video.CapabilitiesByQuality.<init>(CapabilitiesByQuality.java:62)
11-23 01:14:48.013  3058  3157 W Camera2EncoderProfilesProvider: 	at androidx.camera.video.RecorderVideoCapabilities.<init>(RecorderVideoCapabilities.java:141)
11-23 01:14:48.013  3058  3157 W Camera2EncoderProfilesProvider: 	at androidx.camera.video.Recorder.getVideoCapabilities(Recorder.java:3019)
11-23 01:14:48.013  3058  3157 W Camera2EncoderProfilesProvider: 	at com.mrousavy.camera.core.CameraDeviceDetails.<init>(CameraDeviceDetails.kt:58)
11-23 01:14:48.013  3058  3157 W Camera2EncoderProfilesProvider: 	at com.mrousavy.camera.react.CameraDevicesManager.getDevicesJson(CameraDevicesManager.kt:95)
11-23 01:14:48.013  3058  3157 W Camera2EncoderProfilesProvider: 	at com.mrousavy.camera.react.CameraDevicesManager.sendAvailableDevicesChangedEvent(CameraDevicesManager.kt:103)
11-23 01:14:48.013  3058  3157 W Camera2EncoderProfilesProvider: 	at com.mrousavy.camera.react.CameraDevicesManager$1.invokeSuspend(CameraDevicesManager.kt:74)
11-23 01:14:48.013  3058  3157 W Camera2EncoderProfilesProvider: 	at kotlin.coroutines.jvm.internal.BaseContinuationImpl.resumeWith(ContinuationImpl.kt:33)
11-23 01:14:48.013  3058  3157 W Camera2EncoderProfilesProvider: 	at kotlinx.coroutines.DispatchedTask.run(DispatchedTask.kt:101)
11-23 01:14:48.013  3058  3157 W Camera2EncoderProfilesProvider: 	at java.util.concurrent.ThreadPoolExecutor.runWorker(ThreadPoolExecutor.java:1137)
11-23 01:14:48.013  3058  3157 W Camera2EncoderProfilesProvider: 	at java.util.concurrent.ThreadPoolExecutor$Worker.run(ThreadPoolExecutor.java:637)
11-23 01:14:48.013  3058  3157 W Camera2EncoderProfilesProvider: 	at java.lang.Thread.run(Thread.java:1012)
11-23 01:14:48.013  3058  3157 W EncoderProfilesProxyCompat: Should use from(EncoderProfiles) on API 33instead. CamcorderProfile is deprecated on API 31.
11-23 01:14:48.013  3058  3157 D BackupHdrProfileEncoderProfilesProvider: Base Bitrate(12000000bps) * Bit Depth Ratio (10 / 8) = 15000000
11-23 01:14:48.018  3058  3157 D MediaCodecList: codecHandlesFormat: no format, so no extra checks
11-23 01:14:48.027  3058  3159 D CCodec  : allocate(c2.android.hevc.encoder)
11-23 01:14:48.028  3058  3159 I Codec2Client: Available Codec2 services: "default" "software"
11-23 01:14:48.030  3058  3151 W unknown:ViewManagerPropertyUpdater: Could not find generated setter for class com.facebook.react.views.debuggingoverlay.DebuggingOverlayManager
11-23 01:14:48.031  3058  3151 W unknown:ViewManagerPropertyUpdater: Could not find generated setter for class com.facebook.react.uimanager.LayoutShadowNode
11-23 01:14:48.032  3058  3151 W unknown:ViewManagerPropertyUpdater: Could not find generated setter for class com.facebook.react.views.drawer.ReactDrawerLayoutManager
11-23 01:14:48.032  3058  3151 W unknown:ViewManagerPropertyUpdater: Could not find generated setter for class com.facebook.react.views.scroll.ReactHorizontalScrollViewManager
11-23 01:14:48.033  3058  3151 W unknown:ViewManagerPropertyUpdater: Could not find generated setter for class com.facebook.react.views.scroll.ReactHorizontalScrollContainerViewManager
11-23 01:14:48.033  3058  3151 W unknown:ViewManagerPropertyUpdater: Could not find generated setter for class com.facebook.react.views.progressbar.ReactProgressBarViewManager
11-23 01:14:48.034  3058  3151 W unknown:ViewManagerPropertyUpdater: Could not find generated setter for class com.facebook.react.views.progressbar.ProgressBarShadowNode
11-23 01:14:48.034  3058  3159 I CCodec  : setting up 'default' as default (vendor) store
11-23 01:14:48.034  3058  3151 W unknown:ViewManagerPropertyUpdater: Could not find generated setter for class com.facebook.react.views.scroll.ReactScrollViewManager
11-23 01:14:48.035  3058  3151 W unknown:ViewManagerPropertyUpdater: Could not find generated setter for class com.facebook.react.views.switchview.ReactSwitchManager
11-23 01:14:48.035  3058  3151 W unknown:ViewManagerPropertyUpdater: Could not find generated setter for class com.facebook.react.views.switchview.ReactSwitchManager$ReactSwitchShadowNode
11-23 01:14:48.035  3058  3151 W unknown:ViewManagerPropertyUpdater: Could not find generated setter for class com.facebook.react.views.swiperefresh.SwipeRefreshLayoutManager
11-23 01:14:48.036  3058  3151 W unknown:ViewManagerPropertyUpdater: Could not find generated setter for class com.facebook.react.views.text.frescosupport.FrescoBasedReactTextInlineImageViewManager
11-23 01:14:48.036  3058  3151 W unknown:ViewManagerPropertyUpdater: Could not find generated setter for class com.facebook.react.views.text.frescosupport.FrescoBasedReactTextInlineImageShadowNode
11-23 01:14:48.036  3058  3151 W unknown:ViewManagerPropertyUpdater: Could not find generated setter for class com.facebook.react.views.image.ReactImageManager
11-23 01:14:48.036  3058  3151 W unknown:ViewManagerPropertyUpdater: Could not find generated setter for class com.facebook.react.views.modal.ReactModalHostManager
11-23 01:14:48.037  3058  3151 W unknown:ViewManagerPropertyUpdater: Could not find generated setter for class com.facebook.react.views.modal.ModalHostShadowNode
11-23 01:14:48.037  3058  3151 W unknown:ViewManagerPropertyUpdater: Could not find generated setter for class com.facebook.react.views.text.ReactRawTextManager
11-23 01:14:48.037  3058  3151 W unknown:ViewManagerPropertyUpdater: Could not find generated setter for class com.facebook.react.views.text.ReactRawTextShadowNode
11-23 01:14:48.037  3058  3151 W unknown:ViewManagerPropertyUpdater: Could not find generated setter for class com.facebook.react.views.textinput.ReactTextInputManager
11-23 01:14:48.038  3058  3151 W unknown:ViewManagerPropertyUpdater: Could not find generated setter for class com.facebook.react.views.textinput.ReactTextInputShadowNode
11-23 01:14:48.038  3058  3151 W unknown:ViewManagerPropertyUpdater: Could not find generated setter for class com.facebook.react.views.text.ReactTextViewManager
11-23 01:14:48.039  3058  3151 W unknown:ViewManagerPropertyUpdater: Could not find generated setter for class com.facebook.react.views.text.ReactTextShadowNode
11-23 01:14:48.039  3058  3151 W unknown:ViewManagerPropertyUpdater: Could not find generated setter for class com.facebook.react.views.view.ReactViewManager
11-23 01:14:48.039  3058  3151 W unknown:ViewManagerPropertyUpdater: Could not find generated setter for class com.facebook.react.views.text.ReactVirtualTextViewManager
11-23 01:14:48.040  3058  3151 W unknown:ViewManagerPropertyUpdater: Could not find generated setter for class com.facebook.react.views.text.ReactVirtualTextShadowNode
11-23 01:14:48.040  3058  3151 W unknown:ViewManagerPropertyUpdater: Could not find generated setter for class com.facebook.react.views.unimplementedview.ReactUnimplementedViewManager
11-23 01:14:48.040  3058  3151 W unknown:ViewManagerPropertyUpdater: Could not find generated setter for class com.reactnativegooglesignin.RNGoogleSigninButtonViewManager
11-23 01:14:48.040  3058  3151 W unknown:ViewManagerPropertyUpdater: Could not find generated setter for class com.reactnativecommunity.picker.ReactDialogPickerManager
11-23 01:14:48.040  3058  3151 W unknown:ViewManagerPropertyUpdater: Could not find generated setter for class com.reactnativecommunity.picker.ReactPickerShadowNode
11-23 01:14:48.041  3058  3151 W unknown:ViewManagerPropertyUpdater: Could not find generated setter for class com.reactnativecommunity.picker.ReactDropdownPickerManager
11-23 01:14:48.041  3058  3151 W unknown:ViewManagerPropertyUpdater: Could not find generated setter for class com.airbnb.android.react.lottie.LottieAnimationViewManager
11-23 01:14:48.041  3058  3151 W unknown:ViewManagerPropertyUpdater: Could not find generated setter for class com.dylanvann.fastimage.FastImageViewManager
11-23 01:14:48.042  3058  3151 W unknown:ViewManagerPropertyUpdater: Could not find generated setter for class com.facebook.reactnative.androidsdk.FBLoginButtonManager
11-23 01:14:48.042  3058  3151 W unknown:ViewManagerPropertyUpdater: Could not find generated setter for class com.facebook.reactnative.androidsdk.FBSendButtonManager
11-23 01:14:48.042  3058  3151 W unknown:ViewManagerPropertyUpdater: Could not find generated setter for class com.facebook.reactnative.androidsdk.FBShareButtonManager
11-23 01:14:48.042  3058  3151 W unknown:ViewManagerPropertyUpdater: Could not find generated setter for class com.swmansion.gesturehandler.react.RNGestureHandlerRootViewManager
11-23 01:14:48.042  3058  3151 W unknown:ViewManagerPropertyUpdater: Could not find generated setter for class com.swmansion.gesturehandler.react.RNGestureHandlerButtonViewManager
11-23 01:14:48.043  3058  3151 W unknown:ViewManagerPropertyUpdater: Could not find generated setter for class com.rnmaps.maps.MapManager
11-23 01:14:48.043  3058  3151 W unknown:ViewManagerPropertyUpdater: Could not find generated setter for class com.rnmaps.maps.MapMarkerManager
11-23 01:14:48.044  3058  3151 W unknown:ViewManagerPropertyUpdater: Could not find generated setter for class com.rnmaps.maps.MapCalloutManager
11-23 01:14:48.044  3058  3151 W unknown:ViewManagerPropertyUpdater: Could not find generated setter for class com.rnmaps.maps.MapPolylineManager
11-23 01:14:48.044  3058  3151 W unknown:ViewManagerPropertyUpdater: Could not find generated setter for class com.rnmaps.maps.MapGradientPolylineManager
11-23 01:14:48.044  3058  3151 W unknown:ViewManagerPropertyUpdater: Could not find generated setter for class com.rnmaps.maps.MapPolygonManager
11-23 01:14:48.045  3058  3151 W unknown:ViewManagerPropertyUpdater: Could not find generated setter for class com.rnmaps.maps.MapCircleManager
11-23 01:14:48.045  3058  3151 W unknown:ViewManagerPropertyUpdater: Could not find generated setter for class com.rnmaps.maps.MapUrlTileManager
11-23 01:14:48.045  3058  3151 W unknown:ViewManagerPropertyUpdater: Could not find generated setter for class com.rnmaps.maps.MapWMSTileManager
11-23 01:14:48.045  3058  3151 W unknown:ViewManagerPropertyUpdater: Could not find generated setter for class com.rnmaps.maps.MapLocalTileManager
11-23 01:14:48.046  3058  3151 W unknown:ViewManagerPropertyUpdater: Could not find generated setter for class com.rnmaps.maps.MapOverlayManager
11-23 01:14:48.046  3058  3151 W unknown:ViewManagerPropertyUpdater: Could not find generated setter for class com.rnmaps.maps.MapHeatmapManager
11-23 01:14:48.046  3058  3151 W unknown:ViewManagerPropertyUpdater: Could not find generated setter for class com.th3rdwave.safeareacontext.SafeAreaProviderManager
11-23 01:14:48.046  3058  3151 W unknown:ViewManagerPropertyUpdater: Could not find generated setter for class com.th3rdwave.safeareacontext.SafeAreaViewManager
11-23 01:14:48.046  3058  3151 W unknown:ViewManagerPropertyUpdater: Could not find generated setter for class com.th3rdwave.safeareacontext.SafeAreaViewShadowNode
11-23 01:14:48.047  3058  3151 W unknown:ViewManagerPropertyUpdater: Could not find generated setter for class com.swmansion.rnscreens.ScreenContainerViewManager
11-23 01:14:48.047  3058  3151 W unknown:ViewManagerPropertyUpdater: Could not find generated setter for class com.swmansion.rnscreens.ScreenViewManager
11-23 01:14:48.047   461   928 V C2Store : in init
11-23 01:14:48.047   461   928 V C2Store : loading dll
11-23 01:14:48.047  3058  3151 W unknown:ViewManagerPropertyUpdater: Could not find generated setter for class com.swmansion.rnscreens.ModalScreenViewManager
11-23 01:14:48.048  3058  3151 W unknown:ViewManagerPropertyUpdater: Could not find generated setter for class com.swmansion.rnscreens.ScreenStackViewManager
11-23 01:14:48.048  3058  3151 W unknown:ViewManagerPropertyUpdater: Could not find generated setter for class com.swmansion.rnscreens.ScreenStackHeaderConfigViewManager
11-23 01:14:48.048  3058  3151 W unknown:ViewManagerPropertyUpdater: Could not find generated setter for class com.swmansion.rnscreens.ScreenStackHeaderSubviewManager
11-23 01:14:48.048  3058  3151 W unknown:ViewManagerPropertyUpdater: Could not find generated setter for class com.swmansion.rnscreens.SearchBarManager
11-23 01:14:48.049  3058  3151 W unknown:ViewManagerPropertyUpdater: Could not find generated setter for class com.horcrux.svg.RenderableViewManager$DefsViewManager
11-23 01:14:48.049  3058  3151 W unknown:ViewManagerPropertyUpdater: Could not find generated setter for class com.horcrux.svg.VirtualViewManager$RenderableShadowNode
11-23 01:14:48.049  3058  3151 W unknown:ViewManagerPropertyUpdater: Could not find generated setter for class com.horcrux.svg.RenderableViewManager$FeMergeManager
11-23 01:14:48.050  3058  3151 W unknown:ViewManagerPropertyUpdater: Could not find generated setter for class com.horcrux.svg.RenderableViewManager$LinearGradientManager
11-23 01:14:48.050  3058  3151 W unknown:ViewManagerPropertyUpdater: Could not find generated setter for class com.horcrux.svg.RenderableViewManager$FeGaussianBlurManager
11-23 01:14:48.050  3058  3151 W unknown:ViewManagerPropertyUpdater: Could not find generated setter for class com.horcrux.svg.RenderableViewManager$FeColorMatrixManager
11-23 01:14:48.051  3058  3151 W unknown:ViewManagerPropertyUpdater: Could not find generated setter for class com.horcrux.svg.RenderableViewManager$ClipPathViewManager
11-23 01:14:48.051  3058  3151 W unknown:ViewManagerPropertyUpdater: Could not find generated setter for class com.horcrux.svg.RenderableViewManager$SymbolManager
11-23 01:14:48.052  3058  3151 W unknown:ViewManagerPropertyUpdater: Could not find generated setter for class com.horcrux.svg.RenderableViewManager$PatternManager
11-23 01:14:48.052  3058  3151 W unknown:ViewManagerPropertyUpdater: Could not find generated setter for class com.horcrux.svg.RenderableViewManager$FeBlendManager
11-23 01:14:48.053  3058  3151 W unknown:ViewManagerPropertyUpdater: Could not find generated setter for class com.horcrux.svg.SvgViewManager
11-23 01:14:48.053  3058  3151 W unknown:ViewManagerPropertyUpdater: Could not find generated setter for class com.horcrux.svg.RenderableViewManager$UseViewManager
11-23 01:14:48.054  3058  3151 W unknown:ViewManagerPropertyUpdater: Could not find generated setter for class com.horcrux.svg.RenderableViewManager$CircleViewManager
11-23 01:14:48.054  3058  3151 W unknown:ViewManagerPropertyUpdater: Could not find generated setter for class com.horcrux.svg.RenderableViewManager$TSpanViewManager
11-23 01:14:48.054   461   928 I mediaswcodec: missing struct descriptor #Param::CoreIndex(--004) for field values of struct #Param::CoreIndex(F-12004)
11-23 01:14:48.054   461   928 I mediaswcodec: missing struct descriptor #Param::CoreIndex(--1812) for field values of struct #Param::CoreIndex(F-11812)
11-23 01:14:48.054  3058  3151 W unknown:ViewManagerPropertyUpdater: Could not find generated setter for class com.horcrux.svg.RenderableViewManager$FilterManager
11-23 01:14:48.054   461   928 I mediaswcodec: missing struct descriptor #Param::CoreIndex(--004) for field values of struct #Param::CoreIndex(F-12004)
11-23 01:14:48.054   461   928 I mediaswcodec: missing struct descriptor #Param::CoreIndex(--1812) for field values of struct #Param::CoreIndex(F-11812)
11-23 01:14:48.055  3058  3151 W unknown:ViewManagerPropertyUpdater: Could not find generated setter for class com.horcrux.svg.RenderableViewManager$MarkerManager
11-23 01:14:48.055  3058  3151 W unknown:ViewManagerPropertyUpdater: Could not find generated setter for class com.horcrux.svg.RenderableViewManager$ForeignObjectManager
11-23 01:14:48.056  3058  3151 W unknown:ViewManagerPropertyUpdater: Could not find generated setter for class com.horcrux.svg.RenderableViewManager$EllipseViewManager
11-23 01:14:48.056  3058  3151 W unknown:ViewManagerPropertyUpdater: Could not find generated setter for class com.horcrux.svg.RenderableViewManager$LineViewManager
11-23 01:14:48.056  3058  3151 W unknown:ViewManagerPropertyUpdater: Could not find generated setter for class com.horcrux.svg.RenderableViewManager$FeFloodManager
11-23 01:14:48.057  3058  3151 W unknown:ViewManagerPropertyUpdater: Could not find generated setter for class com.horcrux.svg.RenderableViewManager$GroupViewManager
11-23 01:14:48.057  3058  3151 W unknown:ViewManagerPropertyUpdater: Could not find generated setter for class com.horcrux.svg.RenderableViewManager$TextViewManager
11-23 01:14:48.057  3058  3159 I CCodec  : Created component [c2.android.hevc.encoder]
11-23 01:14:48.057  3058  3151 W unknown:ViewManagerPropertyUpdater: Could not find generated setter for class com.horcrux.svg.RenderableViewManager$ImageViewManager
11-23 01:14:48.058  3058  3159 D CCodecConfig: read media type: video/hevc
11-23 01:14:48.058  3058  3151 W unknown:ViewManagerPropertyUpdater: Could not find generated setter for class com.horcrux.svg.RenderableViewManager$FeCompositeManager
11-23 01:14:48.058  3058  3151 W unknown:ViewManagerPropertyUpdater: Could not find generated setter for class com.horcrux.svg.RenderableViewManager$RadialGradientManager
11-23 01:14:48.058  3058  3151 W unknown:ViewManagerPropertyUpdater: Could not find generated setter for class com.horcrux.svg.RenderableViewManager$MaskManager
11-23 01:14:48.059  3058  3151 W unknown:ViewManagerPropertyUpdater: Could not find generated setter for class com.horcrux.svg.RenderableViewManager$RectViewManager
11-23 01:14:48.059  3058  3151 W unknown:ViewManagerPropertyUpdater: Could not find generated setter for class com.horcrux.svg.RenderableViewManager$TextPathViewManager
11-23 01:14:48.060  3058  3151 W unknown:ViewManagerPropertyUpdater: Could not find generated setter for class com.horcrux.svg.RenderableViewManager$FeOffsetManager
11-23 01:14:48.060  3058  3159 D ReflectedParamUpdater: extent() != 1 for single value type: algo.buffers.max-count.values
11-23 01:14:48.060  3058  3151 W unknown:ViewManagerPropertyUpdater: Could not find generated setter for class com.horcrux.svg.RenderableViewManager$PathViewManager
11-23 01:14:48.060  3058  3159 D ReflectedParamUpdater: extent() != 1 for single value type: output.subscribed-indices.values
11-23 01:14:48.060  3058  3159 D ReflectedParamUpdater: extent() != 1 for single value type: input.buffers.allocator-ids.values
11-23 01:14:48.060  3058  3159 D ReflectedParamUpdater: extent() != 1 for single value type: output.buffers.allocator-ids.values
11-23 01:14:48.060  3058  3159 D ReflectedParamUpdater: extent() != 1 for single value type: algo.buffers.allocator-ids.values
11-23 01:14:48.061  3058  3159 D ReflectedParamUpdater: extent() != 1 for single value type: output.buffers.pool-ids.values
11-23 01:14:48.061  3058  3159 D ReflectedParamUpdater: extent() != 1 for single value type: algo.buffers.pool-ids.values
11-23 01:14:48.061  3058  3151 W unknown:ViewManagerPropertyUpdater: Could not find generated setter for class com.brentvatne.exoplayer.ReactExoplayerViewManager
11-23 01:14:48.061  3058  3151 E unknown:UIManagerModuleConstantsHelper: Direct event name for 'CameraView' doesn't correspond to the naming convention, expected 'topEventName'->'onEventName', got 'topCameraStarted'->'onStarted'
11-23 01:14:48.061  3058  3151 E unknown:UIManagerModuleConstantsHelper: Direct event name for 'CameraView' doesn't correspond to the naming convention, expected 'topEventName'->'onEventName', got 'topCameraError'->'onError'
11-23 01:14:48.061  3058  3151 E unknown:UIManagerModuleConstantsHelper: Direct event name for 'CameraView' doesn't correspond to the naming convention, expected 'topEventName'->'onEventName', got 'topCameraViewReady'->'onViewReady'
11-23 01:14:48.061  3058  3151 E unknown:UIManagerModuleConstantsHelper: Direct event name for 'CameraView' doesn't correspond to the naming convention, expected 'topEventName'->'onEventName', got 'topCameraAverageFpsChanged'->'onAverageFpsChanged'
11-23 01:14:48.061  3058  3151 E unknown:UIManagerModuleConstantsHelper: Direct event name for 'CameraView' doesn't correspond to the naming convention, expected 'topEventName'->'onEventName', got 'topCameraShutter'->'onShutter'
11-23 01:14:48.061  3058  3151 E unknown:UIManagerModuleConstantsHelper: Direct event name for 'CameraView' doesn't correspond to the naming convention, expected 'topEventName'->'onEventName', got 'topCameraOutputOrientationChanged'->'onOutputOrientationChanged'
11-23 01:14:48.061  3058  3151 E unknown:UIManagerModuleConstantsHelper: Direct event name for 'CameraView' doesn't correspond to the naming convention, expected 'topEventName'->'onEventName', got 'topCameraInitialized'->'onInitialized'
11-23 01:14:48.061  3058  3151 E unknown:UIManagerModuleConstantsHelper: Direct event name for 'CameraView' doesn't correspond to the naming convention, expected 'topEventName'->'onEventName', got 'topCameraCodeScanned'->'onCodeScanned'
11-23 01:14:48.061  3058  3151 E unknown:UIManagerModuleConstantsHelper: Direct event name for 'CameraView' doesn't correspond to the naming convention, expected 'topEventName'->'onEventName', got 'topCameraPreviewOrientationChanged'->'onPreviewOrientationChanged'
11-23 01:14:48.061  3058  3151 E unknown:UIManagerModuleConstantsHelper: Direct event name for 'CameraView' doesn't correspond to the naming convention, expected 'topEventName'->'onEventName', got 'topCameraStopped'->'onStopped'
11-23 01:14:48.061  3058  3151 E unknown:UIManagerModuleConstantsHelper: Direct event name for 'CameraView' doesn't correspond to the naming convention, expected 'topEventName'->'onEventName', got 'topCameraPreviewStarted'->'onPreviewStarted'
11-23 01:14:48.061  3058  3151 E unknown:UIManagerModuleConstantsHelper: Direct event name for 'CameraView' doesn't correspond to the naming convention, expected 'topEventName'->'onEventName', got 'topCameraPreviewStopped'->'onPreviewStopped'
11-23 01:14:48.061  3058  3151 W unknown:ViewManagerPropertyUpdater: Could not find generated setter for class com.mrousavy.camera.react.CameraViewManager
11-23 01:14:48.061  3058  3159 D ReflectedParamUpdater: ignored struct field coding.gop.values
11-23 01:14:48.062  3058  3159 D ReflectedParamUpdater: ignored struct field coding.qp.values
11-23 01:14:48.062  3058  3159 D CCodecConfig: ignoring local param raw.color (0xc2001809) as it is already supported
11-23 01:14:48.062  3058  3151 W unknown:ViewManagerPropertyUpdater: Could not find generated setter for class com.reactnativecommunity.webview.RNCWebViewManager
11-23 01:14:48.063  3058  3159 I CCodecConfig: query failed after returning 14 values (BAD_INDEX)
11-23 01:14:48.063  3058  3159 D CCodecConfig: c2 config diff is Dict {
11-23 01:14:48.063  3058  3159 D CCodecConfig:   c2::u32 algo.bitrate-mode.value = 3
11-23 01:14:48.063  3058  3159 D CCodecConfig:   c2::u32 algo.complexity.value = 0
11-23 01:14:48.063  3058  3159 D CCodecConfig:   c2::u32 algo.quality.value = 80
11-23 01:14:48.063  3058  3159 D CCodecConfig:   c2::i32 coded.average-qp.value = 0
11-23 01:14:48.063  3058  3159 D CCodecConfig:   c2::u32 coded.bitrate.value = 64000
11-23 01:14:48.063  3058  3159 D CCodecConfig:   c2::float coded.frame-rate.value = 1
11-23 01:14:48.063  3058  3159 D CCodecConfig:   c2::u32 coded.picture-type.value = 0
11-23 01:14:48.063  3058  3159 D CCodecConfig:   c2::u32 coded.pl.level = 24576
11-23 01:14:48.063  3058  3159 D CCodecConfig:   c2::u32 coded.pl.profile = 24576
11-23 01:14:48.063  3058  3159 D CCodecConfig:   c2::u32 coded.vui.color.matrix = 0
11-23 01:14:48.063  3058  3159 D CCodecConfig:   c2::u32 coded.vui.color.primaries = 0
11-23 01:14:48.063  3058  3159 D CCodecConfig:   c2::u32 coded.vui.color.range = 0
11-23 01:14:48.063  3058  3159 D CCodecConfig:   c2::u32 coded.vui.color.transfer = 0
11-23 01:14:48.063  3058  3159 D CCodecConfig:   c2::u32 coding.request-sync-frame.value = 0
11-23 01:14:48.063  3058  3159 D CCodecConfig:   c2::i64 coding.sync-frame-interval.value = 1000000
11-23 01:14:48.063  3058  3159 D CCodecConfig:   c2::u32 input.delay.value = 0
11-23 01:14:48.063  3058  3159 D CCodecConfig:   string input.media-type.value = "video/raw"
11-23 01:14:48.063  3058  3159 D CCodecConfig:   string output.media-type.value = "video/hevc"
11-23 01:14:48.063  3058  3159 D CCodecConfig:   c2::u32 raw.color.matrix = 0
11-23 01:14:48.063  3058  3159 D CCodecConfig:   c2::u32 raw.color.primaries = 0
11-23 01:14:48.063  3058  3159 D CCodecConfig:   c2::u32 raw.color.range = 0
11-23 01:14:48.063  3058  3159 D CCodecConfig:   c2::u32 raw.color.transfer = 0
11-23 01:14:48.063  3058  3159 D CCodecConfig:   c2::u32 raw.size.height = 64
11-23 01:14:48.063  3058  3159 D CCodecConfig:   c2::u32 raw.size.width = 64
11-23 01:14:48.063  3058  3159 D CCodecConfig: }
11-23 01:14:48.063  3058  3159 W ColorUtils: expected specified color aspects (0:0:0:0)
11-23 01:14:48.066  3058  3151 W kost.tazecicek3: Accessing hidden field Ljava/lang/reflect/Field;->accessFlags:I (unsupported, reflection, allowed)
11-23 01:14:48.069  3058  3159 I hw-BpHwBinder: onLastStrongRef automatically unlinking death recipients
11-23 01:14:48.069   461   918 I hw-BpHwBinder: onLastStrongRef automatically unlinking death recipients
11-23 01:14:48.069   461   918 V C2Store : in ~ComponentModule
11-23 01:14:48.069   461   918 V C2Store : unloading dll
11-23 01:14:48.069  3058  3157 E CapabilitiesByQuality: No supported EncoderProfiles
11-23 01:14:48.069  3058  3157 D CapabilitiesByQuality: profiles = ImmutableEncoderProfilesProxy{defaultDurationSeconds=60, recommendedFileFormat=2, audioProfiles=[AudioProfileProxy{codec=1, mediaType=audio/3gpp, bitrate=12200, sampleRate=8000, channels=1, profile=-1}], videoProfiles=[VideoProfileProxy{codec=2, mediaType=video/avc, bitrate=12000000, frameRate=30, width=1280, height=720, profile=-1, bitDepth=8, chromaSubsampling=0, hdrFormat=0}]}
11-23 01:14:48.070   427  1837 W ServiceManager: Permission failure: android.permission.CAMERA from uid=10164 pid=3058
11-23 01:14:48.070   427  1837 W ServiceManager: Permission failure: android.permission.CAMERA from uid=10164 pid=3058
11-23 01:14:48.070  3058  3157 E CamcorderProfileUtils: Failed to get maximum FPS for Camera ID 1! Attempt to invoke virtual method 'int android.media.EncoderProfiles$VideoProfile.getFrameRate()' on a null object reference
11-23 01:14:48.070  3058  3157 E CamcorderProfileUtils: java.lang.NullPointerException: Attempt to invoke virtual method 'int android.media.EncoderProfiles$VideoProfile.getFrameRate()' on a null object reference
11-23 01:14:48.070  3058  3157 E CamcorderProfileUtils: 	at com.mrousavy.camera.core.utils.CamcorderProfileUtils$Companion.getMaximumFps(CamcorderProfileUtils.kt:90)
11-23 01:14:48.070  3058  3157 E CamcorderProfileUtils: 	at com.mrousavy.camera.core.CameraDeviceDetails.getFormats(CameraDeviceDetails.kt:135)
11-23 01:14:48.070  3058  3157 E CamcorderProfileUtils: 	at com.mrousavy.camera.core.CameraDeviceDetails.toMap(CameraDeviceDetails.kt:84)
11-23 01:14:48.070  3058  3157 E CamcorderProfileUtils: 	at com.mrousavy.camera.react.CameraDevicesManager.getDevicesJson(CameraDevicesManager.kt:96)
11-23 01:14:48.070  3058  3157 E CamcorderProfileUtils: 	at com.mrousavy.camera.react.CameraDevicesManager.sendAvailableDevicesChangedEvent(CameraDevicesManager.kt:103)
11-23 01:14:48.070  3058  3157 E CamcorderProfileUtils: 	at com.mrousavy.camera.react.CameraDevicesManager$1.invokeSuspend(CameraDevicesManager.kt:74)
11-23 01:14:48.070  3058  3157 E CamcorderProfileUtils: 	at kotlin.coroutines.jvm.internal.BaseContinuationImpl.resumeWith(ContinuationImpl.kt:33)
11-23 01:14:48.070  3058  3157 E CamcorderProfileUtils: 	at kotlinx.coroutines.DispatchedTask.run(DispatchedTask.kt:101)
11-23 01:14:48.070  3058  3157 E CamcorderProfileUtils: 	at java.util.concurrent.ThreadPoolExecutor.runWorker(ThreadPoolExecutor.java:1137)
11-23 01:14:48.070  3058  3157 E CamcorderProfileUtils: 	at java.util.concurrent.ThreadPoolExecutor$Worker.run(ThreadPoolExecutor.java:637)
11-23 01:14:48.070  3058  3157 E CamcorderProfileUtils: 	at java.lang.Thread.run(Thread.java:1012)
11-23 01:14:48.078   557  3033 D ConnectivityService: requestNetwork for uid/pid:10164/3058 activeRequest: null callbackRequest: 788 [NetworkRequest [ REQUEST id=789, [ Capabilities: INTERNET&NOT_RESTRICTED&TRUSTED&NOT_VCN_MANAGED Uid: 10164 RequestorUid: 10164 RequestorPkg: com.ikost.tazecicek3 UnderlyingNetworks: Null] ]] callback flags: 0 order: 2147483647
11-23 01:14:48.080   557   786 D ConnectivityService: NetReassign [789 : null → 102] [c 1] [a 0] [i 0]
11-23 01:14:48.081   557   779 D WifiNetworkFactory: got request NetworkRequest [ REQUEST id=789, [ Capabilities: INTERNET&NOT_RESTRICTED&TRUSTED&NOT_VCN_MANAGED Uid: 10164 RequestorUid: 10164 RequestorPkg: com.ikost.tazecicek3 UnderlyingNetworks: Null] ]
11-23 01:14:48.081   557   779 D UntrustedWifiNetworkFactory: got request NetworkRequest [ REQUEST id=789, [ Capabilities: INTERNET&NOT_RESTRICTED&TRUSTED&NOT_VCN_MANAGED Uid: 10164 RequestorUid: 10164 RequestorPkg: com.ikost.tazecicek3 UnderlyingNetworks: Null] ]
11-23 01:14:48.081   557   779 D OemPaidWifiNetworkFactory: got request NetworkRequest [ REQUEST id=789, [ Capabilities: INTERNET&NOT_RESTRICTED&TRUSTED&NOT_VCN_MANAGED Uid: 10164 RequestorUid: 10164 RequestorPkg: com.ikost.tazecicek3 UnderlyingNetworks: Null] ]
11-23 01:14:48.081   557   779 D MultiInternetWifiNetworkFactory: got request NetworkRequest [ REQUEST id=789, [ Capabilities: INTERNET&NOT_RESTRICTED&TRUSTED&NOT_VCN_MANAGED Uid: 10164 RequestorUid: 10164 RequestorPkg: com.ikost.tazecicek3 UnderlyingNetworks: Null] ]
11-23 01:14:48.084  3058  3151 I CameraDevices: Camera #0 is now available.
11-23 01:14:48.084  3058  3151 I CameraDevices: Camera #1 is now available.
11-23 01:14:48.208  3058  3151 I WebViewFactory: Loading com.google.android.webview version 103.0.5060.71 (code 506007134)
11-23 01:14:48.212  3058  3151 D nativeloader: Configuring classloader-namespace for other apk /data/app/~~Dr9N56714EL7ZZlEGzh-yw==/com.google.android.trichromelibrary_506007134-YXJarJaVOdb1n6rmw5jAFg==/TrichromeLibrary.apk. target_sdk_version=33, uses_libraries=ALL, library_path=/data/app/~~bMDjqnVGaKIdQUZ-R9lawg==/com.google.android.webview-02Uc8NnyWAvhsV7YaUe-HA==/lib/arm64:/data/app/~~bMDjqnVGaKIdQUZ-R9lawg==/com.google.android.webview-02Uc8NnyWAvhsV7YaUe-HA==/WebViewGoogle.apk!/lib/arm64-v8a:/data/app/~~Dr9N56714EL7ZZlEGzh-yw==/com.google.android.trichromelibrary_506007134-YXJarJaVOdb1n6rmw5jAFg==/TrichromeLibrary.apk!/lib/arm64-v8a, permitted_path=/data:/mnt/expand
11-23 01:14:48.214  3058  3151 D nativeloader: Configuring classloader-namespace for other apk /data/app/~~bMDjqnVGaKIdQUZ-R9lawg==/com.google.android.webview-02Uc8NnyWAvhsV7YaUe-HA==/WebViewGoogle.apk. target_sdk_version=33, uses_libraries=, library_path=/data/app/~~bMDjqnVGaKIdQUZ-R9lawg==/com.google.android.webview-02Uc8NnyWAvhsV7YaUe-HA==/lib/arm64:/data/app/~~bMDjqnVGaKIdQUZ-R9lawg==/com.google.android.webview-02Uc8NnyWAvhsV7YaUe-HA==/WebViewGoogle.apk!/lib/arm64-v8a:/data/app/~~Dr9N56714EL7ZZlEGzh-yw==/com.google.android.trichromelibrary_506007134-YXJarJaVOdb1n6rmw5jAFg==/TrichromeLibrary.apk!/lib/arm64-v8a, permitted_path=/data:/mnt/expand
11-23 01:14:48.255  3058  3151 W kost.tazecicek3: Accessing hidden method Landroid/os/Trace;->isTagEnabled(J)Z (unsupported, reflection, allowed)
11-23 01:14:48.255  3058  3151 W kost.tazecicek3: Accessing hidden method Landroid/os/Trace;->traceBegin(JLjava/lang/String;)V (unsupported, reflection, allowed)
11-23 01:14:48.255  3058  3151 W kost.tazecicek3: Accessing hidden method Landroid/os/Trace;->traceEnd(J)V (unsupported, reflection, allowed)
11-23 01:14:48.255  3058  3151 W kost.tazecicek3: Accessing hidden method Landroid/os/Trace;->asyncTraceBegin(JLjava/lang/String;I)V (unsupported, reflection, allowed)
11-23 01:14:48.255  3058  3151 W kost.tazecicek3: Accessing hidden method Landroid/os/Trace;->asyncTraceEnd(JLjava/lang/String;I)V (unsupported, reflection, allowed)
11-23 01:14:48.257  3058  3151 I cr_WVCFactoryProvider: Loaded version=103.0.5060.71 minSdkVersion=29 isBundle=false multiprocess=true packageId=2
11-23 01:14:48.283 19272 19296 D EGL_emulation: app_time_stats: avg=16.54ms min=0.61ms max=42.20ms count=57
11-23 01:14:48.286  3058  3151 I cr_LibraryLoader: Successfully loaded native library
11-23 01:14:48.288  3058  3151 I cr_CachingUmaRecorder: Flushed 8 samples from 8 histograms.
11-23 01:14:48.310  3058  3178 D TrafficStats: tagSocket(138) with statsTag=0xffffffff, statsUid=-1
11-23 01:14:48.518  3058  3150 I ReactNativeJS: Running "Tazecicek" with {"rootTag":11}
11-23 01:14:48.519  3058  3179 D TrafficStats: tagSocket(138) with statsTag=0xffffffff, statsUid=-1
11-23 01:14:48.649  3058  3151 W unknown:ViewManagerPropertyUpdater: Could not find generated setter for class com.swmansion.rnscreens.ScreensShadowNode
11-23 01:14:48.742  3058  3151 W unknown:ReactNative: Attempt to set local data for view with unknown tag: -1
11-23 01:14:48.743  3058  3151 W unknown:ReactNative: Attempt to set local data for view with unknown tag: -1
11-23 01:14:48.743  3058  3151 W unknown:ReactNative: Attempt to set local data for view with unknown tag: -1
11-23 01:14:48.754  3058  3150 W ReactNativeJS: [Insider] setPushNotificationPermission is not available in this SDK version
11-23 01:14:48.759  3058  3150 I ReactNativeJS: 'Authorization status:', 1
11-23 01:14:48.759  3058  3150 I ReactNativeJS: Tracking authorized or unavailable
11-23 01:14:48.764  3058  3150 I ReactNativeJS: [Insider Event] Homepage visited
11-23 01:14:48.782  3058  3150 I ReactNativeJS: '[Insider] GDPR consent set to:', false
11-23 01:14:48.782  3058  3150 W ReactNativeJS: [Insider] setCCPAConsent is not available in this SDK version
11-23 01:14:48.787  3058  3185 D TrafficStats: tagSocket(142) with statsTag=0xffffffff, statsUid=-1
11-23 01:14:48.802  3058  3187 D TrafficStats: tagSocket(144) with statsTag=0xffffffff, statsUid=-1
11-23 01:14:48.820  3058  3190 D TrafficStats: tagSocket(145) with statsTag=0xffffffff, statsUid=-1
11-23 01:14:48.855  3058  3198 D TrafficStats: tagSocket(147) with statsTag=0xffffffff, statsUid=-1
11-23 01:14:49.326  3058  3058 W OnBackInvokedCallback: OnBackInvokedCallback is not enabled for the application.
11-23 01:14:49.326  3058  3058 W OnBackInvokedCallback: Set 'android:enableOnBackInvokedCallback="true"' in the application manifest.
11-23 01:14:49.357  3058  3068 W kost.tazecicek3: Cleared Reference was only reachable from finalizer (only reported once)
11-23 01:14:49.366 19272 19296 D EGL_emulation: app_time_stats: avg=25.01ms min=13.98ms max=99.96ms count=43
11-23 01:14:49.373  3058  3058 D CompatibilityChangeReporter: Compat change id reported: 171228096; UID 10164; state: ENABLED
