11-23 01:23:18.272   381   445 D goldfish-address-space: claimShared: Ask to claim region [0x1ef994000 0x1ef9e0000]
11-23 01:23:18.289  3638  3697 W Parcel  : Expecting binder but got null!
11-23 01:23:18.525   557  1150 D CoreBackPreview: Window{e7ac545 u0 PopupWindow:eeee893}: Setting back callback null
11-23 01:23:18.526   557  1150 W InputManager-JNI: Input channel object 'e7ac545 PopupWindow:eeee893 (client)' was disposed without first being removed with the input manager!
11-23 01:23:20.453   387   387 E android.hardware.power.stats@1.0-service-mock: Failed to getEnergyData
11-23 01:23:34.532   557   828 E ClipboardService: Denying clipboard access to com.google.android.googlequicksearchbox, application is not in focus nor is it a system service for user 0
11-23 01:23:34.540 19272 19272 I ClipboardListener: Clipboard overlay suppressed.
11-23 01:23:34.542  1558  1856 I AiAiTranslate: C2T - not in a conversation
11-23 01:23:35.119  3638  3697 D EGL_emulation: app_time_stats: avg=44230.00ms min=7.19ms max=132668.97ms count=3
11-23 01:23:35.184   557  1150 D CoreBackPreview: Window{bbd4a86 u0 com.ikost.tazecicek3/com.ikost.tazecicek3.MainActivity}: Setting back callback null
11-23 01:23:35.201   557  1150 W InputManager-JNI: Input channel object 'bbd4a86 com.ikost.tazecicek3/com.ikost.tazecicek3.MainActivity (client)' was disposed without first being removed with the input manager!
11-23 01:23:35.215  3638  3697 D EGL_emulation: app_time_stats: avg=26599.97ms min=3.44ms max=132763.42ms count=5
11-23 01:23:35.216   557   575 V WindowManager: Unknown focus tokens, dropping reportFocusChanged
11-23 01:23:35.241  1476  1476 I GoogleInputMethodService: GoogleInputMethodService.onFinishInput():3220 
11-23 01:23:35.242  1476  1476 I GoogleInputMethodService: GoogleInputMethodService.updateDeviceLockedStatus():2114 repeatCheckTimes = 0, unlocked = true
11-23 01:23:35.242  1476  1476 I GoogleInputMethodService: GoogleInputMethodService.onStartInput():1919 onStartInput(EditorInfo{inputType=0x0(NULL) imeOptions=0x0 privateImeOptions=null actionName=UNSPECIFIED actionLabel=null actionId=0 initialSelStart=-1 initialSelEnd=-1 initialCapsMode=0x0 hintText=null label=null packageName=com.ikost.tazecicek3 fieldId=-1 fieldName=null extras=null}, false)
11-23 01:23:35.243  1476  1476 I GoogleInputMethodService: GoogleInputMethodService.updateDeviceLockedStatus():2114 repeatCheckTimes = 2, unlocked = true
11-23 01:23:49.500 19272 19296 D EGL_emulation: app_time_stats: avg=49463.25ms min=49463.25ms max=49463.25ms count=1
11-23 01:23:54.781   557  2881 D CoreBackPreview: Window{40ce7ec u0 PopupWindow:16f46a6}: Setting back callback OnBackInvokedCallbackInfo{mCallback=android.window.IOnBackInvokedCallback$Stub$Proxy@c032e4a, mPriority=0}
11-23 01:23:54.800   381   445 D goldfish-address-space: claimShared: Ask to claim region [0x1effb4000 0x1f0000000]
11-23 01:23:54.801   381   445 D goldfish-address-space: claimShared: Ask to claim region [0x1eff40000 0x1eff8c000]
11-23 01:23:54.802   381   445 D goldfish-address-space: claimShared: Ask to claim region [0x1ef994000 0x1ef9e0000]
11-23 01:23:54.804  3638  3697 W Parcel  : Expecting binder but got null!
11-23 01:23:54.805   557  1150 D CoreBackPreview: Window{40ce7ec u0 PopupWindow:16f46a6}: Setting back callback null
11-23 01:23:54.805   557  1150 W InputManager-JNI: Input channel object '40ce7ec PopupWindow:16f46a6 (client)' was disposed without first being removed with the input manager!
11-23 01:23:54.874   557  1150 D CoreBackPreview: Window{84de516 u0 PopupWindow:24e847e}: Setting back callback OnBackInvokedCallbackInfo{mCallback=android.window.IOnBackInvokedCallback$Stub$Proxy@b8a4884, mPriority=0}
11-23 01:23:54.884   381   445 D goldfish-address-space: claimShared: Ask to claim region [0x1eff40000 0x1eff8c000]
11-23 01:23:54.885   381   445 D goldfish-address-space: claimShared: Ask to claim region [0x1ef994000 0x1ef9e0000]
11-23 01:23:54.885   381   445 D goldfish-address-space: claimShared: Ask to claim region [0x1ef9e0000 0x1efa2c000]
11-23 01:23:54.886  3638  3697 W Parcel  : Expecting binder but got null!
11-23 01:23:54.887   557  1150 D CoreBackPreview: Window{84de516 u0 PopupWindow:24e847e}: Setting back callback null
11-23 01:23:54.887   557  2881 W InputManager-JNI: Input channel object '84de516 PopupWindow:24e847e (client)' was disposed without first being removed with the input manager!
11-23 01:23:54.975   557  1150 D CoreBackPreview: Window{fa568f0 u0 PopupWindow:16ca556}: Setting back callback OnBackInvokedCallbackInfo{mCallback=android.window.IOnBackInvokedCallback$Stub$Proxy@7b480ee, mPriority=0}
11-23 01:23:54.985   381   445 D goldfish-address-space: claimShared: Ask to claim region [0x1effb4000 0x1f0000000]
11-23 01:23:54.986   381   445 D goldfish-address-space: claimShared: Ask to claim region [0x1ef994000 0x1ef9e0000]
11-23 01:23:54.987   381   445 D goldfish-address-space: claimShared: Ask to claim region [0x1ef9e0000 0x1efa2c000]
11-23 01:23:54.987  3638  3697 W Parcel  : Expecting binder but got null!
11-23 01:23:54.988   557  1150 D CoreBackPreview: Window{fa568f0 u0 PopupWindow:16ca556}: Setting back callback null
11-23 01:23:54.988   557  2881 W InputManager-JNI: Input channel object 'fa568f0 PopupWindow:16ca556 (client)' was disposed without first being removed with the input manager!
11-23 01:23:55.071   557  2881 D CoreBackPreview: Window{eebbdfa u0 PopupWindow:563092e}: Setting back callback OnBackInvokedCallbackInfo{mCallback=android.window.IOnBackInvokedCallback$Stub$Proxy@f096608, mPriority=0}
11-23 01:23:55.087   381   445 D goldfish-address-space: claimShared: Ask to claim region [0x1eff40000 0x1eff8c000]
11-23 01:23:55.087   381   445 D goldfish-address-space: claimShared: Ask to claim region [0x1ef994000 0x1ef9e0000]
11-23 01:23:55.088   381   445 D goldfish-address-space: claimShared: Ask to claim region [0x1ef9e0000 0x1efa2c000]
11-23 01:23:55.089  3638  3697 W Parcel  : Expecting binder but got null!
11-23 01:23:55.090   557  2881 D CoreBackPreview: Window{eebbdfa u0 PopupWindow:563092e}: Setting back callback null
11-23 01:23:55.090   557  1150 W InputManager-JNI: Input channel object 'eebbdfa PopupWindow:563092e (client)' was disposed without first being removed with the input manager!
11-23 01:23:55.176   557  2881 D CoreBackPreview: Window{3d2dab4 u0 PopupWindow:2971006}: Setting back callback OnBackInvokedCallbackInfo{mCallback=android.window.IOnBackInvokedCallback$Stub$Proxy@ad01252, mPriority=0}
11-23 01:23:55.185   381   445 D goldfish-address-space: claimShared: Ask to claim region [0x1effb4000 0x1f0000000]
11-23 01:23:55.186   381   445 D goldfish-address-space: claimShared: Ask to claim region [0x1ef994000 0x1ef9e0000]
11-23 01:23:55.186   381   445 D goldfish-address-space: claimShared: Ask to claim region [0x1ef9e0000 0x1efa2c000]
11-23 01:23:55.187  3638  3697 W Parcel  : Expecting binder but got null!
11-23 01:23:55.187   557  2881 D CoreBackPreview: Window{3d2dab4 u0 PopupWindow:2971006}: Setting back callback null
11-23 01:23:55.188   557  2881 W InputManager-JNI: Input channel object '3d2dab4 PopupWindow:2971006 (client)' was disposed without first being removed with the input manager!
11-23 01:23:55.276   557  2881 D CoreBackPreview: Window{139019e u0 PopupWindow:8ba19de}: Setting back callback OnBackInvokedCallbackInfo{mCallback=android.window.IOnBackInvokedCallback$Stub$Proxy@132cc4c, mPriority=0}
11-23 01:23:55.285   381   445 D goldfish-address-space: claimShared: Ask to claim region [0x1eff40000 0x1eff8c000]
11-23 01:23:55.285   381   445 D goldfish-address-space: claimShared: Ask to claim region [0x1ef994000 0x1ef9e0000]
11-23 01:23:55.286   381   445 D goldfish-address-space: claimShared: Ask to claim region [0x1ef9e0000 0x1efa2c000]
11-23 01:23:55.286  3638  3697 W Parcel  : Expecting binder but got null!
11-23 01:23:55.287   557  2881 D CoreBackPreview: Window{139019e u0 PopupWindow:8ba19de}: Setting back callback null
11-23 01:23:55.287   557  2881 W InputManager-JNI: Input channel object '139019e PopupWindow:8ba19de (client)' was disposed without first being removed with the input manager!
11-23 01:23:55.402   557  2881 D CoreBackPreview: Window{fe66138 u0 PopupWindow:4986b6}: Setting back callback OnBackInvokedCallbackInfo{mCallback=android.window.IOnBackInvokedCallback$Stub$Proxy@545a676, mPriority=0}
11-23 01:23:55.419   381   445 D goldfish-address-space: claimShared: Ask to claim region [0x1effb4000 0x1f0000000]
11-23 01:23:55.420   381   445 D goldfish-address-space: claimShared: Ask to claim region [0x1eff40000 0x1eff8c000]
11-23 01:23:55.421   381   445 D goldfish-address-space: claimShared: Ask to claim region [0x1ef994000 0x1ef9e0000]
11-23 01:23:55.421  3638  3697 W Parcel  : Expecting binder but got null!
11-23 01:23:55.422   557  2881 D CoreBackPreview: Window{fe66138 u0 PopupWindow:4986b6}: Setting back callback null
11-23 01:23:55.423   557  1150 W InputManager-JNI: Input channel object 'fe66138 PopupWindow:4986b6 (client)' was disposed without first being removed with the input manager!
11-23 01:23:55.473   557  2881 D CoreBackPreview: Window{85db402 u0 PopupWindow:80eb68e}: Setting back callback OnBackInvokedCallbackInfo{mCallback=android.window.IOnBackInvokedCallback$Stub$Proxy@dd81f50, mPriority=0}
11-23 01:23:55.486   381   445 D goldfish-address-space: claimShared: Ask to claim region [0x1eff40000 0x1eff8c000]
11-23 01:23:55.487   381   445 D goldfish-address-space: claimShared: Ask to claim region [0x1ef994000 0x1ef9e0000]
11-23 01:23:55.487   381   445 D goldfish-address-space: claimShared: Ask to claim region [0x1ef9e0000 0x1efa2c000]
11-23 01:23:55.488  3638  3697 W Parcel  : Expecting binder but got null!
11-23 01:23:55.489   557  2881 D CoreBackPreview: Window{85db402 u0 PopupWindow:80eb68e}: Setting back callback null
11-23 01:23:55.489   557  1150 W InputManager-JNI: Input channel object '85db402 PopupWindow:80eb68e (client)' was disposed without first being removed with the input manager!
11-23 01:23:58.933   557   605 I PackageManager: Integrity check passed for file:///data/app/vmdl1339275756.tmp
11-23 01:23:58.942   557   583 I ActivityManager: Force stopping com.ikost.tazecicek3 appid=10164 user=-1: installPackageLI
11-23 01:23:58.945   557   583 I ActivityManager: Killing 3638:com.ikost.tazecicek3/u0a164 (adj 0): stop com.ikost.tazecicek3 due to installPackageLI
11-23 01:23:58.946   557   605 I PackageManager: Update package com.ikost.tazecicek3 code path from /data/app/~~IAEtHMLN4uYnrS8hni47wQ==/com.ikost.tazecicek3-7MN7PMwBXzxGbIs-9nQf5Q== to /data/app/~~joKWTX9jABKdUXi7Q3_9aQ==/com.ikost.tazecicek3-zrOOrNWitqKRNeo-qh0ofw==; Retain data and using new
11-23 01:23:58.946   557   585 I libprocessgroup: Successfully killed process cgroup uid 10164 pid 3638 in 0ms
11-23 01:23:58.951   557   605 I AppsFilter: interaction: PackageSetting{1cc2ea6 com.ikost.tazecicek4/10163} -> PackageSetting{9b4a12e com.ikost.tazecicek3/10164} BLOCKED
11-23 01:23:58.951   557   605 I AppsFilter: interaction: PackageSetting{ce4439c com.ikost.tazecicekbayi/10162} -> PackageSetting{9b4a12e com.ikost.tazecicek3/10164} BLOCKED
11-23 01:23:58.951   557   605 I AppsFilter: interaction: PackageSetting{1cc2ea6 com.ikost.tazecicek4/10163} -> PackageSetting{5b71494 com.ikost.tazecicek3/10164} BLOCKED
11-23 01:23:58.951   557   605 I AppsFilter: interaction: PackageSetting{ce4439c com.ikost.tazecicekbayi/10162} -> PackageSetting{5b71494 com.ikost.tazecicek3/10164} BLOCKED
11-23 01:23:58.952   557   583 W ActivityTaskManager: Force removing ActivityRecord{f007ecd u0 com.ikost.tazecicek3/.MainActivity} t31 f}}: app died, no saved state
11-23 01:23:58.960 27061 27061 D BoundBrokerSvc: onUnbind: Intent { act=com.google.android.gms.auth.api.signin.service.START pkg=com.google.android.gms }
11-23 01:23:58.966   557  3567 D ConnectivityService: ConnectivityService NetworkRequestInfo binderDied(uid/pid:10164/3638, [NetworkRequest [ REQUEST id=791, [ Capabilities: INTERNET&NOT_RESTRICTED&TRUSTED&NOT_VCN_MANAGED Uid: 10164 RequestorUid: 10164 RequestorPkg: com.ikost.tazecicek3 UnderlyingNetworks: Null] ]], android.os.BinderProxy@25829d8)
11-23 01:23:58.966   367   367 I Zygote  : Process 3638 exited due to signal 9 (Killed)
11-23 01:23:58.967   557   786 D ConnectivityService: releasing NetworkRequest [ REQUEST id=791, [ Capabilities: INTERNET&NOT_RESTRICTED&TRUSTED&NOT_VCN_MANAGED Uid: 10164 RequestorUid: 10164 RequestorPkg: com.ikost.tazecicek3 UnderlyingNetworks: Null] ] (release request)
11-23 01:23:58.980   557   605 I PackageManager: Permission ownership changed. Updating all permissions.
11-23 01:23:58.996   557   583 W WindowManager: Exception thrown during dispatchAppVisibility Window{fafae73 u0 com.ikost.tazecicek3/com.ikost.tazecicek3.MainActivity}
11-23 01:23:58.996   557   583 W WindowManager: android.os.DeadObjectException
11-23 01:23:58.996   557   583 W WindowManager: 	at android.os.BinderProxy.transactNative(Native Method)
11-23 01:23:58.996   557   583 W WindowManager: 	at android.os.BinderProxy.transact(BinderProxy.java:584)
11-23 01:23:58.996   557   583 W WindowManager: 	at android.view.IWindow$Stub$Proxy.dispatchAppVisibility(IWindow.java:536)
11-23 01:23:58.996   557   583 W WindowManager: 	at com.android.server.wm.WindowState.sendAppVisibilityToClients(WindowState.java:3469)
11-23 01:23:58.996   557   583 W WindowManager: 	at com.android.server.wm.WindowContainer.sendAppVisibilityToClients(WindowContainer.java:1225)
11-23 01:23:58.996   557   583 W WindowManager: 	at com.android.server.wm.WindowToken.setClientVisible(WindowToken.java:392)
11-23 01:23:58.996   557   583 W WindowManager: 	at com.android.server.wm.ActivityRecord.setClientVisible(ActivityRecord.java:6714)
11-23 01:23:58.996   557   583 W WindowManager: 	at com.android.server.wm.ActivityRecord.onAnimationFinished(ActivityRecord.java:7526)
11-23 01:23:58.996   557   583 W WindowManager: 	at com.android.server.wm.ActivityRecord.postApplyAnimation(ActivityRecord.java:5405)
11-23 01:23:58.996   557   583 W WindowManager: 	at com.android.server.wm.ActivityRecord.commitVisibility(ActivityRecord.java:5364)
11-23 01:23:58.996   557   583 W WindowManager: 	at com.android.server.wm.ActivityRecord.commitVisibility(ActivityRecord.java:5368)
11-23 01:23:58.996   557   583 W WindowManager: 	at com.android.server.wm.ActivityRecord.onRemovedFromDisplay(ActivityRecord.java:4148)
11-23 01:23:58.996   557   583 W WindowManager: 	at com.android.server.wm.DisplayContent.removeAppToken(DisplayContent.java:1412)
11-23 01:23:58.996   557   583 W WindowManager: 	at com.android.server.wm.ActivityRecord.removeFromHistory(ActivityRecord.java:3840)
11-23 01:23:58.996   557   583 W WindowManager: 	at com.android.server.wm.ActivityRecord.handleAppDied(ActivityRecord.java:4079)
11-23 01:23:58.996   557   583 W WindowManager: 	at com.android.server.wm.WindowProcessController.handleAppDied(WindowProcessController.java:1285)
11-23 01:23:58.996   557   583 W WindowManager: 	at com.android.server.wm.ActivityTaskManagerService$LocalService.handleAppDied(ActivityTaskManagerService.java:6121)
11-23 01:23:58.996   557   583 W WindowManager: 	at com.android.server.am.ActivityManagerService.handleAppDiedLocked(ActivityManagerService.java:3240)
11-23 01:23:58.996   557   583 W WindowManager: 	at com.android.server.am.ProcessList.removeProcessLocked(ProcessList.java:2863)
11-23 01:23:58.996   557   583 W WindowManager: 	at com.android.server.am.ProcessList.killPackageProcessesLSP(ProcessList.java:2808)
11-23 01:23:58.996   557   583 W WindowManager: 	at com.android.server.am.ActivityManagerService.forceStopPackageLocked(ActivityManagerService.java:4484)
11-23 01:23:58.996   557   583 W WindowManager: 	at com.android.server.am.ActivityManagerService$MainHandler.handleMessage(ActivityManagerService.java:1757)
11-23 01:23:58.996   557   583 W WindowManager: 	at android.os.Handler.dispatchMessage(Handler.java:106)
11-23 01:23:58.996   557   583 W WindowManager: 	at android.os.Looper.loopOnce(Looper.java:201)
11-23 01:23:58.996   557   583 W WindowManager: 	at android.os.Looper.loop(Looper.java:288)
11-23 01:23:58.996   557   583 W WindowManager: 	at android.os.HandlerThread.run(HandlerThread.java:67)
11-23 01:23:58.996   557   583 W WindowManager: 	at com.android.server.ServiceThread.run(ServiceThread.java:44)
11-23 01:23:59.000   401   401 E ClientCache: failed to get buffer, invalid process token
11-23 01:23:59.002   557   583 W InputManager-JNI: Input channel object 'fafae73 com.ikost.tazecicek3/com.ikost.tazecicek3.MainActivity (client)' was disposed without first being removed with the input manager!
11-23 01:23:59.020   401   401 E BpTransactionCompletedListener: Failed to transact (-32)
11-23 01:23:59.028   557  1471 W WindowManager: Failed looking up window session=Session{9fe5cc4 3638:u0a10164} callers=com.android.server.wm.WindowManagerService.windowForClientLocked:5972 com.android.server.wm.WindowState$DeathRecipient.binderDied:3110 android.os.IBinder$DeathRecipient.binderDied:317 
11-23 01:23:59.028   557  1471 I WindowManager: WIN DEATH: null
11-23 01:23:59.030   557   575 V WindowManager: Unknown focus tokens, dropping reportFocusChanged
11-23 01:23:59.031   557  2879 V ActivityManager: Got obituary of 3638:com.ikost.tazecicek3
11-23 01:23:59.032   557   575 W ActivityManager: setHasOverlayUi called on unknown pid: 3638
11-23 01:23:59.054   381   445 D goldfish-address-space: claimShared: Ask to claim region [0x1eda1c000 0x1ee400000]
11-23 01:23:59.057   381   445 D goldfish-address-space: claimShared: Ask to claim region [0x1ee400000 0x1eede4000]
11-23 01:23:59.058   381   445 D goldfish-address-space: claimShared: Ask to claim region [0x1ec000000 0x1ec9e4000]
11-23 01:23:59.099   557   605 I AppsFilter: interaction: PackageSetting{1cc2ea6 com.ikost.tazecicek4/10163} -> PackageSetting{5b71494 com.ikost.tazecicek3/10164} BLOCKED
11-23 01:23:59.100   557   605 I AppsFilter: interaction: PackageSetting{ce4439c com.ikost.tazecicekbayi/10162} -> PackageSetting{5b71494 com.ikost.tazecicek3/10164} BLOCKED
11-23 01:23:59.102  1097  1213 D QuickstepModelDelegate: notifyAppTargetEvent action=1 launchLocation=workspace/0/[-1,-1]/[1,1]
11-23 01:23:59.108  1097  2213 D OneSearchSuggestProvider: Created the binder channel successfully for end point service =com.google.android.apps.search.googleapp.search.suggest.plugins.onesearch.server.OneSearchSuggestService , mChannel=E2{delegate=w2{logId=41, target=directaddress:///AndroidComponentAddress%5BIntent%20%7B%20act=grpc.io.action.BIND%20cmp=com.google.android.googlequicksearchbox/com.google.android.apps.search.googleapp.search.suggest.plugins.onesearch.server.OneSearchSuggestService%20%7D%5D}} , mOneSearchConnection=Q1.d0@8884e11
11-23 01:23:59.110  1476  1476 I GoogleInputMethodService: GoogleInputMethodService.onFinishInput():3220 
11-23 01:23:59.112   557   605 I ActivityManager: Force stopping com.ikost.tazecicek3 appid=10164 user=0: pkg removed
11-23 01:23:59.116  1476  1476 I GoogleInputMethodService: GoogleInputMethodService.updateDeviceLockedStatus():2114 repeatCheckTimes = 0, unlocked = true
11-23 01:23:59.117  1476  1476 I GoogleInputMethodService: GoogleInputMethodService.onStartInput():1919 onStartInput(EditorInfo{inputType=0x0(NULL) imeOptions=0x0 privateImeOptions=null actionName=UNSPECIFIED actionLabel=null actionId=0 initialSelStart=-1 initialSelEnd=-1 initialCapsMode=0x0 hintText=null label=null packageName=com.google.android.apps.nexuslauncher fieldId=-1 fieldName=null extras=null}, false)
11-23 01:23:59.117  1476  1476 I GoogleInputMethodService: GoogleInputMethodService.updateDeviceLockedStatus():2114 repeatCheckTimes = 2, unlocked = true
11-23 01:23:59.119   557   583 W BroadcastQueue: Background execution not allowed: receiving Intent { act=android.intent.action.PACKAGE_REMOVED dat=package: flg=0x4000010 (has extras) } to com.android.vending/com.google.android.finsky.packagemonitor.impl.PackageMonitorReceiverImpl$RegisteredReceiver
11-23 01:23:59.121   557   583 W BroadcastQueue: Background execution not allowed: receiving Intent { act=android.intent.action.PACKAGE_REMOVED dat=package: flg=0x4000010 (has extras) } to com.android.vending/com.google.android.finsky.packagemonitor.backgroundimpl.BackgroundPackageMonitorReceiverImpl$RegisteredReceiver
11-23 01:23:59.121   557   583 W BroadcastQueue: Background execution not allowed: receiving Intent { act=android.intent.action.PACKAGE_REMOVED dat=package: flg=0x4000010 (has extras) } to com.android.vending/com.google.android.finsky.instantapps.appmanagement.InstantAppRemoveMonitor
11-23 01:23:59.121   557   583 W BroadcastQueue: Background execution not allowed: receiving Intent { act=android.intent.action.PACKAGE_REMOVED dat=package: flg=0x4000010 (has extras) } to com.google.android.gms/.games.chimera.GamesSystemBroadcastReceiverProxy
11-23 01:23:59.122   557   583 W BroadcastQueue: Background execution not allowed: receiving Intent { act=android.intent.action.PACKAGE_REMOVED dat=package: flg=0x4000010 (has extras) } to com.google.android.gms/.chimera.GmsIntentOperationService$PersistentTrustedReceiver
11-23 01:23:59.122   557   583 W BroadcastQueue: Background execution not allowed: receiving Intent { act=android.intent.action.PACKAGE_REMOVED dat=package: flg=0x4000010 (has extras) } to com.google.android.googlequicksearchbox/com.google.android.apps.gsa.googlequicksearchbox.GelStubAppWatcher
11-23 01:23:59.123   841   841 I Finsky:background: [2] agaz - Received: android.intent.action.PACKAGE_REMOVED, [XVJIr-yHpqWUiJin7DqhDoawpeGKY9IRZ2TyriHrSRQ]
11-23 01:23:59.123  1692  1692 I Finsky  : [2] agbj - Received: android.intent.action.PACKAGE_REMOVED, [XVJIr-yHpqWUiJin7DqhDoawpeGKY9IRZ2TyriHrSRQ]
11-23 01:23:59.126  1558  1749 I AiAiEcho: Predicting[0]: 
11-23 01:23:59.126  1558  1749 I AiAiEcho: Ranked targets strategy: SORT, count: 0, ranking metadata: 
11-23 01:23:59.153  1552  1552 I MediaProvider: Invalidating LocalCallingIdentity cache for package com.ikost.tazecicek3. Reason: package android.intent.action.PACKAGE_REMOVED
11-23 01:23:59.156   841   841 I Finsky:background: [2] IQ: onPackageRemoved com.ikost.tazecicek3, replacing=true, uninstallingFromPlay=false
11-23 01:23:59.164   557   566 I system_server: Background young concurrent copying GC freed 370746(23MB) AllocSpace objects, 9(180KB) LOS objects, 43% free, 26MB/46MB, paused 1.371ms,221us total 117.077ms
11-23 01:23:59.168   557   568 W System  : A resource failed to call close. 
11-23 01:23:59.169  1552  1552 W MediaProvider: WorkProfileOwnerApps cache is empty
11-23 01:23:59.177   557   605 D CompatibilityChangeReporter: Compat change id reported: 168419799; UID 10164; state: DISABLED
11-23 01:23:59.178   557   583 W BroadcastQueue: Background execution not allowed: receiving Intent { act=android.intent.action.PACKAGE_ADDED dat=package: flg=0x4000010 (has extras) } to com.google.android.packageinstaller/com.android.packageinstaller.PackageInstalledReceiver
11-23 01:23:59.178   557   583 W BroadcastQueue: Background execution not allowed: receiving Intent { act=android.intent.action.PACKAGE_ADDED dat=package: flg=0x4000010 (has extras) } to com.android.vending/com.google.android.finsky.packagemonitor.impl.PackageMonitorReceiverImpl$RegisteredReceiver
11-23 01:23:59.178   557   583 W BroadcastQueue: Background execution not allowed: receiving Intent { act=android.intent.action.PACKAGE_ADDED dat=package: flg=0x4000010 (has extras) } to com.android.vending/com.google.android.finsky.packagemonitor.backgroundimpl.BackgroundPackageMonitorReceiverImpl$RegisteredReceiver
11-23 01:23:59.178   557   583 W BroadcastQueue: Background execution not allowed: receiving Intent { act=android.intent.action.PACKAGE_ADDED dat=package: flg=0x4000010 (has extras) } to com.google.android.gms/.games.chimera.GamesSystemBroadcastReceiverProxy
11-23 01:23:59.178   557   583 W BroadcastQueue: Background execution not allowed: receiving Intent { act=android.intent.action.PACKAGE_ADDED dat=package: flg=0x4000010 (has extras) } to com.google.android.gms/.gass.chimera.PackageChangeBroadcastReceiver
11-23 01:23:59.178   557   583 W BroadcastQueue: Background execution not allowed: receiving Intent { act=android.intent.action.PACKAGE_ADDED dat=package: flg=0x4000010 (has extras) } to com.google.android.gms/.chimera.GmsIntentOperationService$PersistentTrustedReceiver
11-23 01:23:59.178   557   583 W BroadcastQueue: Background execution not allowed: receiving Intent { act=android.intent.action.PACKAGE_ADDED dat=package: flg=0x4000010 (has extras) } to com.google.android.googlequicksearchbox/com.google.android.apps.gsa.googlequicksearchbox.GelStubAppWatcher
11-23 01:23:59.179   557   628 D CompatibilityChangeReporter: Compat change id reported: 218533173; UID 10164; state: ENABLED
11-23 01:23:59.179   557   827 I SdkSandboxManager: No SDKs used. Skipping SDK data reconcilation for CallingInfo{mUid=10164, mPackageName='com.ikost.tazecicek3'}
11-23 01:23:59.183  1692  1866 I Finsky  : [89] AIM: AppInfoManager-Perf > OnDeviceAppInfo > cacheHitCount=1, cacheMissCount=0. Missed  in cache (limit 10) : []
11-23 01:23:59.184   557   827 I SdkSandboxManager: No SDKs used. Skipping SDK data reconcilation for CallingInfo{mUid=10164, mPackageName='com.ikost.tazecicek3'}
11-23 01:23:59.186  1692  1866 I Finsky  : [89] AIM: Got app ownership map. App counts: . Unique apps: 0
11-23 01:23:59.186  1692  1866 E Finsky  : [89] [Counters] attempted to use a non-positive increment for: 4752
11-23 01:23:59.186  1692  1866 E Finsky  : [89] [Counters] attempted to use a non-positive increment for: 4753
11-23 01:23:59.188  1552  1552 I MediaProvider: Invalidating LocalCallingIdentity cache for package com.ikost.tazecicek3. Reason: package android.intent.action.PACKAGE_ADDED
11-23 01:23:59.188  1562  1562 I GsaVoiceInteractionSrv: (REDACTED) O received %s
11-23 01:23:59.188   841   841 I Finsky:background: [2] agaz - Received: android.intent.action.PACKAGE_ADDED, [XVJIr-yHpqWUiJin7DqhDoawpeGKY9IRZ2TyriHrSRQ]
11-23 01:23:59.191  1692  1866 I Finsky  : [89] AIM: AppInfoManager-Perf > ItemModel > CacheSize=0, cacheHitCount=0, cacheMissCount=0, total appsWithNoServerDataCount=0. Missed  in cache (limit 10) : []
11-23 01:23:59.193   557   605 D PackageInstallerSession: Marking session 1339275756 as applied
11-23 01:23:59.193   454   464 E installd: Couldn't opendir /data/app/vmdl1339275756.tmp: No such file or directory
11-23 01:23:59.193   454   464 E installd: Failed to delete /data/app/vmdl1339275756.tmp: No such file or directory
11-23 01:23:59.196  1692  1692 I Finsky  : [2] AIM: AppInfoCacheUpdater -> invalidating apps: [com.ikost.tazecicek3]
11-23 01:23:59.197  1692  1692 I Finsky  : [2] AIM: AppInfoManager-Perf > getApps > called for 1 apps
11-23 01:23:59.197  1692  1843 I Finsky  : [79] AIM: AppInfoManager-Perf > OnDeviceAppInfo > cacheHitCount=0, cacheMissCount=1. Missed  in cache (limit 10) : [com.ikost.tazecicek3]
11-23 01:23:59.197  1692  1843 I Finsky  : [79] AIM: Got app ownership map. App counts: . Unique apps: 0
11-23 01:23:59.197  1692  1843 E Finsky  : [79] [Counters] attempted to use a non-positive increment for: 4752
11-23 01:23:59.198  1692  1843 E Finsky  : [79] [Counters] attempted to use a non-positive increment for: 4753
11-23 01:23:59.199  1558  1749 I AiAiEcho: #postPredictionTargets: Sending updates to UISurface lockscreen with targets# 0
11-23 01:23:59.199  1558  1749 I AiAiEcho: #postPredictionTargets: Sending updates to UISurface home with targets# 0
11-23 01:23:59.200  1558  1749 I AiAiEcho: #postPredictionTargets: Sending updates to UISurface media_data_manager with targets# 0
11-23 01:23:59.202   557   557 I Telecom : CarModeTracker: Package com.ikost.tazecicek3 is not tracked.: SSH.oR@Ak0
11-23 01:23:59.203   557   557 I Telecom : InCallController: updateCarModeForConnections: car mode apps: : SSH.oR@Ak0
11-23 01:23:59.203   381   445 D goldfish-address-space: claimShared: Ask to claim region [0x1ec9e4000 0x1ed3c8000]
11-23 01:23:59.206  1692  3918 I Finsky  : [167] [ContentSync] finished, scheduled=false
11-23 01:23:59.206  1562  1562 I GsaVoiceInteractionSrv: (REDACTED) O received %s
11-23 01:23:59.208   841  3912 I Finsky:background: [135] Wrote row to frosting DB: 310
11-23 01:23:59.209   557   557 I Telecom : DefaultDialerCache: Refreshing default dialer for user 0: now com.google.android.dialer: DDC.oR@Ak4
11-23 01:23:59.211   557   557 V BackupManagerConstants: getFullBackupIntervalMilliseconds(...) returns 86400000
11-23 01:23:59.211   557   557 V BackupManagerConstants: getFullBackupRequiredNetworkType(...) returns 2
11-23 01:23:59.211   557   557 V BackupManagerConstants: getFullBackupRequireCharging(...) returns true
11-23 01:23:59.213   381   445 D goldfish-address-space: claimShared: Ask to claim region [0x1f0000000 0x1f09e4000]
11-23 01:23:59.213  1692  1692 I Finsky  : [2] agbj - Received: android.intent.action.PACKAGE_ADDED, [XVJIr-yHpqWUiJin7DqhDoawpeGKY9IRZ2TyriHrSRQ]
11-23 01:23:59.214   841  3914 I Finsky:background: [137] IQ: handled package removed
11-23 01:23:59.218   557   557 D CompatibilityChangeReporter: Compat change id reported: 171306433; UID 10164; state: ENABLED
11-23 01:23:59.218   557   557 W AlarmManager: Package com.ikost.tazecicek3, uid 10164 lost permission to set exact alarms!
11-23 01:23:59.226  1692  1867 I Finsky  : [90] AIM: AppInfoManager-Perf > ItemModel > CacheSize=0, cacheHitCount=0, cacheMissCount=0, total appsWithNoServerDataCount=0. Missed  in cache (limit 10) : []
11-23 01:23:59.228   381   445 D goldfish-address-space: claimShared: Ask to claim region [0x1f1038000 0x1f1a1c000]
11-23 01:23:59.230   841  3912 I Finsky:background: [135] Wrote row to frosting DB: 311
11-23 01:23:59.232  1692  3918 I Finsky  : [167] [ContentSync] finished, scheduled=false
11-23 01:23:59.233  1692  1692 I Finsky  : [2] AIM: AppInfoCacheUpdater -> invalidating apps: [com.ikost.tazecicek3]
11-23 01:23:59.233  1692  1692 I Finsky  : [2] AIM: AppInfoManager-Perf > getApps > called for 1 apps
11-23 01:23:59.233  1692  1852 I Finsky  : [83] AIM: AppInfoManager-Perf > OnDeviceAppInfo > cacheHitCount=1, cacheMissCount=0. Missed  in cache (limit 10) : []
11-23 01:23:59.233  1692  1852 I Finsky  : [83] AIM: Got app ownership map. App counts: . Unique apps: 0
11-23 01:23:59.233  1692  1852 E Finsky  : [83] [Counters] attempted to use a non-positive increment for: 4752
11-23 01:23:59.233  1692  1852 E Finsky  : [83] [Counters] attempted to use a non-positive increment for: 4753
11-23 01:23:59.233  1692  1852 I Finsky  : [83] AIM: AppInfoManager-Perf > ItemModel > CacheSize=0, cacheHitCount=0, cacheMissCount=0, total appsWithNoServerDataCount=0. Missed  in cache (limit 10) : []
11-23 01:23:59.234  1692  1692 I Finsky  : [2] DTU: Received onPackageAdded, replacing: true
11-23 01:23:59.236   841  3912 I Finsky:background: [135] Wrote row to frosting DB: 312
11-23 01:23:59.239  1692  1843 I Finsky  : [79] AIM: AppInfoManager-Perf > OnDeviceAppInfo > cacheHitCount=0, cacheMissCount=1. Missed  in cache (limit 10) : [com.ikost.tazecicek3]
11-23 01:23:59.239  1692  1866 I Finsky  : [89] AIM: Got app ownership map. App counts: . Unique apps: 0
11-23 01:23:59.239  1692  1866 E Finsky  : [89] [Counters] attempted to use a non-positive increment for: 4752
11-23 01:23:59.240  1692  1866 E Finsky  : [89] [Counters] attempted to use a non-positive increment for: 4753
11-23 01:23:59.242  1692  1852 I Finsky  : [83] AIM: AppInfoManager-Perf > ItemModel > CacheSize=0, cacheHitCount=0, cacheMissCount=0, total appsWithNoServerDataCount=0. Missed  in cache (limit 10) : []
11-23 01:23:59.242   841   841 I Finsky:background: [2] agaz - Received: android.intent.action.PACKAGE_ADDED, [XVJIr-yHpqWUiJin7DqhDoawpeGKY9IRZ2TyriHrSRQ]
11-23 01:23:59.243   557   646 I InputReader: Reconfiguring input devices, changes=KEYBOARD_LAYOUTS | 
11-23 01:23:59.243  1651  1651 I A       : (REDACTED) Created gRPC endpoint to "%s" for service %s
11-23 01:23:59.245   557   646 I InputReader: Reconfiguring input devices, changes=KEYBOARD_LAYOUTS | 
11-23 01:23:59.255   841   841 I Finsky:background: [2] agaz - Deduping intent android.intent.action.PACKAGE_ADDED
11-23 01:23:59.259  1097  1097 E BcSmartspaceCard: No tap action can be set up
11-23 01:23:59.267   841  3912 I Finsky:background: [135] Wrote row to frosting DB: 313
11-23 01:23:59.273  1692  1692 I Finsky  : [2] agbj - Received: android.intent.action.PACKAGE_ADDED, [XVJIr-yHpqWUiJin7DqhDoawpeGKY9IRZ2TyriHrSRQ]
11-23 01:23:59.273  1045  1045 D CarrierSvcBindHelper: onPackageUpdateFinished: com.ikost.tazecicek3
11-23 01:23:59.274  1692  1692 I Finsky  : [2] agbj - Deduping intent android.intent.action.PACKAGE_ADDED
11-23 01:23:59.275  1045  1045 D CarrierSvcBindHelper: No carrier app for: 0
11-23 01:23:59.275  1045  1045 D CarrierSvcBindHelper: onPackageModified: com.ikost.tazecicek3
11-23 01:23:59.275  1045  1045 D CarrierSvcBindHelper: No carrier app for: 0
11-23 01:23:59.275   841  3912 I Finsky:background: [135] Wrote row to frosting DB: 314
11-23 01:23:59.277  1692  1692 I Finsky  : [2] agbj - Received: android.intent.action.PACKAGE_ADDED, [XVJIr-yHpqWUiJin7DqhDoawpeGKY9IRZ2TyriHrSRQ]
11-23 01:23:59.278  1692  1692 I Finsky  : [2] agbj - Deduping intent android.intent.action.PACKAGE_ADDED
11-23 01:23:59.278 25463 30859 I PermissionControllerServiceImpl: Updating user sensitive for uid 10164
11-23 01:23:59.280  1692  1797 I Finsky  : [67] RECEIVER_PACKAGE_MONITOR#logWorkEndAndFinishGoAsync: SUCCESS
11-23 01:23:59.282  1651  2257 I A       : getLocaleToModelSpecsMap
11-23 01:23:59.283  1651  2257 I A       : Using proto config with mendel
11-23 01:23:59.284  1651  2257 I A       : getLocaleToModelSpecsMap
11-23 01:23:59.284  1651  2257 I A       : Using proto config with mendel
11-23 01:23:59.286  1651  2242 W A       : (REDACTED) Queue length for executor %s is now %d. Perhaps some tasks are too long, or the pool is too small.
11-23 01:23:59.286  1651  2257 I A       : getLocaleToModelSpecsMap
11-23 01:23:59.286  1651  2257 I A       : Using proto config with mendel
11-23 01:23:59.286  1651  2252 W CorpusConfigHelper: Invalid input from icing corpus JSON flag.
11-23 01:23:59.286  1651  2252 W CorpusConfigHelper: android.util.MalformedJsonException: Use JsonReader.setLenient(true) to accept malformed JSON at line 123 column 2
11-23 01:23:59.286  1651  2252 W CorpusConfigHelper: 	at android.util.JsonReader.syntaxError(JsonReader.java:1162)
11-23 01:23:59.286  1651  2252 W CorpusConfigHelper: 	at android.util.JsonReader.checkLenient(JsonReader.java:840)
11-23 01:23:59.286  1651  2252 W CorpusConfigHelper: 	at android.util.JsonReader.nextInArray(JsonReader.java:615)
11-23 01:23:59.286  1651  2252 W CorpusConfigHelper: 	at android.util.JsonReader.peek(JsonReader.java:345)
11-23 01:23:59.286  1651  2252 W CorpusConfigHelper: 	at android.util.JsonReader.hasNext(JsonReader.java:321)
11-23 01:23:59.286  1651  2252 W CorpusConfigHelper: 	at com.google.android.apps.gsa.searchbox.c.b.b.k.c(PG:7)
11-23 01:23:59.286  1651  2252 W CorpusConfigHelper: 	at com.google.android.apps.gsa.searchbox.c.b.b.k.<init>(PG:5)
11-23 01:23:59.286  1651  2252 W CorpusConfigHelper: 	at com.google.android.apps.gsa.staticplugins.searchboxroot.features.n.a.c.<init>(PG:16)
11-23 01:23:59.286  1651  2252 W CorpusConfigHelper: 	at com.google.android.apps.gsa.staticplugins.searchboxroot.b.a(PG:14)
11-23 01:23:59.286  1651  2252 W CorpusConfigHelper: 	at com.google.android.apps.gsa.staticplugins.searchboxroot.x.<init>(PG:7)
11-23 01:23:59.286  1651  2252 W CorpusConfigHelper: 	at com.google.android.apps.gsa.binaries.satin.app.alu.b(PG:15)
11-23 01:23:59.286  1651  2252 W CorpusConfigHelper: 	at dagger.a.e.b(PG:1)
11-23 01:23:59.286  1651  2252 W CorpusConfigHelper: 	at com.google.android.apps.gsa.staticplugins.searchboxroot.a.a.a(PG:3)
11-23 01:23:59.286  1651  2252 W CorpusConfigHelper: 	at com.google.android.apps.gsa.binaries.satin.app.alc.f(Unknown Source:2444)
11-23 01:23:59.286  1651  2252 W CorpusConfigHelper: 	at com.google.android.apps.gsa.binaries.satin.app.alc.b(PG:2)
11-23 01:23:59.286  1651  2252 W CorpusConfigHelper: 	at com.google.android.apps.gsa.search.core.service.g.a.c.a(PG:2)
11-23 01:23:59.286  1651  2252 W CorpusConfigHelper: 	at com.google.android.libraries.gsa.k.a.f.a(PG:2)
11-23 01:23:59.286  1651  2252 W CorpusConfigHelper: 	at com.google.common.util.concurrent.dz.a(PG:1)
11-23 01:23:59.286  1651  2252 W CorpusConfigHelper: 	at com.google.common.util.concurrent.cw.run(PG:4)
11-23 01:23:59.286  1651  2252 W CorpusConfigHelper: 	at com.google.common.util.concurrent.eb.run(PG:1)
11-23 01:23:59.286  1651  2252 W CorpusConfigHelper: 	at com.google.android.libraries.i.af.run(PG:1)
11-23 01:23:59.286  1651  2252 W CorpusConfigHelper: 	at com.google.android.libraries.i.an.run(PG:23)
11-23 01:23:59.286  1651  2252 W CorpusConfigHelper: 	at com.google.android.libraries.i.l.run(PG:2)
11-23 01:23:59.286  1651  2252 W CorpusConfigHelper: 	at com.google.android.libraries.i.q.run(PG:4)
11-23 01:23:59.286  1651  2252 W CorpusConfigHelper: 	at java.lang.Thread.run(Thread.java:1012)
11-23 01:23:59.287  1651  2257 I A       : getLocaleToModelSpecsMap
11-23 01:23:59.287  1651  2257 I A       : Using proto config with mendel
11-23 01:23:59.287  1651  2257 I A       : getLocaleToModelSpecsMap
11-23 01:23:59.287  1651  2257 I A       : Using proto config with mendel
11-23 01:23:59.287  1651  2257 I A       : (REDACTED) Adding from config to map. Locale: %s modelPrefix: %s Location:%s isSpeakerIdSupported: %b
11-23 01:23:59.287  1651  2257 I A       : (REDACTED) Adding from config to map. Locale: %s modelPrefix: %s Location:%s isSpeakerIdSupported: %b
11-23 01:23:59.287  1651  2257 I A       : (REDACTED) Adding from config to map. Locale: %s modelPrefix: %s Location:%s isSpeakerIdSupported: %b
11-23 01:23:59.287  1651  2257 I A       : (REDACTED) Skipping. Expected model: %s Found: %s
11-23 01:23:59.287  1651  2257 I A       : (REDACTED) Adding from config to map. Locale: %s modelPrefix: %s Location:%s isSpeakerIdSupported: %b
11-23 01:23:59.287  1651  2257 I A       : getLocaleToModelSpecsMap
11-23 01:23:59.287  1651  2257 I A       : Using proto config with mendel
11-23 01:23:59.287  1651  2257 I A       : getLocaleToModelSpecsMap
11-23 01:23:59.287  1651  2257 I A       : Using proto config with mendel
11-23 01:23:59.288  1651  2257 I A       : getLocaleToModelSpecsMap
11-23 01:23:59.288  1651  2257 I A       : Using proto config with mendel
11-23 01:23:59.290  1045  1045 D ImsResolver: maybeAddedImsService, packageName: com.ikost.tazecicek3
11-23 01:23:59.305  1651  2257 I MicroDetectionState: (REDACTED) Should stop hotword detection immediately - %b
11-23 01:23:59.306  1651  2257 I MicroDetectionState: (REDACTED) Should stop hotword detection immediately - %b
11-23 01:23:59.306  1651  2257 I A       : getLocaleToModelSpecsMap
11-23 01:23:59.306  1651  2257 I A       : Using proto config with mendel
11-23 01:23:59.307  1651  2257 I A       : getLocaleToModelSpecsMap
11-23 01:23:59.307  1651  2257 I A       : Using proto config with mendel
11-23 01:23:59.307  1692  1843 I Finsky  : [79] AIM: AppInfoManager-Perf > getApps > data collection finished
11-23 01:23:59.307  1692  1843 I Finsky  : [79] AIM: AppInfoManager-Perf > maybeDestroyAppInfoManager is called. actives = 1
11-23 01:23:59.307  1692  1852 I Finsky  : [83] AIM: AppInfoManager-Perf > getApps > data collection finished
11-23 01:23:59.307  1692  1852 I Finsky  : [83] AIM: AppInfoManager-Perf > maybeDestroyAppInfoManager is called. actives = 0
11-23 01:23:59.308   841   841 I Finsky:background: [2] agaz - Received: android.intent.action.PACKAGE_ADDED, [XVJIr-yHpqWUiJin7DqhDoawpeGKY9IRZ2TyriHrSRQ]
11-23 01:23:59.310   841   841 I Finsky:background: [2] agaz - Deduping intent android.intent.action.PACKAGE_ADDED
11-23 01:23:59.310   841   898 I Finsky:background: [76] RECEIVER_PACKAGE_MONITOR_BACKGROUND#logWorkEndAndFinishGoAsync: SUCCESS
11-23 01:23:59.311   557  1150 W BroadcastQueue: Background execution not allowed: receiving Intent { act=android.intent.action.PACKAGE_REPLACED dat=package: flg=0x4000010 (has extras) } to com.google.android.gms/.gass.chimera.PackageChangeBroadcastReceiver
11-23 01:23:59.312   557   583 W BroadcastQueue: Background execution not allowed: receiving Intent { act=android.intent.action.PACKAGE_REPLACED dat=package: flg=0x4000010 (has extras) } to com.google.android.gms/.chimera.GmsIntentOperationService$PersistentTrustedReceiver
11-23 01:23:59.312   557   583 W BroadcastQueue: Background execution not allowed: receiving Intent { act=android.intent.action.PACKAGE_REPLACED dat=package: flg=0x4000010 (has extras) } to com.google.android.googlequicksearchbox/com.google.android.apps.gsa.googlequicksearchbox.GelStubAppWatcher
11-23 01:23:59.313   841  3912 I Finsky:background: [135] Wrote row to frosting DB: 315
11-23 01:23:59.319  1097  3931 D OneSearchSuggestProvider: Convert suggest response to search results for query= time=17338388 mResponse list size=45
11-23 01:23:59.328  1562  1562 I GsaVoiceInteractionSrv: (REDACTED) O received %s
11-23 01:23:59.358  9066  3935 I Fitness : (REDACTED) FitCleanupIntentOperation received Intent %s
11-23 01:23:59.358 27061 27296 I Icing   : IndexChimeraService.getServiceInterface callingPackage=com.google.android.googlequicksearchbox componentName=null serviceId=36
11-23 01:23:59.365 27061  3958 I Auth    : [SupervisedAccountIntentOperation] onHandleIntent(): android.intent.action.PACKAGE_ADDED
11-23 01:23:59.366   557   602 E VerityUtils: Failed to measure fs-verity, errno 1: /data/app/~~joKWTX9jABKdUXi7Q3_9aQ==/com.ikost.tazecicek3-zrOOrNWitqKRNeo-qh0ofw==/base.apk
11-23 01:23:59.366 27061 27061 D BoundBrokerSvc: onBind: Intent { act=com.google.android.gms.common.BIND_SHARED_PREFS pkg=com.google.android.gms }
11-23 01:23:59.366 27061 27061 D BoundBrokerSvc: Loading bound service for intent: Intent { act=com.google.android.gms.common.BIND_SHARED_PREFS pkg=com.google.android.gms }
11-23 01:23:59.368 27061 27061 D BoundBrokerSvc: onUnbind: Intent { act=com.google.android.gms.common.BIND_SHARED_PREFS pkg=com.google.android.gms }
11-23 01:23:59.371 27061 27061 D BoundBrokerSvc: onBind: Intent { act=com.google.android.gms.feedback.internal.IFeedbackService dat=chimera-action: cmp=com.google.android.gms/.chimera.GmsBoundBrokerService }
11-23 01:23:59.371 27061 27061 D BoundBrokerSvc: Loading bound service for intent: Intent { act=com.google.android.gms.feedback.internal.IFeedbackService dat=chimera-action: cmp=com.google.android.gms/.chimera.GmsBoundBrokerService }
11-23 01:23:59.379 27061 27297 I Icing   : IndexChimeraService.getServiceInterface callingPackage=com.google.android.gms componentName=null serviceId=30
11-23 01:23:59.380   557  1150 D CompatibilityChangeReporter: Compat change id reported: 161252188; UID 10164; state: ENABLED
11-23 01:23:59.382 27061  3950 W SQLiteLog: (28) double-quoted string literal: "com.ikost.tazecicek3"
11-23 01:23:59.386  1651  3934 I A       : (REDACTED) Writing data of size=%d bytes with N=%d keys to Geller corpus %s at ts=%d
11-23 01:23:59.388 27061  3944 I PackageIntentOperation: Feature flags not enabled, skipping. [CONTEXT service_id=258 ]
11-23 01:23:59.388 27061  3959 I PackageIntentOperation: Feature flags not enabled, skipping. [CONTEXT service_id=258 ]
11-23 01:23:59.390  1651  2209 I DeviceAppInfoWork: refreshDeviceAppInfoForAccount done.
11-23 01:23:59.390  1651  2242 W DeviceAppInfoWork: missing version info.
11-23 01:23:59.391  9066 24371 W ChimeraUtils: Module com.google.android.gms.nearby_en has empty metadata display_name_string_id
11-23 01:23:59.392  9066 24371 W ChimeraUtils: Module com.google.android.gms.nearby_en has empty metadata display_name_string_id
11-23 01:23:59.393 27061 27296 I Icing   : IndexChimeraService.getServiceInterface callingPackage=com.google.android.gms componentName=AppsCorpus serviceId=36
11-23 01:23:59.396 27061 31068 I Icing   : Usage reports ok 0, Failed Usage reports 0, indexed 0, rejected 0
11-23 01:23:59.400 27061 31068 I Icing   : Usage reports ok 0, Failed Usage reports 0, indexed 0, rejected 0
11-23 01:23:59.430 27061 31068 I Icing   : Usage reports ok 0, Failed Usage reports 0, indexed 0, rejected 0
11-23 01:23:59.438 27061 31068 I Icing   : Indexing com.google.android.gms-apps from com.google.android.gms
11-23 01:23:59.441 27061 31068 I Icing   : Indexing done com.google.android.gms-apps
11-23 01:23:59.441 27061 31068 I Icing   : Indexing com.google.android.gms-apps from com.google.android.gms
11-23 01:23:59.442 27061 31068 I Icing   : Indexing done com.google.android.gms-apps
11-23 01:23:59.701   557   602 E VerityUtils: Failed to measure fs-verity, errno 1: /data/app/~~joKWTX9jABKdUXi7Q3_9aQ==/com.ikost.tazecicek3-zrOOrNWitqKRNeo-qh0ofw==/base.apk
11-23 01:23:59.851   557   917 I ActivityTaskManager: START u0 {act=android.intent.action.MAIN cat=[android.intent.category.LAUNCHER] flg=0x10000000 cmp=com.ikost.tazecicek3/.MainActivity} from uid 2000
11-23 01:23:59.856   557   917 D CompatibilityChangeReporter: Compat change id reported: 194480991; UID 10164; state: ENABLED
11-23 01:23:59.861   557   917 D CompatibilityChangeReporter: Compat change id reported: 174042980; UID 10164; state: DISABLED
11-23 01:23:59.861   557   917 D CompatibilityChangeReporter: Compat change id reported: 184838306; UID 10164; state: DISABLED
11-23 01:23:59.862   557   917 D CompatibilityChangeReporter: Compat change id reported: 185004937; UID 10164; state: DISABLED
11-23 01:23:59.862   557   917 D CompatibilityChangeReporter: Compat change id reported: 181136395; UID 10164; state: DISABLED
11-23 01:23:59.862   557   917 D CompatibilityChangeReporter: Compat change id reported: 174042936; UID 10164; state: DISABLED
11-23 01:23:59.862   557   917 D CompatibilityChangeReporter: Compat change id reported: 197654537; UID 10164; state: ENABLED
11-23 01:23:59.863   557   917 D CompatibilityChangeReporter: Compat change id reported: 205907456; UID 10164; state: ENABLED
11-23 01:23:59.870   557   917 D CompatibilityChangeReporter: Compat change id reported: 194833441; UID 10164; state: ENABLED
11-23 01:23:59.875   557   575 D CompatibilityChangeReporter: Compat change id reported: 135634846; UID 10164; state: DISABLED
11-23 01:23:59.875   557   575 D CompatibilityChangeReporter: Compat change id reported: 177438394; UID 10164; state: DISABLED
11-23 01:23:59.875   557   575 D CompatibilityChangeReporter: Compat change id reported: 135772972; UID 10164; state: DISABLED
11-23 01:23:59.875   557   575 D CompatibilityChangeReporter: Compat change id reported: 135754954; UID 10164; state: ENABLED
11-23 01:23:59.877   557   584 D CompatibilityChangeReporter: Compat change id reported: 143937733; UID 10164; state: ENABLED
11-23 01:23:59.893 19272 19295 W ShellStartingWindow: Window background is transparent, fill background with black color
11-23 01:23:59.902   367   367 D Zygote  : Forked child process 3975
11-23 01:23:59.903   557   584 I ActivityManager: Start proc 3975:com.ikost.tazecicek3/u0a164 for next-top-activity {com.ikost.tazecicek3/com.ikost.tazecicek3.MainActivity}
11-23 01:23:59.907   557   570 D CoreBackPreview: Window{b952a92 u0 Splash Screen com.ikost.tazecicek3}: Setting back callback OnBackInvokedCallbackInfo{mCallback=android.window.IOnBackInvokedCallback$Stub$Proxy@c087919, mPriority=0}
11-23 01:23:59.921   381   445 D goldfish-address-space: claimShared: Ask to claim region [0x1f1a1c000 0x1f2400000]
11-23 01:23:59.922   381   445 D goldfish-address-space: claimShared: Ask to claim region [0x1f2400000 0x1f2de4000]
11-23 01:23:59.923   381   445 D goldfish-address-space: claimShared: Ask to claim region [0x1f67d0000 0x1f71b4000]
11-23 01:23:59.929  3975  3975 I kost.tazecicek3: Late-enabling -Xcheck:jni
11-23 01:23:59.939 19272 19296 W Parcel  : Expecting binder but got null!
11-23 01:24:00.012  1558  1749 I AiAiEcho: Predicting[0]: 
11-23 01:24:00.012  1558  1749 I AiAiEcho: Ranked targets strategy: SORT, count: 0, ranking metadata: 
11-23 01:24:00.013  1558  1749 I AiAiEcho: #postPredictionTargets: Sending updates to UISurface lockscreen with targets# 0
11-23 01:24:00.013  1558  1749 I AiAiEcho: #postPredictionTargets: Sending updates to UISurface home with targets# 0
11-23 01:24:00.013  1558  1749 I AiAiEcho: #postPredictionTargets: Sending updates to UISurface media_data_manager with targets# 0
11-23 01:24:00.019  1097  1097 E BcSmartspaceCard: No tap action can be set up
11-23 01:24:00.027 19272 19296 D EGL_emulation: app_time_stats: avg=10527.14ms min=10527.14ms max=10527.14ms count=1
11-23 01:24:00.050  1947  1961 I adbd    : jdwp connection from 3975
11-23 01:24:00.088  3975  3975 D CompatibilityChangeReporter: Compat change id reported: 171979766; UID 10164; state: ENABLED
11-23 01:24:00.101  3975  3975 D nativeloader: Configuring classloader-namespace for other apk /system/framework/org.apache.http.legacy.jar. target_sdk_version=35, uses_libraries=ALL, library_path=/data/app/~~joKWTX9jABKdUXi7Q3_9aQ==/com.ikost.tazecicek3-zrOOrNWitqKRNeo-qh0ofw==/lib/arm64:/data/app/~~joKWTX9jABKdUXi7Q3_9aQ==/com.ikost.tazecicek3-zrOOrNWitqKRNeo-qh0ofw==/base.apk!/lib/arm64-v8a, permitted_path=/data:/mnt/expand:/data/user/0/com.ikost.tazecicek3
11-23 01:24:00.101  3975  3975 W ziparchive: Unable to open '/data/app/~~joKWTX9jABKdUXi7Q3_9aQ==/com.ikost.tazecicek3-zrOOrNWitqKRNeo-qh0ofw==/base.dm': No such file or directory
11-23 01:24:00.101  3975  3975 W ziparchive: Unable to open '/data/app/~~joKWTX9jABKdUXi7Q3_9aQ==/com.ikost.tazecicek3-zrOOrNWitqKRNeo-qh0ofw==/base.dm': No such file or directory
11-23 01:24:00.201 19272 19296 D EGL_emulation: app_time_stats: avg=5011.38ms min=14.33ms max=164385.11ms count=33
