11-23 01:14:57.808   736   872 E dfas    : 	at beur.call(:com.google.android.gms@221821044@22.18.21 (190400-453244992):31)
11-23 01:14:57.808   736   872 E dfas    : 	at java.util.concurrent.FutureTask.run(FutureTask.java:264)
11-23 01:14:57.808   736   872 E dfas    : 	at wwq.c(:com.google.android.gms@221821044@22.18.21 (190400-453244992):6)
11-23 01:14:57.808   736   872 E dfas    : 	at wwq.run(:com.google.android.gms@221821044@22.18.21 (190400-453244992):7)
11-23 01:14:57.808   736   872 E dfas    : 	at java.util.concurrent.ThreadPoolExecutor.runWorker(ThreadPoolExecutor.java:1137)
11-23 01:14:57.808   736   872 E dfas    : 	at java.util.concurrent.ThreadPoolExecutor$Worker.run(ThreadPoolExecutor.java:637)
11-23 01:14:57.808   736   872 E dfas    : 	at xbv.run(:com.google.android.gms@221821044@22.18.21 (190400-453244992):0)
11-23 01:14:57.808   736   872 E dfas    : 	at java.lang.Thread.run(Thread.java:1012)
11-23 01:14:57.808   736   736 I ContentCaptureHelper: Setting logging level to OFF
11-23 01:14:57.809   736   768 D TrafficStats: tagSocket(98) with statsTag=0x20006501, statsUid=-1
11-23 01:14:57.810   557  2880 D CoreBackPreview: Window{873563e u0 com.google.android.gms/com.google.android.gms.signin.activity.SignInActivity}: Setting back callback OnBackInvokedCallbackInfo{mCallback=android.window.IOnBackInvokedCallback$Stub$Proxy@c47c1ec, mPriority=0}
11-23 01:14:57.817   381   445 D goldfish-address-space: claimShared: Ask to claim region [0x1effc0000 0x1effc4000]
11-23 01:14:57.817   381   445 D goldfish-address-space: claimShared: Ask to claim region [0x1effc4000 0x1effc8000]
11-23 01:14:57.818   381   445 D goldfish-address-space: claimShared: Ask to claim region [0x1effc8000 0x1effcc000]
11-23 01:14:57.818   557   572 I ActivityTaskManager: Displayed com.google.android.gms/.signin.activity.SignInActivity: +35ms
11-23 01:14:57.833  1476  1476 I GoogleInputMethodService: GoogleInputMethodService.onFinishInput():3220 
11-23 01:14:57.833  1476  1476 I GoogleInputMethodService: GoogleInputMethodService.updateDeviceLockedStatus():2114 repeatCheckTimes = 0, unlocked = true
11-23 01:14:57.833  1476  1476 I GoogleInputMethodService: GoogleInputMethodService.onStartInput():1919 onStartInput(EditorInfo{inputType=0x0(NULL) imeOptions=0x0 privateImeOptions=null actionName=UNSPECIFIED actionLabel=null actionId=0 initialSelStart=-1 initialSelEnd=-1 initialCapsMode=0x0 hintText=null label=null packageName=com.google.android.gms fieldId=-1 fieldName=null extras=null}, false)
11-23 01:14:57.834  1476  1476 I GoogleInputMethodService: GoogleInputMethodService.updateDeviceLockedStatus():2114 repeatCheckTimes = 2, unlocked = true
11-23 01:14:57.900   736   768 W Conscrypt: Could not set socket write timeout: java.net.SocketException: Socket closed
11-23 01:14:57.900   736   768 W Conscrypt: 	at com.google.android.gms.org.conscrypt.Platform.setSocketWriteTimeout(:com.google.android.gms@221821044@22.18.21 (190400-453244992):2)
11-23 01:14:57.900   736   768 W Conscrypt: 	at com.google.android.gms.org.conscrypt.ConscryptFileDescriptorSocket.setSoWriteTimeout(:com.google.android.gms@221821044@22.18.21 (190400-453244992):0)
11-23 01:14:58.066   736   768 W Conscrypt: Could not set socket write timeout: java.net.SocketException: Socket closed
11-23 01:14:58.066   736   768 W Conscrypt: 	at com.google.android.gms.org.conscrypt.Platform.setSocketWriteTimeout(:com.google.android.gms@221821044@22.18.21 (190400-453244992):2)
11-23 01:14:58.066   736   768 W Conscrypt: 	at com.google.android.gms.org.conscrypt.ConscryptFileDescriptorSocket.setSoWriteTimeout(:com.google.android.gms@221821044@22.18.21 (190400-453244992):0)
11-23 01:14:58.163   736   736 I SignIn  : [Activity,SignInChimeraActivity] Couldn't fetch app's branding information, but continuing without it.
11-23 01:14:58.165   557  3033 I ActivityTaskManager: START u0 {act=com.google.android.gms.common.account.CHOOSE_ACCOUNT_USERTILE pkg=com.google.android.gms cmp=com.google.android.gms/.common.account.AccountChipAccountPickerActivity (has extras)} from uid 10108
11-23 01:14:58.171   557  3033 W ActivityTaskManager: Tried to set launchTime (0) < mLastActivityLaunchTime (16796862)
11-23 01:14:58.179   557   773 I ActivityTaskManager: START u0 {flg=0x2000000 cmp=com.google.android.gms/.common.account.AccountPickerActivity (has extras)} from uid 10108
11-23 01:14:58.186   557  3033 W ActivityTaskManager: Tried to set launchTime (0) < mLastActivityLaunchTime (16797240)
11-23 01:14:58.207   736   736 I ContentCaptureHelper: Setting logging level to OFF
11-23 01:14:58.208 27061 27296 E BasePeopleOperation: Failed to load OwnerAvatar from MDI with cause: %s
11-23 01:14:58.208 27061 27296 E BasePeopleOperation: java.util.concurrent.ExecutionException: bqxe
11-23 01:14:58.208 27061 27296 E BasePeopleOperation: 	at ciwo.s(:com.google.android.gms@221821044@22.18.21 (190400-453244992):3)
11-23 01:14:58.208 27061 27296 E BasePeopleOperation: 	at ciwo.get(:com.google.android.gms@221821044@22.18.21 (190400-453244992):9)
11-23 01:14:58.208 27061 27296 E BasePeopleOperation: 	at ayqm.e(:com.google.android.gms@221821044@22.18.21 (190400-453244992):7)
11-23 01:14:58.208 27061 27296 E BasePeopleOperation: 	at ayqh.b(:com.google.android.gms@221821044@22.18.21 (190400-453244992):1)
11-23 01:14:58.208 27061 27296 E BasePeopleOperation: 	at ayqf.d(:com.google.android.gms@221821044@22.18.21 (190400-453244992):3)
11-23 01:14:58.208 27061 27296 E BasePeopleOperation: 	at azkj.f(:com.google.android.gms@221821044@22.18.21 (190400-453244992):1)
11-23 01:14:58.208 27061 27296 E BasePeopleOperation: 	at agfo.el(:com.google.android.gms@221821044@22.18.21 (190400-453244992):1)
11-23 01:14:58.208 27061 27296 E BasePeopleOperation: 	at agfu.run(:com.google.android.gms@221821044@22.18.21 (190400-453244992):11)
11-23 01:14:58.208 27061 27296 E BasePeopleOperation: 	at cdgo.run(:com.google.android.gms@221821044@22.18.21 (190400-453244992):2)
11-23 01:14:58.208 27061 27296 E BasePeopleOperation: 	at wwq.c(:com.google.android.gms@221821044@22.18.21 (190400-453244992):6)
11-23 01:14:58.208 27061 27296 E BasePeopleOperation: 	at wwq.run(:com.google.android.gms@221821044@22.18.21 (190400-453244992):7)
11-23 01:14:58.208 27061 27296 E BasePeopleOperation: 	at java.util.concurrent.ThreadPoolExecutor.runWorker(ThreadPoolExecutor.java:1137)
11-23 01:14:58.208 27061 27296 E BasePeopleOperation: 	at java.util.concurrent.ThreadPoolExecutor$Worker.run(ThreadPoolExecutor.java:637)
11-23 01:14:58.208 27061 27296 E BasePeopleOperation: 	at xbv.run(:com.google.android.gms@221821044@22.18.21 (190400-453244992):0)
11-23 01:14:58.208 27061 27296 E BasePeopleOperation: 	at java.lang.Thread.run(Thread.java:1012)
11-23 01:14:58.208 27061 27296 E BasePeopleOperation: Caused by: bqxe
11-23 01:14:58.208 27061 27296 E BasePeopleOperation: 	at bqxq.a(:com.google.android.gms@221821044@22.18.21 (190400-453244992):2)
11-23 01:14:58.208 27061 27296 E BasePeopleOperation: 	at cdgt.a(:com.google.android.gms@221821044@22.18.21 (190400-453244992):2)
11-23 01:14:58.208 27061 27296 E BasePeopleOperation: 	at ciwq.c(:com.google.android.gms@221821044@22.18.21 (190400-453244992):2)
11-23 01:14:58.208 27061 27296 E BasePeopleOperation: 	at ciws.run(:com.google.android.gms@221821044@22.18.21 (190400-453244992):9)
11-23 01:14:58.208 27061 27296 E BasePeopleOperation: 	at ciyc.execute(:com.google.android.gms@221821044@22.18.21 (190400-453244992):0)
11-23 01:14:58.208 27061 27296 E BasePeopleOperation: 	at ciwo.q(:com.google.android.gms@221821044@22.18.21 (190400-453244992):1)
11-23 01:14:58.208 27061 27296 E BasePeopleOperation: 	at ciwo.j(:com.google.android.gms@221821044@22.18.21 (190400-453244992):8)
11-23 01:14:58.208 27061 27296 E BasePeopleOperation: 	at ciwo.m(:com.google.android.gms@221821044@22.18.21 (190400-453244992):0)
11-23 01:14:58.208 27061 27296 E BasePeopleOperation: 	at civy.run(:com.google.android.gms@221821044@22.18.21 (190400-453244992):9)
11-23 01:14:58.208 27061 27296 E BasePeopleOperation: 	at ciyc.execute(:com.google.android.gms@221821044@22.18.21 (190400-453244992):0)
11-23 01:14:58.208 27061 27296 E BasePeopleOperation: 	at ciwo.q(:com.google.android.gms@221821044@22.18.21 (190400-453244992):1)
11-23 01:14:58.208 27061 27296 E BasePeopleOperation: 	at ciwo.j(:com.google.android.gms@221821044@22.18.21 (190400-453244992):8)
11-23 01:14:58.208 27061 27296 E BasePeopleOperation: 	at ciwo.m(:com.google.android.gms@221821044@22.18.21 (190400-453244992):0)
11-23 01:14:58.208 27061 27296 E BasePeopleOperation: 	at ciwr.e(:com.google.android.gms@221821044@22.18.21 (190400-453244992):0)
11-23 01:14:58.208 27061 27296 E BasePeopleOperation: 	at ciws.run(:com.google.android.gms@221821044@22.18.21 (190400-453244992):12)
11-23 01:14:58.208 27061 27296 E BasePeopleOperation: 	at ciyc.execute(:com.google.android.gms@221821044@22.18.21 (190400-453244992):0)
11-23 01:14:58.208 27061 27296 E BasePeopleOperation: 	at ciwo.q(:com.google.android.gms@221821044@22.18.21 (190400-453244992):1)
11-23 01:14:58.208 27061 27296 E BasePeopleOperation: 	at ciwo.j(:com.google.android.gms@221821044@22.18.21 (190400-453244992):8)
11-23 01:14:58.208 27061 27296 E BasePeopleOperation: 	at ciwo.p(:com.google.android.gms@221821044@22.18.21 (190400-453244992):2)
11-23 01:14:58.208 27061 27296 E BasePeopleOperation: 	at cjah.e(:com.google.android.gms@221821044@22.18.21 (190400-453244992):2)
11-23 01:14:58.208 27061 27296 E BasePeopleOperation: 	at cizj.run(:com.google.android.gms@221821044@22.18.21 (190400-453244992):6)
11-23 01:14:58.208 27061 27296 E BasePeopleOperation: 	at cjaj.run(:com.google.android.gms@221821044@22.18.21 (190400-453244992):0)
11-23 01:14:58.208 27061 27296 E BasePeopleOperation: 	... 6 more
11-23 01:14:58.209   736   736 W DividerItem: @android:attr/listDivider was not set in the theme used for this DividerItemDecoration. Please set that attribute all call setDrawable()
11-23 01:14:58.212   557  2880 D CoreBackPreview: Window{a9249c6 u0 com.google.android.gms/com.google.android.gms.common.account.AccountPickerActivity}: Setting back callback OnBackInvokedCallbackInfo{mCallback=android.window.IOnBackInvokedCallback$Stub$Proxy@58974b4, mPriority=0}
11-23 01:14:58.220   381   445 D goldfish-address-space: claimShared: Ask to claim region [0x1ee790000 0x1eeb54000]
11-23 01:14:58.221   381   445 D goldfish-address-space: claimShared: Ask to claim region [0x1eeb54000 0x1eef18000]
11-23 01:14:58.222   381   445 D goldfish-address-space: claimShared: Ask to claim region [0x1f3a8c000 0x1f3e50000]
11-23 01:14:58.224   736   771 W Parcel  : Expecting binder but got null!
11-23 01:14:58.224   736   736 W TextView: onProvideContentCaptureStructure(): calling assumeLayout()
11-23 01:14:58.225   557   572 I ActivityTaskManager: Displayed com.google.android.gms/.common.account.AccountPickerActivity: +60ms
11-23 01:14:58.237   381   445 D goldfish-address-space: claimShared: Ask to claim region [0x1eeb54000 0x1ef060000]
11-23 01:14:58.238   736   736 I ContentCaptureHelper: Setting logging level to OFF
11-23 01:14:58.238  1476  1476 I GoogleInputMethodService: GoogleInputMethodService.onFinishInput():3220 
11-23 01:14:58.239  1558  1558 W ContentCaptureService: handleSendEvents() received empty list of events
11-23 01:14:58.239  1476  1476 I GoogleInputMethodService: GoogleInputMethodService.updateDeviceLockedStatus():2114 repeatCheckTimes = 0, unlocked = true
11-23 01:14:58.239  1476  1476 I GoogleInputMethodService: GoogleInputMethodService.onStartInput():1919 onStartInput(EditorInfo{inputType=0x0(NULL) imeOptions=0x0 privateImeOptions=null actionName=UNSPECIFIED actionLabel=null actionId=0 initialSelStart=-1 initialSelEnd=-1 initialCapsMode=0x0 hintText=null label=null packageName=com.google.android.gms fieldId=-1 fieldName=null extras=null}, false)
11-23 01:14:58.239   381   445 D goldfish-address-space: claimShared: Ask to claim region [0x1f3a8c000 0x1f3f98000]
11-23 01:14:58.240  1476  1476 I GoogleInputMethodService: GoogleInputMethodService.updateDeviceLockedStatus():2114 repeatCheckTimes = 2, unlocked = true
11-23 01:14:58.250   381   445 D goldfish-address-space: claimShared: Ask to claim region [0x1f49e4000 0x1f4ef0000]
11-23 01:14:59.187   381   445 D goldfish-address-space: claimShared: Ask to claim region [0x1f4ef0000 0x1f5544000]
11-23 01:14:59.219   736   771 D OpenGLRenderer: endAllActiveAnimators on 0xb4000074fc61b720 (RippleDrawable) with handle 0xb40000740c664760
11-23 01:14:59.234  1476  1476 I GoogleInputMethodService: GoogleInputMethodService.onFinishInput():3220 
11-23 01:14:59.234  1476  1476 I GoogleInputMethodService: GoogleInputMethodService.updateDeviceLockedStatus():2114 repeatCheckTimes = 0, unlocked = true
11-23 01:14:59.234  1476  1476 I GoogleInputMethodService: GoogleInputMethodService.onStartInput():1919 onStartInput(EditorInfo{inputType=0x0(NULL) imeOptions=0x0 privateImeOptions=null actionName=UNSPECIFIED actionLabel=null actionId=0 initialSelStart=-1 initialSelEnd=-1 initialCapsMode=0x0 hintText=null label=null packageName=com.google.android.gms fieldId=-1 fieldName=null extras=null}, false)
11-23 01:14:59.236  1476  1476 I GoogleInputMethodService: GoogleInputMethodService.updateDeviceLockedStatus():2114 repeatCheckTimes = 2, unlocked = true
11-23 01:14:59.236   557   773 W InputManager-JNI: Input channel object 'a9249c6 com.google.android.gms/com.google.android.gms.common.account.AccountPickerActivity (client)' was disposed without first being removed with the input manager!
11-23 01:14:59.237  1558  1558 W ContentCaptureService: handleSendEvents() received empty list of events
11-23 01:14:59.239   557  3033 W WindowManager: Failed looking up window session=Session{dd17e67 736:u0a10108} callers=com.android.server.wm.WindowManagerService.windowForClientLocked:5972 com.android.server.wm.Session.setOnBackInvokedCallbackInfo:943 android.view.IWindowSession$Stub.onTransact:1180 
11-23 01:14:59.239   557  3033 E WindowManager: setOnBackInvokedCallback(): No window state for package:com.google.android.gms
11-23 01:14:59.414   736   736 W SignIn  : [Activity,SignInChimeraActivity] Failed to record the consent.
11-23 01:14:59.632   381   445 D goldfish-address-space: claimShared: Ask to claim region [0x1ee790000 0x1eede4000]
11-23 01:14:59.645   381   445 D goldfish-address-space: claimShared: Ask to claim region [0x1f5544000 0x1f5b98000]
11-23 01:14:59.656   557  1119 D CoreBackPreview: Window{873563e u0 com.google.android.gms/com.google.android.gms.signin.activity.SignInActivity}: Setting back callback null
11-23 01:14:59.656   557  1119 W InputManager-JNI: Input channel object '873563e com.google.android.gms/com.google.android.gms.signin.activity.SignInActivity (client)' was disposed without first being removed with the input manager!
11-23 01:14:59.661   736   736 W AutoManageHelper: Unresolved error while connecting client. Stopping auto-manage.
11-23 01:14:59.662  1558  1558 W ContentCaptureService: handleSendEvents() received empty list of events
11-23 01:14:59.662   381   445 D goldfish-address-space: claimShared: Ask to claim region [0x1f5b98000 0x1f61ec000]
11-23 01:14:59.669   557  3037 D CoreBackPreview: Window{cf13c54 u0 com.google.android.gms/com.google.android.gms.common.api.GoogleApiActivity}: Setting back callback null
11-23 01:14:59.669   557  3037 W InputManager-JNI: Input channel object 'cf13c54 com.google.android.gms/com.google.android.gms.common.api.GoogleApiActivity (client)' was disposed without first being removed with the input manager!
11-23 01:14:59.674   381   445 D goldfish-address-space: claimShared: Ask to claim region [0x1f168c000 0x1f1ce0000]
11-23 01:14:59.688   557  1217 I WindowManager: Queue is too deep! Purged item with taskid=29
11-23 01:14:59.696   557  1119 D CoreBackPreview: Window{29e8d8c u0 com.google.android.gms/com.google.android.gms.auth.api.signin.ui.SignInActivity}: Setting back callback null
11-23 01:14:59.696   557  3037 W InputManager-JNI: Input channel object '29e8d8c com.google.android.gms/com.google.android.gms.auth.api.signin.ui.SignInActivity (client)' was disposed without first being removed with the input manager!
11-23 01:14:59.698  3058  3150 I ReactNativeJS: 'Google Giriş Hatası', [com.google.android.gms.common.api.ApiException: DEVELOPER_ERROR]
11-23 01:14:59.698  3058  3150 I ReactNativeJS: 'Error Code:', '10'
11-23 01:14:59.698  3058  3150 I ReactNativeJS: 'Error Message:', 'DEVELOPER_ERROR'
11-23 01:14:59.704  3058  3150 I ReactNativeJS: 'ikostalert called, alertRef => ', { props: {},
11-23 01:14:59.704  3058  3150 I ReactNativeJS:   context: 
11-23 01:14:59.704  3058  3150 I ReactNativeJS:    { sepetSayisi: 0,
11-23 01:14:59.704  3058  3150 I ReactNativeJS:      setSepetSayisi: [Function: bound dispatchSetState],
11-23 01:14:59.704  3058  3150 I ReactNativeJS:      sepetTutari: 0,
11-23 01:14:59.704  3058  3150 I ReactNativeJS:      setSepetTutari: [Function: bound dispatchSetState],
11-23 01:14:59.704  3058  3150 I ReactNativeJS:      language: 'TR',
11-23 01:14:59.704  3058  3150 I ReactNativeJS:      setLanguage: [Function: bound dispatchSetState],
11-23 01:14:59.704  3058  3150 I ReactNativeJS:      translations: [],
11-23 01:14:59.704  3058  3150 I ReactNativeJS:      translate: [Function: translate],
11-23 01:14:59.704  3058  3150 I ReactNativeJS:      fetchTranslations: [Function: fetchTranslations],
11-23 01:14:59.704  3058  3150 I ReactNativeJS:      kur: 'TL',
11-23 01:14:59.704  3058  3150 I ReactNativeJS:      setKur: [Function: bound dispatchSetState] },
11-23 01:14:59.704  3058  3150 I ReactNativeJS:   refs: {},
11-23 01:14:59.704  3058  3150 I ReactNativeJS:   updater: 
11-23 01:14:59.704  3058  3150 I ReactNativeJS:    { isMounted: [Function: isMounted],
11-23 01:14:59.704  3058  3150 I ReactNativeJS:      enqueueSetState: [Function: enqueueSetState],
11-23 01:14:59.704  3058  3150 I ReactNativeJS:      enqueueReplaceState: [Function: enqueueReplaceState],
11-23 01:14:59.704  3058  3150 I ReactNativeJS:      enqueueForceUpdate: [Function: enqueueForceUpdate] },
11-23 01:14:59.704  3058  3150 I ReactNativeJS:   state: 
11-23 01:14:59.704  3058  3150 I ReactNativeJS:    { visible: false,
11-23 01:14:59.704  3058  3150 I ReactNativeJS:      title: 'Google Giriş Hatası',
11-23 01:14:59.704  3058  3150 I ReactNativeJS:      message: 'Hata Kodu: 10\nMesaj: DEVELOPER_ERROR',
11-23 01:14:59.704  3058  3150 I ReactNativeJS:      buttons: [ { text: 'Tamam', onPress: [Function: onPress] } ] },
11-23 01:14:59.704  3058  3150 I ReactNativeJS:   showAlert: [Function],
11-23 01:14:59.704  3058  3150 I ReactNativeJS:   hideAlert: [Function],
11-23 01:14:59.704  3058  3150 I ReactNativeJS:   _reactInternals: 
11-23 01:14:59.704  3058  3150 I ReactNativeJS:    { tag: 1,
11-23 01:14:59.704  3058  3150 I ReactNativeJS:      key: null,
11-23 01:14:59.704  3058  3150 I ReactNativeJS:      elementType: 
11-23 01:14:59.704  3058  3150 I ReactNativeJS:       { [Function: GlobalAlertContainer]
11-23 01:14:59.704  3058  3150 I ReactNativeJS:         contextType: 
11-23 01:14:59.704  3058  3150 I ReactNativeJS:          { '$$typeof': {},
11-23 01:14:59.704  3058  3150 I ReactNativeJS:            _currentValue: 
11-23 01:14:59.704  3058  3150 I ReactNativeJS:             { sepetSayisi: 0,
11-23 01:14:59.704  3058  3150 I ReactNativeJS:               setSepetSayisi: [Function: setSepetSayisi],
11-23 01:14:59.704  3058  3150 I ReactNativeJS:               sepetTutari: 0,
11-23 01:14:59.704  3058  3150 I ReactNativeJS:               setSepetTutari: [Function: setSepetTutari],
11-23 01:14:59.704  3058  3150 I ReactNativeJS:               language: 'TR',
11-23 01:14:59.704  3058  3150 I ReactNativeJS:               setLanguage: [Function: setLanguage],
11-23 01:14:59.704  3058  3150 I ReactNativeJS:               translations: [],
11-23 01:14:59.704  3058  3150 I ReactNativeJS:               translate: [Function: translate],
11-23 01:14:59.704  3058  3150 I ReactNativeJS:               fetchTranslations: [Function: fetchTranslations],
11-23 01:14:59.704  3058  3150 I ReactNativeJS:               kur: 'TL',
11-23 01:14:59.704  3058  3150 I ReactNativeJS:               setKur: [Function: setKur] },
11-23 01:14:59.704  3058  3150 I ReactNativeJS:            _currentValue2: 
11-23 01:14:59.704  3058  3150 I ReactNativeJS:             { sepetSayisi: 0,
11-23 01:14:59.704  3058  3150 I ReactNativeJS:               setSepetSayisi: [Function: setSepetSayisi],
11-23 01:14:59.704  3058  3150 I ReactNativeJS:               sepetTutari: 0,
11-23 01:14:59.704  3058  3150 I ReactNativeJS:               setSepetTutari: [Function: setSepetTutari],
11-23 01:14:59.704  3058  3150 I ReactNativeJS:               language: 'TR',
11-23 01:14:59.704  3058  3150 I ReactNativeJS:               setLanguage: [Function: setLanguage],
11-23 01:14:59.704  3058  3150 I ReactNativeJS:               translations: [],
11-23 01:14:59.704  3058  3150 I ReactNativeJS:               translate: [Function: translate],
11-23 01:14:59.704  3058  3150 I ReactNativeJS:               fetchTranslations: [Function: fetchTranslations],
11-23 01:14:59.704  3058  3150 I ReactNativeJS:               kur: 'TL',
11-23 01:14:59.704  3058  3150 I ReactNativeJS:               setKur: [Function: setKur] },
11-23 01:14:59.704  3058  3150 I ReactNativeJS:            _threadCount: 0,
11-23 01:14:59.704  3058  3150 I ReactNativeJS:            Provider: { '$$typeof': {}, _context: [Circular] },
11-23 01:14:59.704  3058  3150 I ReactNativeJS:            Consumer: { '$$typeof': {}, _context: [Circular] },
11-23 01:14:59.704  3058  3150 I ReactNativeJS:            _defaultValue: null,
11-23 01:14:59.704  3058  3150 I ReactNativeJS:            _globalName: null,
11-23 01:14:59.704  3058  3150 I ReactNativeJS:            _currentRenderer: null,
11-23 01:14:59.704  3058  3150 I ReactNativeJS:            _currentRenderer2: null } },
11-23 01:14:59.704  3058  3150 I ReactNativeJS:      type: 
11-23 01:14:59.704  3058  3150 I ReactNativeJS:       { [Function: GlobalAlertContainer]
11-23 01:14:59.704  3058  3150 I ReactNativeJS:         contextType: 
11-23 01:14:59.704  3058  3150 I ReactNativeJS:          { '$$typeof': {},
11-23 01:14:59.704  3058  3150 I ReactNativeJS:            _currentValue: 
11-23 01:14:59.704  3058  3150 I ReactNativeJS:             { sepetSayisi: 0,
11-23 01:14:59.704  3058  3150 I ReactNativeJS:               setSepetSayisi: [Function: setSepetSayisi],
11-23 01:14:59.704  3058  3150 I ReactNativeJS:               sepetTutari: 0,
11-23 01:14:59.704  3058  3150 I ReactNativeJS:               setSepetTutari: [Function: setSepetTutari],
11-23 01:14:59.704  3058  3150 I ReactNativeJS:               language: 'TR',
11-23 01:14:59.704  3058  3150 I ReactNativeJS:               setLanguage: [Function: setLanguage],
11-23 01:14:59.704  3058  3150 I ReactNativeJS:               translations: [],
11-23 01:14:59.704  3058  3150 I ReactNativeJS:               translate: [Function: translate],
11-23 01:14:59.704  3058  3150 I ReactNativeJS:               fetchTranslations: [Function: fetchTranslations],
11-23 01:14:59.704  3058  3150 I ReactNativeJS:               kur: 'TL',
11-23 01:14:59.704  3058  3150 I ReactNativeJS:               setKur: [Function: setKur] },
11-23 01:14:59.704  3058  3150 I ReactNativeJS:            _currentValue2: 
11-23 01:14:59.704  3058  3150 I ReactNativeJS:             { sepetSayisi: 0,
11-23 01:14:59.704  3058  3150 I ReactNativeJS:               setSepetSayisi: [Function: setSepetSayisi],
11-23 01:14:59.704  3058  3150 I ReactNativeJS:               sepetTutari: 0,
11-23 01:14:59.704  3058  3150 I ReactNativeJS:               setSepetTutari: [Function: setSepetTutari],
11-23 01:14:59.704  3058  3150 I ReactNativeJS:               language: 'TR',
11-23 01:14:59.704  3058  3150 I ReactNativeJS:               setLanguage: [Function: setLanguage],
11-23 01:14:59.704  3058  3150 I ReactNativeJS:               translations: [],
11-23 01:14:59.704  3058  3150 I ReactNativeJS:               translate: [Function: translate],
11-23 01:14:59.704  3058  3150 I ReactNativeJS:               fetchTranslations: [Function: fetchTranslations],
11-23 01:14:59.704  3058  3150 I ReactNativeJS:               kur: 'TL',
11-23 01:14:59.704  3058  3150 I ReactNativeJS:               setKur: [Function: setKur] },
11-23 01:14:59.704  3058  3150 I ReactNativeJS:            _threadCount: 0,
11-23 01:14:59.704  3058  3150 I ReactNativeJS:            Provider: { '$$typeof': {}, _context: [Circular] },
11-23 01:14:59.704  3058  3150 I ReactNativeJS:            Consumer: { '$$typeof': {}, _context: [Circular] },
11-23 01:14:59.704  3058  3150 I ReactNativeJS:            _defaultValue: null,
11-23 01:14:59.704  3058  3150 I ReactNativeJS:            _globalName: null,
11-23 01:14:59.704  3058  3150 I ReactNativeJS:            _currentRenderer: null,
11-23 01:14:59.704  3058  3150 I ReactNativeJS:            _currentRenderer2: null } },
11-23 01:14:59.704  3058  3150 I ReactNativeJS:      stateNode: [Circular],
11-23 01:14:59.704  3058  3150 I ReactNativeJS:      return: 
11-23 01:14:59.704  3058  3150 I ReactNativeJS:       { tag: 10,
11-23 01:14:59.704  3058  3150 I ReactNativeJS:         key: null,
11-23 01:14:59.704  3058  3150 I ReactNativeJS:         elementType: 
11-23 01:14:59.704  3058  3150 I ReactNativeJS:          { '$$typeof': {},
11-23 01:14:59.704  3058  3150 I ReactNativeJS:            _context: 
11-23 01:14:59.704  3058  3150 I ReactNativeJS:             { '$$typeof': {},
11-23 01:14:59.704  3058  3150 I ReactNativeJS:               _currentValue: 
11-23 01:14:59.704  3058  3150 I ReactNativeJS:                { sepetSayisi: 0,
11-23 01:14:59.704  3058  3150 I ReactNativeJS:                  setSepetSayisi: [Function: setSepetSayisi],
11-23 01:14:59.704  3058  3150 I ReactNativeJS:        
11-23 01:14:59.705  3058  3262 D TrafficStats: tagSocket(112) with statsTag=0xffffffff, statsUid=-1
11-23 01:14:59.722   557  1150 D CoreBackPreview: Window{f97708c u0 com.ikost.tazecicek3/com.ikost.tazecicek3.MainActivity}: Setting back callback OnBackInvokedCallbackInfo{mCallback=android.window.IOnBackInvokedCallback$Stub$Proxy@34577ea, mPriority=0}
11-23 01:14:59.728  3058  3117 D EGL_emulation: app_time_stats: avg=1960.00ms min=1960.00ms max=1960.00ms count=1
11-23 01:14:59.730   381   445 D goldfish-address-space: claimShared: Ask to claim region [0x1eddac000 0x1ee790000]
11-23 01:14:59.731   381   445 D goldfish-address-space: claimShared: Ask to claim region [0x1f0000000 0x1f09e4000]
11-23 01:14:59.732   381   445 D goldfish-address-space: claimShared: Ask to claim region [0x1fa124000 0x1fab08000]
11-23 01:14:59.738  3058  3117 W Parcel  : Expecting binder but got null!
11-23 01:14:59.740  1476  1476 I GoogleInputMethodService: GoogleInputMethodService.onFinishInput():3220 
11-23 01:14:59.741  1476  1476 I GoogleInputMethodService: GoogleInputMethodService.updateDeviceLockedStatus():2114 repeatCheckTimes = 0, unlocked = true
11-23 01:14:59.741  1476  1476 I GoogleInputMethodService: GoogleInputMethodService.onStartInput():1919 onStartInput(EditorInfo{inputType=0x0(NULL) imeOptions=0x0 privateImeOptions=null actionName=UNSPECIFIED actionLabel=null actionId=0 initialSelStart=-1 initialSelEnd=-1 initialCapsMode=0x0 hintText=null label=null packageName=com.ikost.tazecicek3 fieldId=-1 fieldName=null extras=null}, false)
11-23 01:14:59.741  1476  1476 I GoogleInputMethodService: GoogleInputMethodService.updateDeviceLockedStatus():2114 repeatCheckTimes = 2, unlocked = true
11-23 01:14:59.785  1476  1476 I GoogleInputMethodService: GoogleInputMethodService.onFinishInput():3220 
11-23 01:14:59.786  1476  1476 I GoogleInputMethodService: GoogleInputMethodService.updateDeviceLockedStatus():2114 repeatCheckTimes = 0, unlocked = true
11-23 01:14:59.786  1476  1476 I GoogleInputMethodService: GoogleInputMethodService.onStartInput():1919 onStartInput(EditorInfo{inputType=0x0(NULL) imeOptions=0x0 privateImeOptions=null actionName=UNSPECIFIED actionLabel=null actionId=0 initialSelStart=-1 initialSelEnd=-1 initialCapsMode=0x0 hintText=null label=null packageName=com.ikost.tazecicek3 fieldId=-1 fieldName=null extras=null}, false)
11-23 01:14:59.786  1476  1476 I GoogleInputMethodService: GoogleInputMethodService.updateDeviceLockedStatus():2114 repeatCheckTimes = 2, unlocked = true
11-23 01:14:59.803   557  1119 D CoreBackPreview: Window{cf2ad92 u0 com.ikost.tazecicek3/com.google.android.gms.auth.api.signin.internal.SignInHubActivity}: Setting back callback null
11-23 01:14:59.804   557  1119 W InputManager-JNI: Input channel object 'cf2ad92 com.ikost.tazecicek3/com.google.android.gms.auth.api.signin.internal.SignInHubActivity (client)' was disposed without first being removed with the input manager!
11-23 01:15:00.026  1558  1749 I AiAiEcho: Predicting[0]: 
11-23 01:15:00.026  1558  1749 I AiAiEcho: Ranked targets strategy: SORT, count: 0, ranking metadata: 
11-23 01:15:00.027  1558  1749 I AiAiEcho: #postPredictionTargets: Sending updates to UISurface lockscreen with targets# 0
11-23 01:15:00.027  1558  1749 I AiAiEcho: #postPredictionTargets: Sending updates to UISurface home with targets# 0
11-23 01:15:00.027  1558  1749 I AiAiEcho: #postPredictionTargets: Sending updates to UISurface media_data_manager with targets# 0
11-23 01:15:00.028  1097  1097 E BcSmartspaceCard: No tap action can be set up
11-23 01:15:00.035 19272 19296 D EGL_emulation: app_time_stats: avg=10652.36ms min=10652.36ms max=10652.36ms count=1
11-23 01:15:00.114   557   568 W System  : A resource failed to call HardwareBuffer.close. 
11-23 01:15:00.114   557   568 W System  : A resource failed to call HardwareBuffer.close. 
11-23 01:15:00.114   557   568 W System  : A resource failed to call HardwareBuffer.close. 
11-23 01:15:00.114   557   568 W System  : A resource failed to call HardwareBuffer.close. 
11-23 01:15:00.114   557   568 W System  : A resource failed to call HardwareBuffer.close. 
11-23 01:15:00.114   557   568 W System  : A resource failed to call HardwareBuffer.close. 
11-23 01:15:00.114   557   568 W System  : A resource failed to call HardwareBuffer.close. 
11-23 01:15:00.114   557   568 W System  : A resource failed to call HardwareBuffer.close. 
11-23 01:15:00.114   557   568 W System  : A resource failed to call HardwareBuffer.close. 
11-23 01:15:00.682   557  1119 D CoreBackPreview: Window{f97708c u0 com.ikost.tazecicek3/com.ikost.tazecicek3.MainActivity}: Setting back callback null
11-23 01:15:00.684   557  1119 W InputManager-JNI: Input channel object 'f97708c com.ikost.tazecicek3/com.ikost.tazecicek3.MainActivity (client)' was disposed without first being removed with the input manager!
11-23 01:15:00.700   557   575 V WindowManager: Unknown focus tokens, dropping reportFocusChanged
11-23 01:15:00.718  1476  1476 I GoogleInputMethodService: GoogleInputMethodService.onFinishInput():3220 
11-23 01:15:00.719  1476  1476 I GoogleInputMethodService: GoogleInputMethodService.updateDeviceLockedStatus():2114 repeatCheckTimes = 0, unlocked = true
11-23 01:15:00.719  1476  1476 I GoogleInputMethodService: GoogleInputMethodService.onStartInput():1919 onStartInput(EditorInfo{inputType=0x0(NULL) imeOptions=0x0 privateImeOptions=null actionName=UNSPECIFIED actionLabel=null actionId=0 initialSelStart=-1 initialSelEnd=-1 initialCapsMode=0x0 hintText=null label=null packageName=com.ikost.tazecicek3 fieldId=-1 fieldName=null extras=null}, false)
11-23 01:15:00.719  1476  1476 I GoogleInputMethodService: GoogleInputMethodService.updateDeviceLockedStatus():2114 repeatCheckTimes = 2, unlocked = true
11-23 01:15:00.735  3058  3117 D EGL_emulation: app_time_stats: avg=47.70ms min=0.68ms max=709.34ms count=17
11-23 01:15:01.315   557   637 D ActivityManager: freezing 1280 com.google.android.settings.intelligence
11-23 01:15:09.388 19272 19296 D EGL_emulation: app_time_stats: avg=9352.49ms min=9352.49ms max=9352.49ms count=1
11-23 01:15:09.715 27061 27061 D BoundBrokerSvc: onUnbind: Intent { act=com.google.android.gms.measurement.START pkg=com.google.android.gms }
11-23 01:15:13.228 27061 27061 D BoundBrokerSvc: onUnbind: Intent { act=com.google.android.gms.people.service.START dat=chimera-action: cmp=com.google.android.gms/.chimera.GmsBoundBrokerService }
11-23 01:15:14.425 27061 27061 D BoundBrokerSvc: onUnbind: Intent { act=com.google.android.gms.signin.service.START dat=chimera-action: cmp=com.google.android.gms/.chimera.GmsApiService }
11-23 01:15:20.453   387   387 E android.hardware.power.stats@1.0-service-mock: Failed to getEnergyData
11-23 01:15:20.455  1476  2101 I PhenotypeProcessReaper: Memory state is: 200
11-23 01:15:29.379 19272 19296 D EGL_emulation: app_time_stats: avg=19991.49ms min=19991.49ms max=19991.49ms count=1
11-23 01:15:31.391   557   637 D ActivityManager: freezing 1888 com.google.process.gapps
11-23 01:15:35.704   557   582 I UsageStatsService: User[0] Flushing usage stats to disk
11-23 01:15:37.165   557   589 W BatteryExternalStatsWorker: error reading Bluetooth stats: 9
